Archive member included to satisfy reference by file (symbol)

c:/progra~1/raspbe~1/picosd~1.1/gcc-ar~1/bin/../lib/gcc/arm-none-eabi/10.3.1/../../../../arm-none-eabi/lib/thumb/v6-m/nofp\libm.a(lib_a-s_fmin.o)
                              CMakeFiles/SUPERGAMEPAD_RP2040.dir/lib/HOJA-LIB-RP2040/src/input/stick_scaling.c.obj (fmin)
c:/progra~1/raspbe~1/picosd~1.1/gcc-ar~1/bin/../lib/gcc/arm-none-eabi/10.3.1/../../../../arm-none-eabi/lib/thumb/v6-m/nofp\libm.a(lib_a-s_fpclassify.o)
                              c:/progra~1/raspbe~1/picosd~1.1/gcc-ar~1/bin/../lib/gcc/arm-none-eabi/10.3.1/../../../../arm-none-eabi/lib/thumb/v6-m/nofp\libm.a(lib_a-s_fmin.o) (__fpclassifyd)
c:/progra~1/raspbe~1/picosd~1.1/gcc-ar~1/bin/../lib/gcc/arm-none-eabi/10.3.1/thumb/v6-m/nofp\libgcc.a(_dvmd_tls.o)
                              CMakeFiles/SUPERGAMEPAD_RP2040.dir/C_/Program_Files/Raspberry_Pi/Pico_SDK_v1.5.1/pico-sdk/src/rp2_common/pico_divider/divider.S.obj (__aeabi_idiv0)
c:/progra~1/raspbe~1/picosd~1.1/gcc-ar~1/bin/../lib/gcc/arm-none-eabi/10.3.1/../../../../arm-none-eabi/lib/thumb/v6-m/nofp\libg.a(lib_a-calloc.o)
                              CMakeFiles/SUPERGAMEPAD_RP2040.dir/C_/Program_Files/Raspberry_Pi/Pico_SDK_v1.5.1/pico-sdk/src/rp2_common/pico_malloc/pico_malloc.c.obj (calloc)
c:/progra~1/raspbe~1/picosd~1.1/gcc-ar~1/bin/../lib/gcc/arm-none-eabi/10.3.1/../../../../arm-none-eabi/lib/thumb/v6-m/nofp\libg.a(lib_a-callocr.o)
                              c:/progra~1/raspbe~1/picosd~1.1/gcc-ar~1/bin/../lib/gcc/arm-none-eabi/10.3.1/../../../../arm-none-eabi/lib/thumb/v6-m/nofp\libg.a(lib_a-calloc.o) (_calloc_r)
c:/progra~1/raspbe~1/picosd~1.1/gcc-ar~1/bin/../lib/gcc/arm-none-eabi/10.3.1/../../../../arm-none-eabi/lib/thumb/v6-m/nofp\libg.a(lib_a-errno.o)
                              c:/progra~1/raspbe~1/picosd~1.1/gcc-ar~1/bin/../lib/gcc/arm-none-eabi/10.3.1/../../../../arm-none-eabi/lib/thumb/v6-m/nofp\libg.a(lib_a-callocr.o) (__errno)
c:/progra~1/raspbe~1/picosd~1.1/gcc-ar~1/bin/../lib/gcc/arm-none-eabi/10.3.1/../../../../arm-none-eabi/lib/thumb/v6-m/nofp\libg.a(lib_a-impure.o)
                              c:/progra~1/raspbe~1/picosd~1.1/gcc-ar~1/bin/../lib/gcc/arm-none-eabi/10.3.1/../../../../arm-none-eabi/lib/thumb/v6-m/nofp\libg.a(lib_a-calloc.o) (_impure_ptr)
c:/progra~1/raspbe~1/picosd~1.1/gcc-ar~1/bin/../lib/gcc/arm-none-eabi/10.3.1/../../../../arm-none-eabi/lib/thumb/v6-m/nofp\libg.a(lib_a-init.o)
                              c:/progra~1/raspbe~1/picosd~1.1/gcc-ar~1/bin/../lib/gcc/arm-none-eabi/10.3.1/../../../../arm-none-eabi/lib/thumb/v6-m/nofp/crt0.o (__libc_init_array)
c:/progra~1/raspbe~1/picosd~1.1/gcc-ar~1/bin/../lib/gcc/arm-none-eabi/10.3.1/../../../../arm-none-eabi/lib/thumb/v6-m/nofp\libg.a(lib_a-malloc.o)
                              CMakeFiles/SUPERGAMEPAD_RP2040.dir/C_/Program_Files/Raspberry_Pi/Pico_SDK_v1.5.1/pico-sdk/src/rp2_common/pico_malloc/pico_malloc.c.obj (malloc)
c:/progra~1/raspbe~1/picosd~1.1/gcc-ar~1/bin/../lib/gcc/arm-none-eabi/10.3.1/../../../../arm-none-eabi/lib/thumb/v6-m/nofp\libg.a(lib_a-mallocr.o)
                              c:/progra~1/raspbe~1/picosd~1.1/gcc-ar~1/bin/../lib/gcc/arm-none-eabi/10.3.1/../../../../arm-none-eabi/lib/thumb/v6-m/nofp\libg.a(lib_a-callocr.o) (_malloc_r)
c:/progra~1/raspbe~1/picosd~1.1/gcc-ar~1/bin/../lib/gcc/arm-none-eabi/10.3.1/../../../../arm-none-eabi/lib/thumb/v6-m/nofp\libg.a(lib_a-mlock.o)
                              c:/progra~1/raspbe~1/picosd~1.1/gcc-ar~1/bin/../lib/gcc/arm-none-eabi/10.3.1/../../../../arm-none-eabi/lib/thumb/v6-m/nofp\libg.a(lib_a-mallocr.o) (__malloc_lock)
c:/progra~1/raspbe~1/picosd~1.1/gcc-ar~1/bin/../lib/gcc/arm-none-eabi/10.3.1/../../../../arm-none-eabi/lib/thumb/v6-m/nofp\libg.a(lib_a-realloc.o)
                              CMakeFiles/SUPERGAMEPAD_RP2040.dir/C_/Program_Files/Raspberry_Pi/Pico_SDK_v1.5.1/pico-sdk/src/rp2_common/pico_malloc/pico_malloc.c.obj (realloc)
c:/progra~1/raspbe~1/picosd~1.1/gcc-ar~1/bin/../lib/gcc/arm-none-eabi/10.3.1/../../../../arm-none-eabi/lib/thumb/v6-m/nofp\libg.a(lib_a-reallocr.o)
                              c:/progra~1/raspbe~1/picosd~1.1/gcc-ar~1/bin/../lib/gcc/arm-none-eabi/10.3.1/../../../../arm-none-eabi/lib/thumb/v6-m/nofp\libg.a(lib_a-realloc.o) (_realloc_r)
c:/progra~1/raspbe~1/picosd~1.1/gcc-ar~1/bin/../lib/gcc/arm-none-eabi/10.3.1/../../../../arm-none-eabi/lib/thumb/v6-m/nofp\libg.a(lib_a-sbrkr.o)
                              c:/progra~1/raspbe~1/picosd~1.1/gcc-ar~1/bin/../lib/gcc/arm-none-eabi/10.3.1/../../../../arm-none-eabi/lib/thumb/v6-m/nofp\libg.a(lib_a-mallocr.o) (_sbrk_r)
c:/progra~1/raspbe~1/picosd~1.1/gcc-ar~1/bin/../lib/gcc/arm-none-eabi/10.3.1/../../../../arm-none-eabi/lib/thumb/v6-m/nofp\libg.a(lib_a-strlen-stub.o)
                              CMakeFiles/SUPERGAMEPAD_RP2040.dir/lib/HOJA-LIB-RP2040/src/usb/hoja_usb.c.obj (strlen)
[...]
Memory Configuration

Name             Origin             Length             Attributes
FLASH            0x10000000         0x00200000         xr
RAM              0x20000000         0x00040000         xrw
SCRATCH_X        0x20040000         0x00001000         xrw
SCRATCH_Y        0x20041000         0x00001000         xrw
*default*        0x00000000         0xffffffff

Linker script and memory map

LOAD c:/progra~1/raspbe~1/picosd~1.1/gcc-ar~1/bin/../lib/gcc/arm-none-eabi/10.3.1/thumb/v6-m/nofp/crti.o
LOAD c:/progra~1/raspbe~1/picosd~1.1/gcc-ar~1/bin/../lib/gcc/arm-none-eabi/10.3.1/thumb/v6-m/nofp/crtbegin.o
LOAD c:/progra~1/raspbe~1/picosd~1.1/gcc-ar~1/bin/../lib/gcc/arm-none-eabi/10.3.1/../../../../arm-none-eabi/lib/thumb/v6-m/nofp/crt0.o

.flash_begin    0x10000000        0x0
                0x10000000                __flash_binary_start = .

.boot2          0x10000000      0x100
                0x10000000                __boot2_start__ = .
 *(.boot2)
 .boot2         0x10000000      0x100 C:\Users\Mitch\AppData\Local\Temp\ccgXVHkY.o
                0x10000100                __boot2_end__ = .
                0x00000001                ASSERT (((__boot2_end__ - __boot2_start__) == 0x100), ERROR: Pico second stage bootloader must be 256 bytes in size)

.text           0x10000100    0x11ff0
                0x10000100                __logical_binary_start = .
 *(.vectors)
 .vectors       0x10000100       0xd4 CMakeFiles/SUPERGAMEPAD_RP2040.dir/C_/Program_Files/Raspberry_Pi/Pico_SDK_v1.5.1/pico-sdk/src/rp2_common/pico_standard_link/crt0.S.obj
                0x10000100                __VECTOR_TABLE
                0x10000100                __vectors
                0x100001c0                isr_invalid
                0x100001c0                __default_isrs_start
                0x100001c2                isr_nmi
                0x100001c4                isr_hardfault
                0x100001c6                isr_svcall
                0x100001c8                isr_pendsv
                0x100001ca                isr_systick
                0x100001cc                isr_irq23
                0x100001cc                isr_irq18
                0x100001cc                isr_irq11
                0x100001cc                isr_irq28
                0x100001cc                isr_irq19
                0x100001cc                isr_irq0
                0x100001cc                isr_irq6
                0x100001cc                isr_irq5
                0x100001cc                isr_irq12
                0x100001cc                isr_irq22
                0x100001cc                isr_irq31
                0x100001cc                isr_irq17
                0x100001cc                isr_irq27
                0x100001cc                isr_irq30
                0x100001cc                isr_irq2
                0x100001cc                isr_irq10
                0x100001cc                isr_irq8
                0x100001cc                isr_irq24
                0x100001cc                isr_irq1
                0x100001cc                isr_irq7
                0x100001cc                isr_irq21
                0x100001cc                isr_irq20
                0x100001cc                isr_irq15
                0x100001cc                isr_irq25
                0x100001cc                isr_irq13
                0x100001cc                __unhandled_user_irq
                0x100001cc                isr_irq4
                0x100001cc                isr_irq16
                0x100001cc                isr_irq29
                0x100001cc                isr_irq26
                0x100001cc                __default_isrs_end
                0x100001cc                isr_irq3
                0x100001cc                isr_irq14
                0x100001cc                isr_irq9
                0x100001d2                unhandled_user_irq_num_in_r0
 *(.binary_info_header)
 .binary_info_header
                0x100001d4       0x14 CMakeFiles/SUPERGAMEPAD_RP2040.dir/C_/Program_Files/Raspberry_Pi/Pico_SDK_v1.5.1/pico-sdk/src/rp2_common/pico_standard_link/crt0.S.obj
                0x100001e8                __binary_info_header_end = .
 *(.reset)
 .reset         0x100001e8       0xa0 CMakeFiles/SUPERGAMEPAD_RP2040.dir/C_/Program_Files/Raspberry_Pi/Pico_SDK_v1.5.1/pico-sdk/src/rp2_common/pico_standard_link/crt0.S.obj
                0x100001e8                _entry_point
 .reset         0x10000288       0x30 CMakeFiles/SUPERGAMEPAD_RP2040.dir/C_/Program_Files/Raspberry_Pi/Pico_SDK_v1.5.1/pico-sdk/src/rp2_common/pico_standard_link/binary_info.c.obj
 *(.init)
 .init          0x100002b8        0x4 c:/progra~1/raspbe~1/picosd~1.1/gcc-ar~1/bin/../lib/gcc/arm-none-eabi/10.3.1/thumb/v6-m/nofp/crti.o
                0x100002b8                _init
 *(EXCLUDE_FILE(*libm.a: *libc.a:*lib_a-mem*.o *libgcc.a:) .text*)
 .text          0x100002bc       0x48 c:/progra~1/raspbe~1/picosd~1.1/gcc-ar~1/bin/../lib/gcc/arm-none-eabi/10.3.1/thumb/v6-m/nofp/crtbegin.o
 .text.cb_hoja_get_battery_level
                0x10000304       0xb4 CMakeFiles/SUPERGAMEPAD_RP2040.dir/src/main.c.obj
                0x10000304                cb_hoja_get_battery_level
 .text._gpio_put_od
                0x100003b8       0x32 CMakeFiles/SUPERGAMEPAD_RP2040.dir/src/main.c.obj
                0x100003b8                _gpio_put_od
 *fill*         0x100003ea        0x2 
 .text.cb_hoja_baseband_update_loop
                0x100003ec       0x64 CMakeFiles/SUPERGAMEPAD_RP2040.dir/src/main.c.obj
                0x100003ec                cb_hoja_baseband_update_loop
 .text.cb_hoja_set_uart_enabled
                0x10000450       0x3e CMakeFiles/SUPERGAMEPAD_RP2040.dir/src/main.c.obj
                0x10000450                cb_hoja_set_uart_enabled
 .text.cb_hoja_set_bluetooth_enabled
                0x1000048e       0x1a CMakeFiles/SUPERGAMEPAD_RP2040.dir/src/main.c.obj
                0x1000048e                cb_hoja_set_bluetooth_enabled
 .text.cb_hoja_hardware_setup
                0x100004a8       0x34 CMakeFiles/SUPERGAMEPAD_RP2040.dir/src/main.c.obj
                0x100004a8                cb_hoja_hardware_setup
 .text.cb_hoja_read_buttons
                0x100004dc      0x1f6 CMakeFiles/SUPERGAMEPAD_RP2040.dir/src/main.c.obj
                0x100004dc                cb_hoja_read_buttons
 .text.cb_hoja_read_analog
                0x100006d2        0xe CMakeFiles/SUPERGAMEPAD_RP2040.dir/src/main.c.obj
                0x100006d2                cb_hoja_read_analog
 .text.cb_hoja_task_1_hook
                0x100006e0        0x2 CMakeFiles/SUPERGAMEPAD_RP2040.dir/src/main.c.obj
                0x100006e0                cb_hoja_task_1_hook
 *fill*         0x100006e2        0x2 
 .text.main     0x100006e4       0xa0 CMakeFiles/SUPERGAMEPAD_RP2040.dir/src/main.c.obj
                0x100006e4                main
 .text._hwtest_pinok
                0x10000784       0x7c CMakeFiles/SUPERGAMEPAD_RP2040.dir/src/app_hwtest.c.obj
                0x10000784                _hwtest_pinok
 .text._hwtest_data
                0x10000800        0xa CMakeFiles/SUPERGAMEPAD_RP2040.dir/src/app_hwtest.c.obj
                0x10000800                _hwtest_data
 .text._hwtest_latch
                0x1000080a        0xa CMakeFiles/SUPERGAMEPAD_RP2040.dir/src/app_hwtest.c.obj
                0x1000080a                _hwtest_latch
 .text._hwtest_clock
                0x10000814        0xa CMakeFiles/SUPERGAMEPAD_RP2040.dir/src/app_hwtest.c.obj
                0x10000814                _hwtest_clock
 .text._hwtest_bluetooth
                0x1000081e       0x20 CMakeFiles/SUPERGAMEPAD_RP2040.dir/src/app_hwtest.c.obj
                0x1000081e                _hwtest_bluetooth
 .text._hwtest_battery
                0x1000083e        0x8 CMakeFiles/SUPERGAMEPAD_RP2040.dir/src/app_hwtest.c.obj
                0x1000083e                _hwtest_battery
 .text._hwtest_rgb
                0x10000846        0x4 CMakeFiles/SUPERGAMEPAD_RP2040.dir/src/app_hwtest.c.obj
                0x10000846                _hwtest_rgb
 .text.cb_hoja_hardware_test
                0x1000084a       0x8e CMakeFiles/SUPERGAMEPAD_RP2040.dir/src/app_hwtest.c.obj
                0x1000084a                cb_hoja_hardware_test
 .text.cb_hoja_read_imu
                0x100008d8        0x2 CMakeFiles/SUPERGAMEPAD_RP2040.dir/lib/HOJA-LIB-RP2040/src/hoja.c.obj
                0x100008d8                cb_hoja_read_imu
 .text.cb_hoja_rumble_init
                0x100008da        0x2 CMakeFiles/SUPERGAMEPAD_RP2040.dir/lib/HOJA-LIB-RP2040/src/hoja.c.obj
                0x100008da                cb_hoja_rumble_init
 .text.cb_hoja_rumble_set
                0x100008dc        0x2 CMakeFiles/SUPERGAMEPAD_RP2040.dir/lib/HOJA-LIB-RP2040/src/hoja.c.obj
                0x100008dc                cb_hoja_rumble_set
 *fill*         0x100008de        0x2 
 .text.hoja_rumble_set
                0x100008e0       0x18 CMakeFiles/SUPERGAMEPAD_RP2040.dir/lib/HOJA-LIB-RP2040/src/hoja.c.obj
                0x100008e0                hoja_rumble_set
 .text.cb_hoja_rumble_test
                0x100008f8        0x2 CMakeFiles/SUPERGAMEPAD_RP2040.dir/lib/HOJA-LIB-RP2040/src/hoja.c.obj
                0x100008f8                cb_hoja_rumble_test
 *fill*         0x100008fa        0x2 
 .text._hoja_task_1
                0x100008fc       0x48 CMakeFiles/SUPERGAMEPAD_RP2040.dir/lib/HOJA-LIB-RP2040/src/hoja.c.obj
                0x100008fc                _hoja_task_1
 .text.cb_hoja_task_0_hook
                0x10000944        0x2 CMakeFiles/SUPERGAMEPAD_RP2040.dir/lib/HOJA-LIB-RP2040/src/hoja.c.obj
                0x10000944                cb_hoja_task_0_hook
 *fill*         0x10000946        0x2 
 .text.hoja_get_input_method
                0x10000948        0xc CMakeFiles/SUPERGAMEPAD_RP2040.dir/lib/HOJA-LIB-RP2040/src/hoja.c.obj
                0x10000948                hoja_get_input_method
 .text._hoja_set_idle_state
                0x10000954       0xc0 CMakeFiles/SUPERGAMEPAD_RP2040.dir/lib/HOJA-LIB-RP2040/src/hoja.c.obj
                0x10000954                _hoja_set_idle_state
 .text.hoja_get_idle_state
                0x10000a14        0xc CMakeFiles/SUPERGAMEPAD_RP2040.dir/lib/HOJA-LIB-RP2040/src/hoja.c.obj
                0x10000a14                hoja_get_idle_state
 .text.hoja_set_baseband_update
                0x10000a20       0x28 CMakeFiles/SUPERGAMEPAD_RP2040.dir/lib/HOJA-LIB-RP2040/src/hoja.c.obj
                0x10000a20                hoja_set_baseband_update
 .text.hoja_shutdown_instant
                0x10000a48       0x1a CMakeFiles/SUPERGAMEPAD_RP2040.dir/lib/HOJA-LIB-RP2040/src/hoja.c.obj
                0x10000a48                hoja_shutdown_instant
 *fill*         0x10000a62        0x2 
 .text.hoja_shutdown
                0x10000a64       0x20 CMakeFiles/SUPERGAMEPAD_RP2040.dir/lib/HOJA-LIB-RP2040/src/hoja.c.obj
                0x10000a64                hoja_shutdown
 .text._hoja_task_0
                0x10000a84      0x104 CMakeFiles/SUPERGAMEPAD_RP2040.dir/lib/HOJA-LIB-RP2040/src/hoja.c.obj
                0x10000a84                _hoja_task_0
 .text.hoja_init
                0x10000b88      0x208 CMakeFiles/SUPERGAMEPAD_RP2040.dir/lib/HOJA-LIB-RP2040/src/hoja.c.obj
                0x10000b88                hoja_init
 .text.hoja_setup_gpio_scan
                0x10000d90       0x20 CMakeFiles/SUPERGAMEPAD_RP2040.dir/lib/HOJA-LIB-RP2040/src/hoja.c.obj
                0x10000d90                hoja_setup_gpio_scan
 .text.hoja_setup_gpio_push
                0x10000db0       0x1e CMakeFiles/SUPERGAMEPAD_RP2040.dir/lib/HOJA-LIB-RP2040/src/hoja.c.obj
                0x10000db0                hoja_setup_gpio_push
 .text.hoja_setup_gpio_button
                0x10000dce       0x1e CMakeFiles/SUPERGAMEPAD_RP2040.dir/lib/HOJA-LIB-RP2040/src/hoja.c.obj
                0x10000dce                hoja_setup_gpio_button
 .text._settings_validate
                0x10000dec       0x2c CMakeFiles/SUPERGAMEPAD_RP2040.dir/lib/HOJA-LIB-RP2040/src/hoja_settings.c.obj
                0x10000dec                _settings_validate
 .text._settings_migrate
                0x10000e18      0x1b4 CMakeFiles/SUPERGAMEPAD_RP2040.dir/lib/HOJA-LIB-RP2040/src/hoja_settings.c.obj
                0x10000e18                _settings_migrate
 .text._settings_get_config_version
                0x10000fcc       0x24 CMakeFiles/SUPERGAMEPAD_RP2040.dir/lib/HOJA-LIB-RP2040/src/hoja_settings.c.obj
                0x10000fcc                _settings_get_config_version
 .text._generate_mac
                0x10000ff0       0x58 CMakeFiles/SUPERGAMEPAD_RP2040.dir/lib/HOJA-LIB-RP2040/src/hoja_settings.c.obj
                0x10000ff0                _generate_mac
 .text._settings_init_default
                0x10001048      0x20c CMakeFiles/SUPERGAMEPAD_RP2040.dir/lib/HOJA-LIB-RP2040/src/hoja_settings.c.obj
                0x10001048                _settings_init_default
 .text.settings_get_bank
                0x10001254        0xc CMakeFiles/SUPERGAMEPAD_RP2040.dir/lib/HOJA-LIB-RP2040/src/hoja_settings.c.obj
                0x10001254                settings_get_bank
 .text.settings_core1_save_check
                0x10001260       0xa0 CMakeFiles/SUPERGAMEPAD_RP2040.dir/lib/HOJA-LIB-RP2040/src/hoja_settings.c.obj
                0x10001260                settings_core1_save_check
 .text.settings_save_webindicate
                0x10001300        0xc CMakeFiles/SUPERGAMEPAD_RP2040.dir/lib/HOJA-LIB-RP2040/src/hoja_settings.c.obj
                0x10001300                settings_save_webindicate
 .text.settings_save
                0x1000130c        0xc CMakeFiles/SUPERGAMEPAD_RP2040.dir/lib/HOJA-LIB-RP2040/src/hoja_settings.c.obj
                0x1000130c                settings_save
 .text.settings_load
                0x10001318       0xf8 CMakeFiles/SUPERGAMEPAD_RP2040.dir/lib/HOJA-LIB-RP2040/src/hoja_settings.c.obj
                0x10001318                settings_load
 .text.settings_set_rumble
                0x10001410       0x1c CMakeFiles/SUPERGAMEPAD_RP2040.dir/lib/HOJA-LIB-RP2040/src/hoja_settings.c.obj
                0x10001410                settings_set_rumble
 .text.settings_set_deadzone
                0x1000142c       0x44 CMakeFiles/SUPERGAMEPAD_RP2040.dir/lib/HOJA-LIB-RP2040/src/hoja_settings.c.obj
                0x1000142c                settings_set_deadzone
 .text.settings_set_centers
                0x10001470       0x44 CMakeFiles/SUPERGAMEPAD_RP2040.dir/lib/HOJA-LIB-RP2040/src/hoja_settings.c.obj
                0x10001470                settings_set_centers
 .text.settings_set_mode
                0x100014b4       0x10 CMakeFiles/SUPERGAMEPAD_RP2040.dir/lib/HOJA-LIB-RP2040/src/hoja_settings.c.obj
                0x100014b4                settings_set_mode
 .text.hoja_comms_task
                0x100014c4       0x14 CMakeFiles/SUPERGAMEPAD_RP2040.dir/lib/HOJA-LIB-RP2040/src/hoja_comms.c.obj
                0x100014c4                hoja_comms_task
 .text.hoja_comms_current_mode
                0x100014d8        0xc CMakeFiles/SUPERGAMEPAD_RP2040.dir/lib/HOJA-LIB-RP2040/src/hoja_comms.c.obj
                0x100014d8                hoja_comms_current_mode
 .text.hoja_comms_init
                0x100014e4       0xc8 CMakeFiles/SUPERGAMEPAD_RP2040.dir/lib/HOJA-LIB-RP2040/src/hoja_comms.c.obj
                0x100014e4                hoja_comms_init
 .text.ws2812_program_init
                0x100015ac      0x154 CMakeFiles/SUPERGAMEPAD_RP2040.dir/lib/HOJA-LIB-RP2040/src/utilities/rgb.c.obj
 .text._rgb_set_dirty
                0x10001700        0xc CMakeFiles/SUPERGAMEPAD_RP2040.dir/lib/HOJA-LIB-RP2040/src/utilities/rgb.c.obj
                0x10001700                _rgb_set_dirty
 .text._rgbanim_cycleoffset_do
                0x1000170c       0xbc CMakeFiles/SUPERGAMEPAD_RP2040.dir/lib/HOJA-LIB-RP2040/src/utilities/rgb.c.obj
                0x1000170c                _rgbanim_cycleoffset_do
 .text.rgb_set_override
                0x100017c8       0x1c CMakeFiles/SUPERGAMEPAD_RP2040.dir/lib/HOJA-LIB-RP2040/src/utilities/rgb.c.obj
                0x100017c8                rgb_set_override
 .text._rgb_convert_hue_saturation
                0x100017e4       0x84 CMakeFiles/SUPERGAMEPAD_RP2040.dir/lib/HOJA-LIB-RP2040/src/utilities/rgb.c.obj
                0x100017e4                _rgb_convert_hue_saturation
 .text._rgb_set_color_brightness
                0x10001868       0xa4 CMakeFiles/SUPERGAMEPAD_RP2040.dir/lib/HOJA-LIB-RP2040/src/utilities/rgb.c.obj
                0x10001868                _rgb_set_color_brightness
 .text._rgb_normalize_output_power
                0x1000190c       0x88 CMakeFiles/SUPERGAMEPAD_RP2040.dir/lib/HOJA-LIB-RP2040/src/utilities/rgb.c.obj
                0x1000190c                _rgb_normalize_output_power
 .text._rgbanim_rainbowoffset_do
                0x10001994       0x8c CMakeFiles/SUPERGAMEPAD_RP2040.dir/lib/HOJA-LIB-RP2040/src/utilities/rgb.c.obj
                0x10001994                _rgbanim_rainbowoffset_do
 .text._rgb_update_all
                0x10001a20       0x28 CMakeFiles/SUPERGAMEPAD_RP2040.dir/lib/HOJA-LIB-RP2040/src/utilities/rgb.c.obj
                0x10001a20                _rgb_update_all
 .text._rgb_blend
                0x10001a48       0xb2 CMakeFiles/SUPERGAMEPAD_RP2040.dir/lib/HOJA-LIB-RP2040/src/utilities/rgb.c.obj
                0x10001a48                _rgb_blend
 *fill*         0x10001afa        0x2 
 .text.rgb_set_player
                0x10001afc       0x1c CMakeFiles/SUPERGAMEPAD_RP2040.dir/lib/HOJA-LIB-RP2040/src/utilities/rgb.c.obj
                0x10001afc                rgb_set_player
 .text._rgb_animate_step
                0x10001b18       0xd4 CMakeFiles/SUPERGAMEPAD_RP2040.dir/lib/HOJA-LIB-RP2040/src/utilities/rgb.c.obj
                0x10001b18                _rgb_animate_step
 .text._rgb_set_sequential
                0x10001bec       0x32 CMakeFiles/SUPERGAMEPAD_RP2040.dir/lib/HOJA-LIB-RP2040/src/utilities/rgb.c.obj
                0x10001bec                _rgb_set_sequential
 *fill*         0x10001c1e        0x2 
 .text._rgb_set_brightness
                0x10001c20       0x14 CMakeFiles/SUPERGAMEPAD_RP2040.dir/lib/HOJA-LIB-RP2040/src/utilities/rgb.c.obj
                0x10001c20                _rgb_set_brightness
 .text._rgb_set_all
                0x10001c34       0x30 CMakeFiles/SUPERGAMEPAD_RP2040.dir/lib/HOJA-LIB-RP2040/src/utilities/rgb.c.obj
                0x10001c34                _rgb_set_all
 .text._rgbanim_rainbow_do
                0x10001c64       0x34 CMakeFiles/SUPERGAMEPAD_RP2040.dir/lib/HOJA-LIB-RP2040/src/utilities/rgb.c.obj
                0x10001c64                _rgbanim_rainbow_do
 .text._rgbanim_cycle_do
                0x10001c98       0x88 CMakeFiles/SUPERGAMEPAD_RP2040.dir/lib/HOJA-LIB-RP2040/src/utilities/rgb.c.obj
                0x10001c98                _rgbanim_cycle_do
 .text._rgbanim_flash_do
                0x10001d20       0x4c CMakeFiles/SUPERGAMEPAD_RP2040.dir/lib/HOJA-LIB-RP2040/src/utilities/rgb.c.obj
                0x10001d20                _rgbanim_flash_do
 .text._rgb_indicate_override_do
                0x10001d6c       0x98 CMakeFiles/SUPERGAMEPAD_RP2040.dir/lib/HOJA-LIB-RP2040/src/utilities/rgb.c.obj
                0x10001d6c                _rgb_indicate_override_do
 .text._rgb_shutdown_start_override_do
                0x10001e04       0x4c CMakeFiles/SUPERGAMEPAD_RP2040.dir/lib/HOJA-LIB-RP2040/src/utilities/rgb.c.obj
                0x10001e04                _rgb_shutdown_start_override_do
 .text.rgb_set_group
                0x10001e50       0xfc CMakeFiles/SUPERGAMEPAD_RP2040.dir/lib/HOJA-LIB-RP2040/src/utilities/rgb.c.obj
                0x10001e50                rgb_set_group
 .text._rgb_preset_reload
                0x10001f4c       0x3c CMakeFiles/SUPERGAMEPAD_RP2040.dir/lib/HOJA-LIB-RP2040/src/utilities/rgb.c.obj
                0x10001f4c                _rgb_preset_reload
 .text._rgb_load_preset
                0x10001f88       0x10 CMakeFiles/SUPERGAMEPAD_RP2040.dir/lib/HOJA-LIB-RP2040/src/utilities/rgb.c.obj
                0x10001f88                _rgb_load_preset
 .text._rgbanim_preset_do
                0x10001f98       0x28 CMakeFiles/SUPERGAMEPAD_RP2040.dir/lib/HOJA-LIB-RP2040/src/utilities/rgb.c.obj
                0x10001f98                _rgbanim_preset_do
 .text.rgb_update_speed
                0x10001fc0       0x70 CMakeFiles/SUPERGAMEPAD_RP2040.dir/lib/HOJA-LIB-RP2040/src/utilities/rgb.c.obj
                0x10001fc0                rgb_update_speed
 .text.rgb_indicate
                0x10002030       0x24 CMakeFiles/SUPERGAMEPAD_RP2040.dir/lib/HOJA-LIB-RP2040/src/utilities/rgb.c.obj
                0x10002030                rgb_indicate
 .text.rgb_shutdown_start
                0x10002054       0x24 CMakeFiles/SUPERGAMEPAD_RP2040.dir/lib/HOJA-LIB-RP2040/src/utilities/rgb.c.obj
                0x10002054                rgb_shutdown_start
 .text.rgb_init
                0x10002078       0xdc CMakeFiles/SUPERGAMEPAD_RP2040.dir/lib/HOJA-LIB-RP2040/src/utilities/rgb.c.obj
                0x10002078                rgb_init
 .text.rgb_flash
                0x10002154       0x2c CMakeFiles/SUPERGAMEPAD_RP2040.dir/lib/HOJA-LIB-RP2040/src/utilities/rgb.c.obj
                0x10002154                rgb_flash
 .text.rgb_task
                0x10002180       0x70 CMakeFiles/SUPERGAMEPAD_RP2040.dir/lib/HOJA-LIB-RP2040/src/utilities/rgb.c.obj
                0x10002180                rgb_task
 .text.util_battery_comms_check
                0x100021f0       0xd4 CMakeFiles/SUPERGAMEPAD_RP2040.dir/lib/HOJA-LIB-RP2040/src/utilities/battery.c.obj
                0x100021f0                util_battery_comms_check
 .text.util_battery_enable_ship_mode
                0x100022c4       0xac CMakeFiles/SUPERGAMEPAD_RP2040.dir/lib/HOJA-LIB-RP2040/src/utilities/battery.c.obj
                0x100022c4                util_battery_enable_ship_mode
 .text.util_battery_set_charge_rate
                0x10002370       0xb4 CMakeFiles/SUPERGAMEPAD_RP2040.dir/lib/HOJA-LIB-RP2040/src/utilities/battery.c.obj
                0x10002370                util_battery_set_charge_rate
 .text.util_battery_get_level
                0x10002424       0x20 CMakeFiles/SUPERGAMEPAD_RP2040.dir/lib/HOJA-LIB-RP2040/src/utilities/battery.c.obj
                0x10002424                util_battery_get_level
 .text.util_battery_set_source
                0x10002444       0x80 CMakeFiles/SUPERGAMEPAD_RP2040.dir/lib/HOJA-LIB-RP2040/src/utilities/battery.c.obj
                0x10002444                util_battery_set_source
 .text.util_wire_connected
                0x100024c4       0xe8 CMakeFiles/SUPERGAMEPAD_RP2040.dir/lib/HOJA-LIB-RP2040/src/utilities/battery.c.obj
                0x100024c4                util_wire_connected
 .text.util_battery_monitor_task_usb
                0x100025ac       0xcc CMakeFiles/SUPERGAMEPAD_RP2040.dir/lib/HOJA-LIB-RP2040/src/utilities/battery.c.obj
                0x100025ac                util_battery_monitor_task_usb
 .text._software_reset
                0x10002678        0xe CMakeFiles/SUPERGAMEPAD_RP2040.dir/lib/HOJA-LIB-RP2040/src/utilities/reboot.c.obj
                0x10002678                _software_reset
 *fill*         0x10002686        0x2 
 .text._scratch_set
                0x10002688       0x14 CMakeFiles/SUPERGAMEPAD_RP2040.dir/lib/HOJA-LIB-RP2040/src/utilities/reboot.c.obj
                0x10002688                _scratch_set
 .text._scratch_get
                0x1000269c       0x24 CMakeFiles/SUPERGAMEPAD_RP2040.dir/lib/HOJA-LIB-RP2040/src/utilities/reboot.c.obj
                0x1000269c                _scratch_get
 .text.reboot_with_memory
                0x100026c0        0xe CMakeFiles/SUPERGAMEPAD_RP2040.dir/lib/HOJA-LIB-RP2040/src/utilities/reboot.c.obj
                0x100026c0                reboot_with_memory
 .text.reboot_get_memory
                0x100026ce        0xa CMakeFiles/SUPERGAMEPAD_RP2040.dir/lib/HOJA-LIB-RP2040/src/utilities/reboot.c.obj
                0x100026ce                reboot_get_memory
 .text.interval_run
                0x100026d8       0x26 CMakeFiles/SUPERGAMEPAD_RP2040.dir/lib/HOJA-LIB-RP2040/src/utilities/interval.c.obj
                0x100026d8                interval_run
 .text.interval_resettable_run
                0x100026fe       0x3a CMakeFiles/SUPERGAMEPAD_RP2040.dir/lib/HOJA-LIB-RP2040/src/utilities/interval.c.obj
                0x100026fe                interval_resettable_run
 .text.tud_descriptor_bos_cb
                0x10002738       0x1c CMakeFiles/SUPERGAMEPAD_RP2040.dir/lib/HOJA-LIB-RP2040/src/usb/desc_bos.c.obj
                0x10002738                tud_descriptor_bos_cb
 .text.tud_hid_ready
                0x10002754        0xa CMakeFiles/SUPERGAMEPAD_RP2040.dir/lib/HOJA-LIB-RP2040/src/usb/hoja_usb.c.obj
 *fill*         0x1000275e        0x2 
 .text.hoja_usb_set_usb_clear
                0x10002760       0x28 CMakeFiles/SUPERGAMEPAD_RP2040.dir/lib/HOJA-LIB-RP2040/src/usb/hoja_usb.c.obj
                0x10002760                hoja_usb_set_usb_clear
 .text.hoja_usb_unset_usb_clear
                0x10002788       0x28 CMakeFiles/SUPERGAMEPAD_RP2040.dir/lib/HOJA-LIB-RP2040/src/usb/hoja_usb.c.obj
                0x10002788                hoja_usb_unset_usb_clear
 .text.hoja_usb_get_usb_clear
                0x100027b0       0x4c CMakeFiles/SUPERGAMEPAD_RP2040.dir/lib/HOJA-LIB-RP2040/src/usb/hoja_usb.c.obj
                0x100027b0                hoja_usb_get_usb_clear
 .text.usbd_app_driver_get_cb
                0x100027fc       0x24 CMakeFiles/SUPERGAMEPAD_RP2040.dir/lib/HOJA-LIB-RP2040/src/usb/hoja_usb.c.obj
                0x100027fc                usbd_app_driver_get_cb
 .text._hoja_usb_set_interval
                0x10002820       0x44 CMakeFiles/SUPERGAMEPAD_RP2040.dir/lib/HOJA-LIB-RP2040/src/usb/hoja_usb.c.obj
                0x10002820                _hoja_usb_set_interval
 .text.hoja_usb_start
                0x10002864       0xb0 CMakeFiles/SUPERGAMEPAD_RP2040.dir/lib/HOJA-LIB-RP2040/src/usb/hoja_usb.c.obj
                0x10002864                hoja_usb_start
 .text.hoja_usb_task
                0x10002914       0xcc CMakeFiles/SUPERGAMEPAD_RP2040.dir/lib/HOJA-LIB-RP2040/src/usb/hoja_usb.c.obj
                0x10002914                hoja_usb_task
 .text.tud_descriptor_device_cb
                0x100029e0       0x38 CMakeFiles/SUPERGAMEPAD_RP2040.dir/lib/HOJA-LIB-RP2040/src/usb/hoja_usb.c.obj
                0x100029e0                tud_descriptor_device_cb
 .text.tud_descriptor_configuration_cb
                0x10002a18       0x38 CMakeFiles/SUPERGAMEPAD_RP2040.dir/lib/HOJA-LIB-RP2040/src/usb/hoja_usb.c.obj
                0x10002a18                tud_descriptor_configuration_cb
 .text.tud_hid_get_report_cb
                0x10002a50        0x4 CMakeFiles/SUPERGAMEPAD_RP2040.dir/lib/HOJA-LIB-RP2040/src/usb/hoja_usb.c.obj
                0x10002a50                tud_hid_get_report_cb
 .text.tud_hid_report_complete_cb
                0x10002a54       0x54 CMakeFiles/SUPERGAMEPAD_RP2040.dir/lib/HOJA-LIB-RP2040/src/usb/hoja_usb.c.obj
                0x10002a54                tud_hid_report_complete_cb
 .text.tud_hid_set_report_cb
                0x10002aa8       0xd8 CMakeFiles/SUPERGAMEPAD_RP2040.dir/lib/HOJA-LIB-RP2040/src/usb/hoja_usb.c.obj
                0x10002aa8                tud_hid_set_report_cb
 .text.tud_hid_descriptor_report_cb
                0x10002b80       0x2c CMakeFiles/SUPERGAMEPAD_RP2040.dir/lib/HOJA-LIB-RP2040/src/usb/hoja_usb.c.obj
                0x10002b80                tud_hid_descriptor_report_cb
 .text.tud_descriptor_string_cb
                0x10002bac       0x9c CMakeFiles/SUPERGAMEPAD_RP2040.dir/lib/HOJA-LIB-RP2040/src/usb/hoja_usb.c.obj
                0x10002bac                tud_descriptor_string_cb
 .text.tud_vendor_rx_cb
                0x10002c48       0x38 CMakeFiles/SUPERGAMEPAD_RP2040.dir/lib/HOJA-LIB-RP2040/src/usb/hoja_usb.c.obj
                0x10002c48                tud_vendor_rx_cb
 .text.tud_vendor_control_xfer_cb
                0x10002c80      0x100 CMakeFiles/SUPERGAMEPAD_RP2040.dir/lib/HOJA-LIB-RP2040/src/usb/hoja_usb.c.obj
                0x10002c80                tud_vendor_control_xfer_cb
 .text.dir_to_hat
                0x10002d80       0x88 CMakeFiles/SUPERGAMEPAD_RP2040.dir/lib/HOJA-LIB-RP2040/src/usb/hoja_usb.c.obj
                0x10002d80                dir_to_hat
 .text.xinputd_control_xfer_cb
                0x10002e08        0x4 CMakeFiles/SUPERGAMEPAD_RP2040.dir/lib/HOJA-LIB-RP2040/src/usb/xinput_device.c.obj
                0x10002e08                xinputd_control_xfer_cb
 .text.xinputd_reset
                0x10002e0c       0x14 CMakeFiles/SUPERGAMEPAD_RP2040.dir/lib/HOJA-LIB-RP2040/src/usb/xinput_device.c.obj
                0x10002e0c                xinputd_reset
 .text.xinputd_init
                0x10002e20        0xa CMakeFiles/SUPERGAMEPAD_RP2040.dir/lib/HOJA-LIB-RP2040/src/usb/xinput_device.c.obj
                0x10002e20                xinputd_init
 *fill*         0x10002e2a        0x2 
 .text.xinputd_open
                0x10002e2c       0x70 CMakeFiles/SUPERGAMEPAD_RP2040.dir/lib/HOJA-LIB-RP2040/src/usb/xinput_device.c.obj
                0x10002e2c                xinputd_open
 .text.xinputd_xfer_cb
                0x10002e9c       0x68 CMakeFiles/SUPERGAMEPAD_RP2040.dir/lib/HOJA-LIB-RP2040/src/usb/xinput_device.c.obj
                0x10002e9c                xinputd_xfer_cb
 .text.tud_xinput_getout
                0x10002f04       0x54 CMakeFiles/SUPERGAMEPAD_RP2040.dir/lib/HOJA-LIB-RP2040/src/usb/xinput_device.c.obj
                0x10002f04                tud_xinput_getout
 .text.tud_xinput_report
                0x10002f58       0x58 CMakeFiles/SUPERGAMEPAD_RP2040.dir/lib/HOJA-LIB-RP2040/src/usb/xinput_device.c.obj
                0x10002f58                tud_xinput_report
 .text.tud_xinput_ready
                0x10002fb0       0x48 CMakeFiles/SUPERGAMEPAD_RP2040.dir/lib/HOJA-LIB-RP2040/src/usb/xinput_device.c.obj
                0x10002fb0                tud_xinput_ready
 .text.ginputd_reset
                0x10002ff8       0x14 CMakeFiles/SUPERGAMEPAD_RP2040.dir/lib/HOJA-LIB-RP2040/src/usb/ginput_device.c.obj
                0x10002ff8                ginputd_reset
 .text.ginputd_init
                0x1000300c        0xa CMakeFiles/SUPERGAMEPAD_RP2040.dir/lib/HOJA-LIB-RP2040/src/usb/ginput_device.c.obj
                0x1000300c                ginputd_init
 *fill*         0x10003016        0x2 
 .text.ginputd_open
                0x10003018       0xc4 CMakeFiles/SUPERGAMEPAD_RP2040.dir/lib/HOJA-LIB-RP2040/src/usb/ginput_device.c.obj
                0x10003018                ginputd_open
 .text.ginputd_xfer_cb
                0x100030dc       0x84 CMakeFiles/SUPERGAMEPAD_RP2040.dir/lib/HOJA-LIB-RP2040/src/usb/ginput_device.c.obj
                0x100030dc                ginputd_xfer_cb
 .text.ginputd_control_xfer_cb
                0x10003160      0x28c CMakeFiles/SUPERGAMEPAD_RP2040.dir/lib/HOJA-LIB-RP2040/src/usb/ginput_device.c.obj
                0x10003160                ginputd_control_xfer_cb
 .text.tud_ginput_n_ready
                0x100033ec       0x50 CMakeFiles/SUPERGAMEPAD_RP2040.dir/lib/HOJA-LIB-RP2040/src/usb/ginput_device.c.obj
                0x100033ec                tud_ginput_n_ready
 .text.tud_ginput_ready
                0x1000343c        0xa CMakeFiles/SUPERGAMEPAD_RP2040.dir/lib/HOJA-LIB-RP2040/src/usb/ginput_device.c.obj
                0x1000343c                tud_ginput_ready
 *fill*         0x10003446        0x2 
 .text.tud_ginput_n_report
                0x10003448       0x94 CMakeFiles/SUPERGAMEPAD_RP2040.dir/lib/HOJA-LIB-RP2040/src/usb/ginput_device.c.obj
                0x10003448                tud_ginput_n_report
 .text.tud_ginput_report
                0x100034dc       0x10 CMakeFiles/SUPERGAMEPAD_RP2040.dir/lib/HOJA-LIB-RP2040/src/usb/ginput_device.c.obj
                0x100034dc                tud_ginput_report
 .text.switch_analog_encode
                0x100034ec       0x16 CMakeFiles/SUPERGAMEPAD_RP2040.dir/lib/HOJA-LIB-RP2040/src/switch/switch_analog.c.obj
                0x100034ec                switch_analog_encode
 *fill*         0x10003502        0x2 
 .text.switch_analog_calibration_init
                0x10003504       0x50 CMakeFiles/SUPERGAMEPAD_RP2040.dir/lib/HOJA-LIB-RP2040/src/switch/switch_analog.c.obj
                0x10003504                switch_analog_calibration_init
 .text.clear_report
                0x10003554       0x14 CMakeFiles/SUPERGAMEPAD_RP2040.dir/lib/HOJA-LIB-RP2040/src/switch/switch_commands.c.obj
                0x10003554                clear_report
 .text.set_report_id
                0x10003568        0xc CMakeFiles/SUPERGAMEPAD_RP2040.dir/lib/HOJA-LIB-RP2040/src/switch/switch_commands.c.obj
                0x10003568                set_report_id
 .text.set_ack  0x10003574        0xc CMakeFiles/SUPERGAMEPAD_RP2040.dir/lib/HOJA-LIB-RP2040/src/switch/switch_commands.c.obj
                0x10003574                set_ack
 .text.set_command
                0x10003580        0xc CMakeFiles/SUPERGAMEPAD_RP2040.dir/lib/HOJA-LIB-RP2040/src/switch/switch_commands.c.obj
                0x10003580                set_command
 .text.set_timer
                0x1000358c       0x28 CMakeFiles/SUPERGAMEPAD_RP2040.dir/lib/HOJA-LIB-RP2040/src/switch/switch_commands.c.obj
                0x1000358c                set_timer
 .text.set_battconn
                0x100035b4       0x14 CMakeFiles/SUPERGAMEPAD_RP2040.dir/lib/HOJA-LIB-RP2040/src/switch/switch_commands.c.obj
                0x100035b4                set_battconn
 .text.set_devinfo
                0x100035c8       0x20 CMakeFiles/SUPERGAMEPAD_RP2040.dir/lib/HOJA-LIB-RP2040/src/switch/switch_commands.c.obj
                0x100035c8                set_devinfo
 .text.set_sub_triggertime
                0x100035e8       0x24 CMakeFiles/SUPERGAMEPAD_RP2040.dir/lib/HOJA-LIB-RP2040/src/switch/switch_commands.c.obj
                0x100035e8                set_sub_triggertime
 .text._get_low_frequency
                0x1000360c       0x30 CMakeFiles/SUPERGAMEPAD_RP2040.dir/lib/HOJA-LIB-RP2040/src/switch/switch_commands.c.obj
                0x1000360c                _get_low_frequency
 .text._get_high_frequency
                0x1000363c       0x30 CMakeFiles/SUPERGAMEPAD_RP2040.dir/lib/HOJA-LIB-RP2040/src/switch/switch_commands.c.obj
                0x1000363c                _get_high_frequency
 .text._get_amplitude
                0x1000366c       0x24 CMakeFiles/SUPERGAMEPAD_RP2040.dir/lib/HOJA-LIB-RP2040/src/switch/switch_commands.c.obj
                0x1000366c                _get_amplitude
 .text.rumble_translate
                0x10003690      0x140 CMakeFiles/SUPERGAMEPAD_RP2040.dir/lib/HOJA-LIB-RP2040/src/switch/switch_commands.c.obj
                0x10003690                rumble_translate
 .text.info_set_mac
                0x100037d0       0x34 CMakeFiles/SUPERGAMEPAD_RP2040.dir/lib/HOJA-LIB-RP2040/src/switch/switch_commands.c.obj
                0x100037d0                info_set_mac
 .text.info_handler
                0x10003804       0x34 CMakeFiles/SUPERGAMEPAD_RP2040.dir/lib/HOJA-LIB-RP2040/src/switch/switch_commands.c.obj
                0x10003804                info_handler
 .text.pairing_set
                0x10003838       0xc0 CMakeFiles/SUPERGAMEPAD_RP2040.dir/lib/HOJA-LIB-RP2040/src/switch/switch_commands.c.obj
                0x10003838                pairing_set
 .text.command_handler
                0x100038f8      0x134 CMakeFiles/SUPERGAMEPAD_RP2040.dir/lib/HOJA-LIB-RP2040/src/switch/switch_commands.c.obj
                0x100038f8                command_handler
 .text.report_handler
                0x10003a2c       0x36 CMakeFiles/SUPERGAMEPAD_RP2040.dir/lib/HOJA-LIB-RP2040/src/switch/switch_commands.c.obj
                0x10003a2c                report_handler
 *fill*         0x10003a62        0x2 
 .text._unknown_thing
                0x10003a64       0x2c CMakeFiles/SUPERGAMEPAD_RP2040.dir/lib/HOJA-LIB-RP2040/src/switch/switch_commands.c.obj
                0x10003a64                _unknown_thing
 .text.switch_commands_process
                0x10003a90      0x1a0 CMakeFiles/SUPERGAMEPAD_RP2040.dir/lib/HOJA-LIB-RP2040/src/switch/switch_commands.c.obj
                0x10003a90                switch_commands_process
 .text.switch_commands_future_handle
                0x10003c30       0x28 CMakeFiles/SUPERGAMEPAD_RP2040.dir/lib/HOJA-LIB-RP2040/src/switch/switch_commands.c.obj
                0x10003c30                switch_commands_future_handle
 .text.switch_commands_bulkset
                0x10003c58       0x10 CMakeFiles/SUPERGAMEPAD_RP2040.dir/lib/HOJA-LIB-RP2040/src/switch/switch_commands.c.obj
                0x10003c58                switch_commands_bulkset
 .text.sw_spi_getaddressdata
                0x10003c68      0x18c CMakeFiles/SUPERGAMEPAD_RP2040.dir/lib/HOJA-LIB-RP2040/src/switch/switch_spi.c.obj
                0x10003c68                sw_spi_getaddressdata
 .text.sw_spi_readfromaddress
                0x10003df4       0x50 CMakeFiles/SUPERGAMEPAD_RP2040.dir/lib/HOJA-LIB-RP2040/src/switch/switch_spi.c.obj
                0x10003df4                sw_spi_readfromaddress
 .text.imu_pack_quat
                0x10003e44      0x1fc CMakeFiles/SUPERGAMEPAD_RP2040.dir/lib/HOJA-LIB-RP2040/src/input/imu.c.obj
                0x10003e44                imu_pack_quat
 .text._imu_rotate_quaternion
                0x10004040      0x146 CMakeFiles/SUPERGAMEPAD_RP2040.dir/lib/HOJA-LIB-RP2040/src/input/imu.c.obj
                0x10004040                _imu_rotate_quaternion
 .text._imu_quat_normalize
                0x10004186       0x7c CMakeFiles/SUPERGAMEPAD_RP2040.dir/lib/HOJA-LIB-RP2040/src/input/imu.c.obj
                0x10004186                _imu_quat_normalize
 *fill*         0x10004202        0x2 
 .text._imu_update_quaternion
                0x10004204      0x298 CMakeFiles/SUPERGAMEPAD_RP2040.dir/lib/HOJA-LIB-RP2040/src/input/imu.c.obj
                0x10004204                _imu_update_quaternion
 .text.imu_fifo_push
                0x1000449c       0xa8 CMakeFiles/SUPERGAMEPAD_RP2040.dir/lib/HOJA-LIB-RP2040/src/input/imu.c.obj
                0x1000449c                imu_fifo_push
 .text.imu_fifo_last
                0x10004544       0x38 CMakeFiles/SUPERGAMEPAD_RP2040.dir/lib/HOJA-LIB-RP2040/src/input/imu.c.obj
                0x10004544                imu_fifo_last
 .text._imu_average_value
                0x1000457c       0x30 CMakeFiles/SUPERGAMEPAD_RP2040.dir/lib/HOJA-LIB-RP2040/src/input/imu.c.obj
                0x1000457c                _imu_average_value
 .text.imu_calibrate_start
                0x100045ac       0xc4 CMakeFiles/SUPERGAMEPAD_RP2040.dir/lib/HOJA-LIB-RP2040/src/input/imu.c.obj
                0x100045ac                imu_calibrate_start
 .text.imu_calibrate_stop
                0x10004670       0x2c CMakeFiles/SUPERGAMEPAD_RP2040.dir/lib/HOJA-LIB-RP2040/src/input/imu.c.obj
                0x10004670                imu_calibrate_stop
 .text._imu_calibrate_task
                0x1000469c      0x160 CMakeFiles/SUPERGAMEPAD_RP2040.dir/lib/HOJA-LIB-RP2040/src/input/imu.c.obj
                0x1000469c                _imu_calibrate_task
 .text.imu_set_enabled
                0x100047fc        0xc CMakeFiles/SUPERGAMEPAD_RP2040.dir/lib/HOJA-LIB-RP2040/src/input/imu.c.obj
                0x100047fc                imu_set_enabled
 .text.imu_task
                0x10004808      0x158 CMakeFiles/SUPERGAMEPAD_RP2040.dir/lib/HOJA-LIB-RP2040/src/input/imu.c.obj
                0x10004808                imu_task
 .text._remap_load_remap
                0x10004960       0x60 CMakeFiles/SUPERGAMEPAD_RP2040.dir/lib/HOJA-LIB-RP2040/src/input/remap.c.obj
                0x10004960                _remap_load_remap
 .text._remap_pack_remap
                0x100049c0       0xda CMakeFiles/SUPERGAMEPAD_RP2040.dir/lib/HOJA-LIB-RP2040/src/input/remap.c.obj
                0x100049c0                _remap_pack_remap
 .text._remap_unpack_remap
                0x10004a9a       0x72 CMakeFiles/SUPERGAMEPAD_RP2040.dir/lib/HOJA-LIB-RP2040/src/input/remap.c.obj
                0x10004a9a                _remap_unpack_remap
 .text.remap_reset_default
                0x10004b0c       0x74 CMakeFiles/SUPERGAMEPAD_RP2040.dir/lib/HOJA-LIB-RP2040/src/input/remap.c.obj
                0x10004b0c                remap_reset_default
 .text.remap_init
                0x10004b80       0x5c CMakeFiles/SUPERGAMEPAD_RP2040.dir/lib/HOJA-LIB-RP2040/src/input/remap.c.obj
                0x10004b80                remap_init
 .text.remap_set_gc_sp
                0x10004bdc       0x10 CMakeFiles/SUPERGAMEPAD_RP2040.dir/lib/HOJA-LIB-RP2040/src/input/remap.c.obj
                0x10004bdc                remap_set_gc_sp
 .text.remap_listen_stop
                0x10004bec       0x20 CMakeFiles/SUPERGAMEPAD_RP2040.dir/lib/HOJA-LIB-RP2040/src/input/remap.c.obj
                0x10004bec                remap_listen_stop
 .text.remap_send_data_webusb
                0x10004c0c       0xf8 CMakeFiles/SUPERGAMEPAD_RP2040.dir/lib/HOJA-LIB-RP2040/src/input/remap.c.obj
                0x10004c0c                remap_send_data_webusb
 .text._remap_listener
                0x10004d04       0xec CMakeFiles/SUPERGAMEPAD_RP2040.dir/lib/HOJA-LIB-RP2040/src/input/remap.c.obj
                0x10004d04                _remap_listener
 .text.remap_listen_enable
                0x10004df0       0x40 CMakeFiles/SUPERGAMEPAD_RP2040.dir/lib/HOJA-LIB-RP2040/src/input/remap.c.obj
                0x10004df0                remap_listen_enable
 .text.remap_buttons_task
                0x10004e30      0x364 CMakeFiles/SUPERGAMEPAD_RP2040.dir/lib/HOJA-LIB-RP2040/src/input/remap.c.obj
                0x10004e30                remap_buttons_task
 .text.snapback_process
                0x10005194        0xe CMakeFiles/SUPERGAMEPAD_RP2040.dir/lib/HOJA-LIB-RP2040/src/input/snapback.c.obj
                0x10005194                snapback_process
 *fill*         0x100051a2        0x2 
 .text._snapback_add_value
                0x100051a4       0x30 CMakeFiles/SUPERGAMEPAD_RP2040.dir/lib/HOJA-LIB-RP2040/src/input/snapback.c.obj
                0x100051a4                _snapback_add_value
 .text.snapback_webcapture_task
                0x100051d4      0x118 CMakeFiles/SUPERGAMEPAD_RP2040.dir/lib/HOJA-LIB-RP2040/src/input/snapback.c.obj
                0x100051d4                snapback_webcapture_task
 .text._stick_sub_angle_scale
                0x100052ec       0x40 CMakeFiles/SUPERGAMEPAD_RP2040.dir/lib/HOJA-LIB-RP2040/src/input/stick_scaling.c.obj
                0x100052ec                _stick_sub_angle_scale
 .text._get_angle_distance
                0x1000532c       0x34 CMakeFiles/SUPERGAMEPAD_RP2040.dir/lib/HOJA-LIB-RP2040/src/input/stick_scaling.c.obj
                0x1000532c                _get_angle_distance
 .text._is_angle_between
                0x10005360       0x58 CMakeFiles/SUPERGAMEPAD_RP2040.dir/lib/HOJA-LIB-RP2040/src/input/stick_scaling.c.obj
                0x10005360                _is_angle_between
 .text._stick_get_processed_octant
                0x100053b8       0x38 CMakeFiles/SUPERGAMEPAD_RP2040.dir/lib/HOJA-LIB-RP2040/src/input/stick_scaling.c.obj
                0x100053b8                _stick_get_processed_octant
 .text._stick_get_octant
                0x100053f0       0x58 CMakeFiles/SUPERGAMEPAD_RP2040.dir/lib/HOJA-LIB-RP2040/src/input/stick_scaling.c.obj
                0x100053f0                _stick_get_octant
 .text._stick_angle_adjust
                0x10005448       0x3c CMakeFiles/SUPERGAMEPAD_RP2040.dir/lib/HOJA-LIB-RP2040/src/input/stick_scaling.c.obj
                0x10005448                _stick_angle_adjust
 .text.stick_get_angle
                0x10005484       0x70 CMakeFiles/SUPERGAMEPAD_RP2040.dir/lib/HOJA-LIB-RP2040/src/input/stick_scaling.c.obj
                0x10005484                stick_get_angle
 .text.stick_get_distance
                0x100054f4       0x56 CMakeFiles/SUPERGAMEPAD_RP2040.dir/lib/HOJA-LIB-RP2040/src/input/stick_scaling.c.obj
                0x100054f4                stick_get_distance
 *fill*         0x1000554a        0x2 
 .text.stick_normalized_vector
                0x1000554c       0x40 CMakeFiles/SUPERGAMEPAD_RP2040.dir/lib/HOJA-LIB-RP2040/src/input/stick_scaling.c.obj
                0x1000554c                stick_normalized_vector
 .text._stick_process_input
                0x1000558c      0x168 CMakeFiles/SUPERGAMEPAD_RP2040.dir/lib/HOJA-LIB-RP2040/src/input/stick_scaling.c.obj
                0x1000558c                _stick_process_input
 .text._precalculate_distance_scalers
                0x100056f4       0x24 CMakeFiles/SUPERGAMEPAD_RP2040.dir/lib/HOJA-LIB-RP2040/src/input/stick_scaling.c.obj
                0x100056f4                _precalculate_distance_scalers
 .text._precalculate_angle_scalers
                0x10005718       0x38 CMakeFiles/SUPERGAMEPAD_RP2040.dir/lib/HOJA-LIB-RP2040/src/input/stick_scaling.c.obj
                0x10005718                _precalculate_angle_scalers
 .text._precalculate_angle_substate
                0x10005750       0x7c CMakeFiles/SUPERGAMEPAD_RP2040.dir/lib/HOJA-LIB-RP2040/src/input/stick_scaling.c.obj
                0x10005750                _precalculate_angle_substate
 .text.stick_scaling_get_settings
                0x100057cc       0x40 CMakeFiles/SUPERGAMEPAD_RP2040.dir/lib/HOJA-LIB-RP2040/src/input/stick_scaling.c.obj
                0x100057cc                stick_scaling_get_settings
 .text.stick_scaling_set_settings
                0x1000580c       0x28 CMakeFiles/SUPERGAMEPAD_RP2040.dir/lib/HOJA-LIB-RP2040/src/input/stick_scaling.c.obj
                0x1000580c                stick_scaling_set_settings
 .text.stick_scaling_init
                0x10005834       0x60 CMakeFiles/SUPERGAMEPAD_RP2040.dir/lib/HOJA-LIB-RP2040/src/input/stick_scaling.c.obj
                0x10005834                stick_scaling_init
 .text.stick_scaling_reset_distances
                0x10005894       0x44 CMakeFiles/SUPERGAMEPAD_RP2040.dir/lib/HOJA-LIB-RP2040/src/input/stick_scaling.c.obj
                0x10005894                stick_scaling_reset_distances
 .text.stick_scaling_capture_distances
                0x100058d8      0x1bc CMakeFiles/SUPERGAMEPAD_RP2040.dir/lib/HOJA-LIB-RP2040/src/input/stick_scaling.c.obj
                0x100058d8                stick_scaling_capture_distances
 .text.stick_scaling_capture_center
                0x10005a94       0x2c CMakeFiles/SUPERGAMEPAD_RP2040.dir/lib/HOJA-LIB-RP2040/src/input/stick_scaling.c.obj
                0x10005a94                stick_scaling_capture_center
 .text.stick_scaling_get_octant_axis
                0x10005ac0       0xac CMakeFiles/SUPERGAMEPAD_RP2040.dir/lib/HOJA-LIB-RP2040/src/input/stick_scaling.c.obj
                0x10005ac0                stick_scaling_get_octant_axis
 .text.stick_scaling_get_octant_axis_offset
                0x10005b6c       0xd4 CMakeFiles/SUPERGAMEPAD_RP2040.dir/lib/HOJA-LIB-RP2040/src/input/stick_scaling.c.obj
                0x10005b6c                stick_scaling_get_octant_axis_offset
 .text.stick_scaling_capture_angle
                0x10005c40       0xfc CMakeFiles/SUPERGAMEPAD_RP2040.dir/lib/HOJA-LIB-RP2040/src/input/stick_scaling.c.obj
                0x10005c40                stick_scaling_capture_angle
 .text.stick_scaling_process_data
                0x10005d3c      0x168 CMakeFiles/SUPERGAMEPAD_RP2040.dir/lib/HOJA-LIB-RP2040/src/input/stick_scaling.c.obj
                0x10005d3c                stick_scaling_process_data
 .text.analog_send_reset
                0x10005ea4       0x24 CMakeFiles/SUPERGAMEPAD_RP2040.dir/lib/HOJA-LIB-RP2040/src/input/analog.c.obj
                0x10005ea4                analog_send_reset
 .text.analog_calibrate_start
                0x10005ec8       0x4c CMakeFiles/SUPERGAMEPAD_RP2040.dir/lib/HOJA-LIB-RP2040/src/input/analog.c.obj
                0x10005ec8                analog_calibrate_start
 .text.analog_init
                0x10005f14       0x40 CMakeFiles/SUPERGAMEPAD_RP2040.dir/lib/HOJA-LIB-RP2040/src/input/analog.c.obj
                0x10005f14                analog_init
 .text.analog_calibrate_stop
                0x10005f54       0x2c CMakeFiles/SUPERGAMEPAD_RP2040.dir/lib/HOJA-LIB-RP2040/src/input/analog.c.obj
                0x10005f54                analog_calibrate_stop
 .text.analog_calibrate_save
                0x10005f80       0x34 CMakeFiles/SUPERGAMEPAD_RP2040.dir/lib/HOJA-LIB-RP2040/src/input/analog.c.obj
                0x10005f80                analog_calibrate_save
 .text.analog_calibrate_angle
                0x10005fb4       0x10 CMakeFiles/SUPERGAMEPAD_RP2040.dir/lib/HOJA-LIB-RP2040/src/input/analog.c.obj
                0x10005fb4                analog_calibrate_angle
 .text._analog_calibrate_loop
                0x10005fc4       0x64 CMakeFiles/SUPERGAMEPAD_RP2040.dir/lib/HOJA-LIB-RP2040/src/input/analog.c.obj
                0x10005fc4                _analog_calibrate_loop
 .text._analog_distance_check
                0x10006028       0x4e CMakeFiles/SUPERGAMEPAD_RP2040.dir/lib/HOJA-LIB-RP2040/src/input/analog.c.obj
                0x10006028                _analog_distance_check
 *fill*         0x10006076        0x2 
 .text.analog_get_octoangle_data
                0x10006078       0x18 CMakeFiles/SUPERGAMEPAD_RP2040.dir/lib/HOJA-LIB-RP2040/src/input/analog.c.obj
                0x10006078                analog_get_octoangle_data
 .text.analog_get_subangle_data
                0x10006090       0x18 CMakeFiles/SUPERGAMEPAD_RP2040.dir/lib/HOJA-LIB-RP2040/src/input/analog.c.obj
                0x10006090                analog_get_subangle_data
 .text._analog_process_deadzone
                0x100060a8      0x244 CMakeFiles/SUPERGAMEPAD_RP2040.dir/lib/HOJA-LIB-RP2040/src/input/analog.c.obj
                0x100060a8                _analog_process_deadzone
 .text.analog_task
                0x100062ec       0xa8 CMakeFiles/SUPERGAMEPAD_RP2040.dir/lib/HOJA-LIB-RP2040/src/input/analog.c.obj
                0x100062ec                analog_task
 .text.triggers_scale_init
                0x10006394       0x58 CMakeFiles/SUPERGAMEPAD_RP2040.dir/lib/HOJA-LIB-RP2040/src/input/triggers.c.obj
                0x10006394                triggers_scale_init
 .text.macro_handler_task
                0x100063ec      0x108 CMakeFiles/SUPERGAMEPAD_RP2040.dir/lib/HOJA-LIB-RP2040/src/input/macros.c.obj
                0x100063ec                macro_handler_task
 .text.macro_safe_mode_check
                0x100064f4        0xc CMakeFiles/SUPERGAMEPAD_RP2040.dir/lib/HOJA-LIB-RP2040/src/input/macros.c.obj
                0x100064f4                macro_safe_mode_check
 .text.gcinput_hid_report
                0x10006500      0x45c CMakeFiles/SUPERGAMEPAD_RP2040.dir/lib/HOJA-LIB-RP2040/src/devices/gcinput.c.obj
                0x10006500                gcinput_hid_report
 .text.joybus_program_init
                0x1000695c      0x1a0 CMakeFiles/SUPERGAMEPAD_RP2040.dir/lib/HOJA-LIB-RP2040/src/devices/gamecube.c.obj
 .text._gamecube_isr_txdone
                0x10006afc       0x68 CMakeFiles/SUPERGAMEPAD_RP2040.dir/lib/HOJA-LIB-RP2040/src/devices/gamecube.c.obj
 .text._gamecube_send_probe
                0x10006b64       0x34 CMakeFiles/SUPERGAMEPAD_RP2040.dir/lib/HOJA-LIB-RP2040/src/devices/gamecube.c.obj
                0x10006b64                _gamecube_send_probe
 .text._gamecube_send_origin
                0x10006b98       0x9c CMakeFiles/SUPERGAMEPAD_RP2040.dir/lib/HOJA-LIB-RP2040/src/devices/gamecube.c.obj
                0x10006b98                _gamecube_send_origin
 .text._gamecube_send_poll
                0x10006c34       0xa0 CMakeFiles/SUPERGAMEPAD_RP2040.dir/lib/HOJA-LIB-RP2040/src/devices/gamecube.c.obj
                0x10006c34                _gamecube_send_poll
 .text._gamecube_reset_state
                0x10006cd4       0x5c CMakeFiles/SUPERGAMEPAD_RP2040.dir/lib/HOJA-LIB-RP2040/src/devices/gamecube.c.obj
                0x10006cd4                _gamecube_reset_state
 .text._gamecube_isr_handler
                0x10006d30       0x3c CMakeFiles/SUPERGAMEPAD_RP2040.dir/lib/HOJA-LIB-RP2040/src/devices/gamecube.c.obj
 .text.gamecube_comms_task
                0x10006d6c      0x660 CMakeFiles/SUPERGAMEPAD_RP2040.dir/lib/HOJA-LIB-RP2040/src/devices/gamecube.c.obj
                0x10006d6c                gamecube_comms_task
 .text.joybus_program_init
                0x100073cc      0x1a0 CMakeFiles/SUPERGAMEPAD_RP2040.dir/lib/HOJA-LIB-RP2040/src/devices/n64.c.obj
 .text._n64_isr_txdone
                0x1000756c       0x68 CMakeFiles/SUPERGAMEPAD_RP2040.dir/lib/HOJA-LIB-RP2040/src/devices/n64.c.obj
 .text._n64_iterate_crc
                0x100075d4        0xc CMakeFiles/SUPERGAMEPAD_RP2040.dir/lib/HOJA-LIB-RP2040/src/devices/n64.c.obj
                0x100075d4                _n64_iterate_crc
 .text._n64_send_rumble_identify
                0x100075e0       0x30 CMakeFiles/SUPERGAMEPAD_RP2040.dir/lib/HOJA-LIB-RP2040/src/devices/n64.c.obj
                0x100075e0                _n64_send_rumble_identify
 .text._n64_send_null_identify
                0x10007610       0x20 CMakeFiles/SUPERGAMEPAD_RP2040.dir/lib/HOJA-LIB-RP2040/src/devices/n64.c.obj
                0x10007610                _n64_send_null_identify
 .text._n64_send_probe
                0x10007630       0x34 CMakeFiles/SUPERGAMEPAD_RP2040.dir/lib/HOJA-LIB-RP2040/src/devices/n64.c.obj
                0x10007630                _n64_send_probe
 .text._n64_send_pak_write
                0x10007664       0x1c CMakeFiles/SUPERGAMEPAD_RP2040.dir/lib/HOJA-LIB-RP2040/src/devices/n64.c.obj
                0x10007664                _n64_send_pak_write
 .text._n64_send_poll
                0x10007680       0x5c CMakeFiles/SUPERGAMEPAD_RP2040.dir/lib/HOJA-LIB-RP2040/src/devices/n64.c.obj
                0x10007680                _n64_send_poll
 .text._n64_isr_handler
                0x100076dc       0x34 CMakeFiles/SUPERGAMEPAD_RP2040.dir/lib/HOJA-LIB-RP2040/src/devices/n64.c.obj
 .text._n64_reset_state
                0x10007710       0x5c CMakeFiles/SUPERGAMEPAD_RP2040.dir/lib/HOJA-LIB-RP2040/src/devices/n64.c.obj
                0x10007710                _n64_reset_state
 .text.n64_comms_task
                0x1000776c      0x24c CMakeFiles/SUPERGAMEPAD_RP2040.dir/lib/HOJA-LIB-RP2040/src/devices/n64.c.obj
                0x1000776c                n64_comms_task
 .text._nspi_isr_handler
                0x100079b8       0x78 CMakeFiles/SUPERGAMEPAD_RP2040.dir/lib/HOJA-LIB-RP2040/src/devices/nspi.c.obj
 .text.nspi_init
                0x10007a30      0x2c4 CMakeFiles/SUPERGAMEPAD_RP2040.dir/lib/HOJA-LIB-RP2040/src/devices/nspi.c.obj
                0x10007a30                nspi_init
 .text.nspi_comms_task
                0x10007cf4      0x190 CMakeFiles/SUPERGAMEPAD_RP2040.dir/lib/HOJA-LIB-RP2040/src/devices/nspi.c.obj
                0x10007cf4                nspi_comms_task
 .text.swpro_hid_report
                0x10007e84      0x16c CMakeFiles/SUPERGAMEPAD_RP2040.dir/lib/HOJA-LIB-RP2040/src/devices/swpro.c.obj
                0x10007e84                swpro_hid_report
 .text.webusb_output_enabled
                0x10007ff0        0xc CMakeFiles/SUPERGAMEPAD_RP2040.dir/lib/HOJA-LIB-RP2040/src/devices/webusb.c.obj
                0x10007ff0                webusb_output_enabled
 .text.webusb_enable_output
                0x10007ffc        0xc CMakeFiles/SUPERGAMEPAD_RP2040.dir/lib/HOJA-LIB-RP2040/src/devices/webusb.c.obj
                0x10007ffc                webusb_enable_output
 .text.webusb_ready_blocking
                0x10008008       0x3e CMakeFiles/SUPERGAMEPAD_RP2040.dir/lib/HOJA-LIB-RP2040/src/devices/webusb.c.obj
                0x10008008                webusb_ready_blocking
 *fill*         0x10008046        0x2 
 .text.webusb_input_report_task
                0x10008048      0x128 CMakeFiles/SUPERGAMEPAD_RP2040.dir/lib/HOJA-LIB-RP2040/src/devices/webusb.c.obj
                0x10008048                webusb_input_report_task
 .text.webusb_save_confirm
                0x10008170       0x48 CMakeFiles/SUPERGAMEPAD_RP2040.dir/lib/HOJA-LIB-RP2040/src/devices/webusb.c.obj
                0x10008170                webusb_save_confirm
 .text.webusb_command_processor
                0x100081b8      0x788 CMakeFiles/SUPERGAMEPAD_RP2040.dir/lib/HOJA-LIB-RP2040/src/devices/webusb.c.obj
                0x100081b8                webusb_command_processor
 .text.sign_axis
                0x10008940       0x54 CMakeFiles/SUPERGAMEPAD_RP2040.dir/lib/HOJA-LIB-RP2040/src/devices/xinput.c.obj
                0x10008940                sign_axis
 .text.xinput_hid_report
                0x10008994      0x17c CMakeFiles/SUPERGAMEPAD_RP2040.dir/lib/HOJA-LIB-RP2040/src/devices/xinput.c.obj
                0x10008994                xinput_hid_report
 .text.btinput_capability_reset_flag
                0x10008b10        0xc CMakeFiles/SUPERGAMEPAD_RP2040.dir/lib/HOJA-LIB-RP2040/src/devices/btinput.c.obj
                0x10008b10                btinput_capability_reset_flag
 .text.btinput_get_version
                0x10008b1c      0x130 CMakeFiles/SUPERGAMEPAD_RP2040.dir/lib/HOJA-LIB-RP2040/src/devices/btinput.c.obj
                0x10008b1c                btinput_get_version
 .text.btinput_init
                0x10008c4c      0x150 CMakeFiles/SUPERGAMEPAD_RP2040.dir/lib/HOJA-LIB-RP2040/src/devices/btinput.c.obj
                0x10008c4c                btinput_init
 .text._btinput_message_parse
                0x10008d9c      0x168 CMakeFiles/SUPERGAMEPAD_RP2040.dir/lib/HOJA-LIB-RP2040/src/devices/btinput.c.obj
                0x10008d9c                _btinput_message_parse
 .text.btinput_comms_task
                0x10008f04      0x1ec CMakeFiles/SUPERGAMEPAD_RP2040.dir/lib/HOJA-LIB-RP2040/src/devices/btinput.c.obj
                0x10008f04                btinput_comms_task
 .text.ds4_hid_report
                0x100090f0      0x1d4 CMakeFiles/SUPERGAMEPAD_RP2040.dir/lib/HOJA-LIB-RP2040/src/devices/ds4input.c.obj
                0x100090f0                ds4_hid_report
 .text.gpio_set_function
                0x100092c4       0x30 CMakeFiles/SUPERGAMEPAD_RP2040.dir/C_/Program_Files/Raspberry_Pi/Pico_SDK_v1.5.1/pico-sdk/src/rp2_common/hardware_gpio/gpio.c.obj
                0x100092c4                gpio_set_function
 .text.gpio_set_pulls
                0x100092f4       0x34 CMakeFiles/SUPERGAMEPAD_RP2040.dir/C_/Program_Files/Raspberry_Pi/Pico_SDK_v1.5.1/pico-sdk/src/rp2_common/hardware_gpio/gpio.c.obj
                0x100092f4                gpio_set_pulls
 .text.gpio_set_input_enabled
                0x10009328       0x30 CMakeFiles/SUPERGAMEPAD_RP2040.dir/C_/Program_Files/Raspberry_Pi/Pico_SDK_v1.5.1/pico-sdk/src/rp2_common/hardware_gpio/gpio.c.obj
                0x10009328                gpio_set_input_enabled
 .text.gpio_init
                0x10009358       0x16 CMakeFiles/SUPERGAMEPAD_RP2040.dir/C_/Program_Files/Raspberry_Pi/Pico_SDK_v1.5.1/pico-sdk/src/rp2_common/hardware_gpio/gpio.c.obj
                0x10009358                gpio_init
 *fill*         0x1000936e        0x2 
 .text.running_on_fpga
                0x10009370       0x14 CMakeFiles/SUPERGAMEPAD_RP2040.dir/C_/Program_Files/Raspberry_Pi/Pico_SDK_v1.5.1/pico-sdk/src/rp2_common/pico_platform/platform.c.obj
                0x10009370                running_on_fpga
 .text.hw_claim_lock
                0x10009384       0x18 CMakeFiles/SUPERGAMEPAD_RP2040.dir/C_/Program_Files/Raspberry_Pi/Pico_SDK_v1.5.1/pico-sdk/src/rp2_common/hardware_claim/claim.c.obj
                0x10009384                hw_claim_lock
 .text.hw_claim_unlock
                0x1000939c       0x14 CMakeFiles/SUPERGAMEPAD_RP2040.dir/C_/Program_Files/Raspberry_Pi/Pico_SDK_v1.5.1/pico-sdk/src/rp2_common/hardware_claim/claim.c.obj
                0x1000939c                hw_claim_unlock
 .text.hw_claim_or_assert
                0x100093b0       0x32 CMakeFiles/SUPERGAMEPAD_RP2040.dir/C_/Program_Files/Raspberry_Pi/Pico_SDK_v1.5.1/pico-sdk/src/rp2_common/hardware_claim/claim.c.obj
                0x100093b0                hw_claim_or_assert
 .text.hw_claim_unused_from_range
                0x100093e2       0x50 CMakeFiles/SUPERGAMEPAD_RP2040.dir/C_/Program_Files/Raspberry_Pi/Pico_SDK_v1.5.1/pico-sdk/src/rp2_common/hardware_claim/claim.c.obj
                0x100093e2                hw_claim_unused_from_range
 *fill*         0x10009432        0x2 
 .text.spin_locks_reset
                0x10009434       0x20 CMakeFiles/SUPERGAMEPAD_RP2040.dir/C_/Program_Files/Raspberry_Pi/Pico_SDK_v1.5.1/pico-sdk/src/rp2_common/hardware_sync/sync.c.obj
                0x10009434                spin_locks_reset
 .text.next_striped_spin_lock_num
                0x10009454       0x1c CMakeFiles/SUPERGAMEPAD_RP2040.dir/C_/Program_Files/Raspberry_Pi/Pico_SDK_v1.5.1/pico-sdk/src/rp2_common/hardware_sync/sync.c.obj
                0x10009454                next_striped_spin_lock_num
 .text.spin_lock_claim_unused
                0x10009470       0x20 CMakeFiles/SUPERGAMEPAD_RP2040.dir/C_/Program_Files/Raspberry_Pi/Pico_SDK_v1.5.1/pico-sdk/src/rp2_common/hardware_sync/sync.c.obj
                0x10009470                spin_lock_claim_unused
 .text.set_raw_irq_handler_and_unlock
                0x10009490       0x28 CMakeFiles/SUPERGAMEPAD_RP2040.dir/C_/Program_Files/Raspberry_Pi/Pico_SDK_v1.5.1/pico-sdk/src/rp2_common/hardware_irq/irq.c.obj
 .text.make_branch
                0x100094b8       0x48 CMakeFiles/SUPERGAMEPAD_RP2040.dir/C_/Program_Files/Raspberry_Pi/Pico_SDK_v1.5.1/pico-sdk/src/rp2_common/hardware_irq/irq.c.obj
 .text.insert_branch_and_link
                0x10009500       0x40 CMakeFiles/SUPERGAMEPAD_RP2040.dir/C_/Program_Files/Raspberry_Pi/Pico_SDK_v1.5.1/pico-sdk/src/rp2_common/hardware_irq/irq.c.obj
 .text.irq_is_enabled
                0x10009540       0x18 CMakeFiles/SUPERGAMEPAD_RP2040.dir/C_/Program_Files/Raspberry_Pi/Pico_SDK_v1.5.1/pico-sdk/src/rp2_common/hardware_irq/irq.c.obj
                0x10009540                irq_is_enabled
 .text.irq_set_mask_enabled
                0x10009558       0x20 CMakeFiles/SUPERGAMEPAD_RP2040.dir/C_/Program_Files/Raspberry_Pi/Pico_SDK_v1.5.1/pico-sdk/src/rp2_common/hardware_irq/irq.c.obj
                0x10009558                irq_set_mask_enabled
 .text.irq_set_enabled
                0x10009578        0xe CMakeFiles/SUPERGAMEPAD_RP2040.dir/C_/Program_Files/Raspberry_Pi/Pico_SDK_v1.5.1/pico-sdk/src/rp2_common/hardware_irq/irq.c.obj
                0x10009578                irq_set_enabled
 *fill*         0x10009586        0x2 
 .text.irq_get_vtable_handler
                0x10009588       0x10 CMakeFiles/SUPERGAMEPAD_RP2040.dir/C_/Program_Files/Raspberry_Pi/Pico_SDK_v1.5.1/pico-sdk/src/rp2_common/hardware_irq/irq.c.obj
                0x10009588                irq_get_vtable_handler
 .text.irq_set_exclusive_handler
                0x10009598       0x54 CMakeFiles/SUPERGAMEPAD_RP2040.dir/C_/Program_Files/Raspberry_Pi/Pico_SDK_v1.5.1/pico-sdk/src/rp2_common/hardware_irq/irq.c.obj
                0x10009598                irq_set_exclusive_handler
 .text.irq_add_shared_handler
                0x100095ec      0x234 CMakeFiles/SUPERGAMEPAD_RP2040.dir/C_/Program_Files/Raspberry_Pi/Pico_SDK_v1.5.1/pico-sdk/src/rp2_common/hardware_irq/irq.c.obj
                0x100095ec                irq_add_shared_handler
 .text.irq_remove_handler
                0x10009820      0x1ac CMakeFiles/SUPERGAMEPAD_RP2040.dir/C_/Program_Files/Raspberry_Pi/Pico_SDK_v1.5.1/pico-sdk/src/rp2_common/hardware_irq/irq.c.obj
                0x10009820                irq_remove_handler
 .text.irq_add_tail_to_free_list
                0x100099cc       0xf0 CMakeFiles/SUPERGAMEPAD_RP2040.dir/C_/Program_Files/Raspberry_Pi/Pico_SDK_v1.5.1/pico-sdk/src/rp2_common/hardware_irq/irq.c.obj
                0x100099cc                irq_add_tail_to_free_list
 .text.irq_init_priorities
                0x10009abc       0x1c CMakeFiles/SUPERGAMEPAD_RP2040.dir/C_/Program_Files/Raspberry_Pi/Pico_SDK_v1.5.1/pico-sdk/src/rp2_common/hardware_irq/irq.c.obj
                0x10009abc                irq_init_priorities
 .text.lock_init
                0x10009ad8       0x10 CMakeFiles/SUPERGAMEPAD_RP2040.dir/C_/Program_Files/Raspberry_Pi/Pico_SDK_v1.5.1/pico-sdk/src/common/pico_sync/lock_core.c.obj
                0x10009ad8                lock_init
 .text.mutex_init
                0x10009ae8       0x1a CMakeFiles/SUPERGAMEPAD_RP2040.dir/C_/Program_Files/Raspberry_Pi/Pico_SDK_v1.5.1/pico-sdk/src/common/pico_sync/mutex.c.obj
                0x10009ae8                mutex_init
 .text.recursive_mutex_init
                0x10009b02       0x1e CMakeFiles/SUPERGAMEPAD_RP2040.dir/C_/Program_Files/Raspberry_Pi/Pico_SDK_v1.5.1/pico-sdk/src/common/pico_sync/mutex.c.obj
                0x10009b02                recursive_mutex_init
 .text.critical_section_init_with_lock_num
                0x10009b20       0x14 CMakeFiles/SUPERGAMEPAD_RP2040.dir/C_/Program_Files/Raspberry_Pi/Pico_SDK_v1.5.1/pico-sdk/src/common/pico_sync/critical_section.c.obj
                0x10009b20                critical_section_init_with_lock_num
 .text.critical_section_init
                0x10009b34       0x14 CMakeFiles/SUPERGAMEPAD_RP2040.dir/C_/Program_Files/Raspberry_Pi/Pico_SDK_v1.5.1/pico-sdk/src/common/pico_sync/critical_section.c.obj
                0x10009b34                critical_section_init
 .text.alarm_pool_post_alloc_init
                0x10009b48       0x40 CMakeFiles/SUPERGAMEPAD_RP2040.dir/C_/Program_Files/Raspberry_Pi/Pico_SDK_v1.5.1/pico-sdk/src/common/pico_time/time.c.obj
 .text.sleep_until_callback
                0x10009b88       0x30 CMakeFiles/SUPERGAMEPAD_RP2040.dir/C_/Program_Files/Raspberry_Pi/Pico_SDK_v1.5.1/pico-sdk/src/common/pico_time/time.c.obj
 .text.timer_pool_entry_comparator
                0x10009bb8       0x7c CMakeFiles/SUPERGAMEPAD_RP2040.dir/C_/Program_Files/Raspberry_Pi/Pico_SDK_v1.5.1/pico-sdk/src/common/pico_time/time.c.obj
                0x10009bb8                timer_pool_entry_comparator
 .text.ph_add_child_node
                0x10009c34       0xa4 CMakeFiles/SUPERGAMEPAD_RP2040.dir/C_/Program_Files/Raspberry_Pi/Pico_SDK_v1.5.1/pico-sdk/src/common/pico_time/time.c.obj
 .text.ph_merge_nodes
                0x10009cd8       0x3e CMakeFiles/SUPERGAMEPAD_RP2040.dir/C_/Program_Files/Raspberry_Pi/Pico_SDK_v1.5.1/pico-sdk/src/common/pico_time/time.c.obj
 *fill*         0x10009d16        0x2 
 .text.add_alarm_under_lock
                0x10009d18      0x174 CMakeFiles/SUPERGAMEPAD_RP2040.dir/C_/Program_Files/Raspberry_Pi/Pico_SDK_v1.5.1/pico-sdk/src/common/pico_time/time.c.obj
 .text.alarm_pool_alarm_callback
                0x10009e8c      0x33c CMakeFiles/SUPERGAMEPAD_RP2040.dir/C_/Program_Files/Raspberry_Pi/Pico_SDK_v1.5.1/pico-sdk/src/common/pico_time/time.c.obj
 .text.alarm_pool_init_default
                0x1000a1c8       0x40 CMakeFiles/SUPERGAMEPAD_RP2040.dir/C_/Program_Files/Raspberry_Pi/Pico_SDK_v1.5.1/pico-sdk/src/common/pico_time/time.c.obj
                0x1000a1c8                alarm_pool_init_default
 .text.alarm_pool_get_default
                0x1000a208       0x2c CMakeFiles/SUPERGAMEPAD_RP2040.dir/C_/Program_Files/Raspberry_Pi/Pico_SDK_v1.5.1/pico-sdk/src/common/pico_time/time.c.obj
                0x1000a208                alarm_pool_get_default
 .text.alarm_pool_add_alarm_at
                0x1000a234      0x168 CMakeFiles/SUPERGAMEPAD_RP2040.dir/C_/Program_Files/Raspberry_Pi/Pico_SDK_v1.5.1/pico-sdk/src/common/pico_time/time.c.obj
                0x1000a234                alarm_pool_add_alarm_at
 .text.alarm_pool_cancel_alarm
                0x1000a39c       0xf8 CMakeFiles/SUPERGAMEPAD_RP2040.dir/C_/Program_Files/Raspberry_Pi/Pico_SDK_v1.5.1/pico-sdk/src/common/pico_time/time.c.obj
                0x1000a39c                alarm_pool_cancel_alarm
 .text.sleep_until
                0x1000a494       0xfc CMakeFiles/SUPERGAMEPAD_RP2040.dir/C_/Program_Files/Raspberry_Pi/Pico_SDK_v1.5.1/pico-sdk/src/common/pico_time/time.c.obj
                0x1000a494                sleep_until
 .text.sleep_us
                0x1000a590       0x58 CMakeFiles/SUPERGAMEPAD_RP2040.dir/C_/Program_Files/Raspberry_Pi/Pico_SDK_v1.5.1/pico-sdk/src/common/pico_time/time.c.obj
                0x1000a590                sleep_us
 .text.sleep_ms
                0x1000a5e8       0x14 CMakeFiles/SUPERGAMEPAD_RP2040.dir/C_/Program_Files/Raspberry_Pi/Pico_SDK_v1.5.1/pico-sdk/src/common/pico_time/time.c.obj
                0x1000a5e8                sleep_ms
 .text.best_effort_wfe_or_timeout
                0x1000a5fc       0xac CMakeFiles/SUPERGAMEPAD_RP2040.dir/C_/Program_Files/Raspberry_Pi/Pico_SDK_v1.5.1/pico-sdk/src/common/pico_time/time.c.obj
                0x1000a5fc                best_effort_wfe_or_timeout
 .text.check_single_timeout_us
                0x1000a6a8       0x2c CMakeFiles/SUPERGAMEPAD_RP2040.dir/C_/Program_Files/Raspberry_Pi/Pico_SDK_v1.5.1/pico-sdk/src/common/pico_time/timeout_helper.c.obj
 .text.init_single_timeout_until
                0x1000a6d4        0xc CMakeFiles/SUPERGAMEPAD_RP2040.dir/C_/Program_Files/Raspberry_Pi/Pico_SDK_v1.5.1/pico-sdk/src/common/pico_time/timeout_helper.c.obj
                0x1000a6d4                init_single_timeout_until
 .text.hardware_alarm_irq_handler
                0x1000a6e0       0x90 CMakeFiles/SUPERGAMEPAD_RP2040.dir/C_/Program_Files/Raspberry_Pi/Pico_SDK_v1.5.1/pico-sdk/src/rp2_common/hardware_timer/timer.c.obj
 .text.hardware_alarm_claim
                0x1000a770       0x18 CMakeFiles/SUPERGAMEPAD_RP2040.dir/C_/Program_Files/Raspberry_Pi/Pico_SDK_v1.5.1/pico-sdk/src/rp2_common/hardware_timer/timer.c.obj
                0x1000a770                hardware_alarm_claim
 .text.time_us_64
                0x1000a788       0x18 CMakeFiles/SUPERGAMEPAD_RP2040.dir/C_/Program_Files/Raspberry_Pi/Pico_SDK_v1.5.1/pico-sdk/src/rp2_common/hardware_timer/timer.c.obj
                0x1000a788                time_us_64
 .text.busy_wait_until
                0x1000a7a0       0x28 CMakeFiles/SUPERGAMEPAD_RP2040.dir/C_/Program_Files/Raspberry_Pi/Pico_SDK_v1.5.1/pico-sdk/src/rp2_common/hardware_timer/timer.c.obj
                0x1000a7a0                busy_wait_until
 .text.busy_wait_us
                0x1000a7c8       0x48 CMakeFiles/SUPERGAMEPAD_RP2040.dir/C_/Program_Files/Raspberry_Pi/Pico_SDK_v1.5.1/pico-sdk/src/rp2_common/hardware_timer/timer.c.obj
                0x1000a7c8                busy_wait_us
 .text.hardware_alarm_set_callback
                0x1000a810       0x90 CMakeFiles/SUPERGAMEPAD_RP2040.dir/C_/Program_Files/Raspberry_Pi/Pico_SDK_v1.5.1/pico-sdk/src/rp2_common/hardware_timer/timer.c.obj
                0x1000a810                hardware_alarm_set_callback
 .text.hardware_alarm_set_target
                0x1000a8a0       0xe8 CMakeFiles/SUPERGAMEPAD_RP2040.dir/C_/Program_Files/Raspberry_Pi/Pico_SDK_v1.5.1/pico-sdk/src/rp2_common/hardware_timer/timer.c.obj
                0x1000a8a0                hardware_alarm_set_target
 .text.hardware_alarm_cancel
                0x1000a988       0x40 CMakeFiles/SUPERGAMEPAD_RP2040.dir/C_/Program_Files/Raspberry_Pi/Pico_SDK_v1.5.1/pico-sdk/src/rp2_common/hardware_timer/timer.c.obj
                0x1000a988                hardware_alarm_cancel
 .text.ph_add_child_node
                0x1000a9c8       0xa4 CMakeFiles/SUPERGAMEPAD_RP2040.dir/C_/Program_Files/Raspberry_Pi/Pico_SDK_v1.5.1/pico-sdk/src/common/pico_util/pheap.c.obj
 .text.ph_merge_nodes
                0x1000aa6c       0x3e CMakeFiles/SUPERGAMEPAD_RP2040.dir/C_/Program_Files/Raspberry_Pi/Pico_SDK_v1.5.1/pico-sdk/src/common/pico_util/pheap.c.obj
 *fill*         0x1000aaaa        0x2 
 .text.ph_clear
                0x1000aaac       0x70 CMakeFiles/SUPERGAMEPAD_RP2040.dir/C_/Program_Files/Raspberry_Pi/Pico_SDK_v1.5.1/pico-sdk/src/common/pico_util/pheap.c.obj
                0x1000aaac                ph_clear
 .text.ph_post_alloc_init
                0x1000ab1c        0xe CMakeFiles/SUPERGAMEPAD_RP2040.dir/C_/Program_Files/Raspberry_Pi/Pico_SDK_v1.5.1/pico-sdk/src/common/pico_util/pheap.c.obj
                0x1000ab1c                ph_post_alloc_init
 *fill*         0x1000ab2a        0x2 
 .text.ph_merge_two_pass
                0x1000ab2c       0xa8 CMakeFiles/SUPERGAMEPAD_RP2040.dir/C_/Program_Files/Raspberry_Pi/Pico_SDK_v1.5.1/pico-sdk/src/common/pico_util/pheap.c.obj
                0x1000ab2c                ph_merge_two_pass
 .text.ph_remove_any_head
                0x1000abd4      0x128 CMakeFiles/SUPERGAMEPAD_RP2040.dir/C_/Program_Files/Raspberry_Pi/Pico_SDK_v1.5.1/pico-sdk/src/common/pico_util/pheap.c.obj
 .text.ph_remove_head
                0x1000acfc       0x14 CMakeFiles/SUPERGAMEPAD_RP2040.dir/C_/Program_Files/Raspberry_Pi/Pico_SDK_v1.5.1/pico-sdk/src/common/pico_util/pheap.c.obj
                0x1000acfc                ph_remove_head
 .text.ph_remove_and_free_node
                0x1000ad10       0xf8 CMakeFiles/SUPERGAMEPAD_RP2040.dir/C_/Program_Files/Raspberry_Pi/Pico_SDK_v1.5.1/pico-sdk/src/common/pico_util/pheap.c.obj
                0x1000ad10                ph_remove_and_free_node
 .text.uart_disable_before_lcr_write
                0x1000ae08       0x48 CMakeFiles/SUPERGAMEPAD_RP2040.dir/C_/Program_Files/Raspberry_Pi/Pico_SDK_v1.5.1/pico-sdk/src/rp2_common/hardware_uart/uart.c.obj
 .text.uart_write_lcr_bits_masked
                0x1000ae50       0x22 CMakeFiles/SUPERGAMEPAD_RP2040.dir/C_/Program_Files/Raspberry_Pi/Pico_SDK_v1.5.1/pico-sdk/src/rp2_common/hardware_uart/uart.c.obj
 *fill*         0x1000ae72        0x2 
 .text.uart_set_baudrate
                0x1000ae74       0x5c CMakeFiles/SUPERGAMEPAD_RP2040.dir/C_/Program_Files/Raspberry_Pi/Pico_SDK_v1.5.1/pico-sdk/src/rp2_common/hardware_uart/uart.c.obj
                0x1000ae74                uart_set_baudrate
 .text.uart_set_format
                0x1000aed0       0x2c CMakeFiles/SUPERGAMEPAD_RP2040.dir/C_/Program_Files/Raspberry_Pi/Pico_SDK_v1.5.1/pico-sdk/src/rp2_common/hardware_uart/uart.c.obj
                0x1000aed0                uart_set_format
 .text.uart_set_translate_crlf
                0x1000aefc       0x28 CMakeFiles/SUPERGAMEPAD_RP2040.dir/C_/Program_Files/Raspberry_Pi/Pico_SDK_v1.5.1/pico-sdk/src/rp2_common/hardware_uart/uart.c.obj
                0x1000aefc                uart_set_translate_crlf
 .text.uart_init
                0x1000af24       0x80 CMakeFiles/SUPERGAMEPAD_RP2040.dir/C_/Program_Files/Raspberry_Pi/Pico_SDK_v1.5.1/pico-sdk/src/rp2_common/hardware_uart/uart.c.obj
                0x1000af24                uart_init
 .text.clock_configure
                0x1000afa4      0x108 CMakeFiles/SUPERGAMEPAD_RP2040.dir/C_/Program_Files/Raspberry_Pi/Pico_SDK_v1.5.1/pico-sdk/src/rp2_common/hardware_clocks/clocks.c.obj
                0x1000afa4                clock_configure
 .text.clocks_init
                0x1000b0ac      0x100 CMakeFiles/SUPERGAMEPAD_RP2040.dir/C_/Program_Files/Raspberry_Pi/Pico_SDK_v1.5.1/pico-sdk/src/rp2_common/hardware_clocks/clocks.c.obj
                0x1000b0ac                clocks_init
 .text.clock_get_hz
                0x1000b1ac        0xc CMakeFiles/SUPERGAMEPAD_RP2040.dir/C_/Program_Files/Raspberry_Pi/Pico_SDK_v1.5.1/pico-sdk/src/rp2_common/hardware_clocks/clocks.c.obj
                0x1000b1ac                clock_get_hz
 .text.pll_init
                0x1000b1b8      0x120 CMakeFiles/SUPERGAMEPAD_RP2040.dir/C_/Program_Files/Raspberry_Pi/Pico_SDK_v1.5.1/pico-sdk/src/rp2_common/hardware_pll/pll.c.obj
                0x1000b1b8                pll_init
 .text.watchdog_start_tick
                0x1000b2d8       0x10 CMakeFiles/SUPERGAMEPAD_RP2040.dir/C_/Program_Files/Raspberry_Pi/Pico_SDK_v1.5.1/pico-sdk/src/rp2_common/hardware_watchdog/watchdog.c.obj
                0x1000b2d8                watchdog_start_tick
 .text.watchdog_update
                0x1000b2e8       0x14 CMakeFiles/SUPERGAMEPAD_RP2040.dir/C_/Program_Files/Raspberry_Pi/Pico_SDK_v1.5.1/pico-sdk/src/rp2_common/hardware_watchdog/watchdog.c.obj
                0x1000b2e8                watchdog_update
 .text._watchdog_enable
                0x1000b2fc       0x78 CMakeFiles/SUPERGAMEPAD_RP2040.dir/C_/Program_Files/Raspberry_Pi/Pico_SDK_v1.5.1/pico-sdk/src/rp2_common/hardware_watchdog/watchdog.c.obj
                0x1000b2fc                _watchdog_enable
 .text.watchdog_enable
                0x1000b374       0x18 CMakeFiles/SUPERGAMEPAD_RP2040.dir/C_/Program_Files/Raspberry_Pi/Pico_SDK_v1.5.1/pico-sdk/src/rp2_common/hardware_watchdog/watchdog.c.obj
                0x1000b374                watchdog_enable
 .text.watchdog_reboot
                0x1000b38c       0x48 CMakeFiles/SUPERGAMEPAD_RP2040.dir/C_/Program_Files/Raspberry_Pi/Pico_SDK_v1.5.1/pico-sdk/src/rp2_common/hardware_watchdog/watchdog.c.obj
                0x1000b38c                watchdog_reboot
 .text.xosc_init
                0x1000b3d4       0x2c CMakeFiles/SUPERGAMEPAD_RP2040.dir/C_/Program_Files/Raspberry_Pi/Pico_SDK_v1.5.1/pico-sdk/src/rp2_common/hardware_xosc/xosc.c.obj
                0x1000b3d4                xosc_init
 .text._exit    0x1000b400        0x4 CMakeFiles/SUPERGAMEPAD_RP2040.dir/C_/Program_Files/Raspberry_Pi/Pico_SDK_v1.5.1/pico-sdk/src/rp2_common/pico_runtime/runtime.c.obj
                0x1000b400                _exit
 .text.exit     0x1000b404        0x6 CMakeFiles/SUPERGAMEPAD_RP2040.dir/C_/Program_Files/Raspberry_Pi/Pico_SDK_v1.5.1/pico-sdk/src/rp2_common/pico_runtime/runtime.c.obj
                0x1000b404                exit
 *fill*         0x1000b40a        0x2 
 .text.__assert_func
                0x1000b40c       0x3c CMakeFiles/SUPERGAMEPAD_RP2040.dir/C_/Program_Files/Raspberry_Pi/Pico_SDK_v1.5.1/pico-sdk/src/rp2_common/pico_runtime/runtime.c.obj
                0x1000b40c                __assert_func
 .text.runtime_init
                0x1000b448       0xf8 CMakeFiles/SUPERGAMEPAD_RP2040.dir/C_/Program_Files/Raspberry_Pi/Pico_SDK_v1.5.1/pico-sdk/src/rp2_common/pico_runtime/runtime.c.obj
                0x1000b448                runtime_init
 .text.panic    0x1000b540       0x30 CMakeFiles/SUPERGAMEPAD_RP2040.dir/C_/Program_Files/Raspberry_Pi/Pico_SDK_v1.5.1/pico-sdk/src/rp2_common/pico_runtime/runtime.c.obj
                0x1000b540                panic
 .text._out_null
                0x1000b570        0x2 CMakeFiles/SUPERGAMEPAD_RP2040.dir/C_/Program_Files/Raspberry_Pi/Pico_SDK_v1.5.1/pico-sdk/src/rp2_common/pico_printf/printf.c.obj
 .text._out_fct
                0x1000b572        0xe CMakeFiles/SUPERGAMEPAD_RP2040.dir/C_/Program_Files/Raspberry_Pi/Pico_SDK_v1.5.1/pico-sdk/src/rp2_common/pico_printf/printf.c.obj
 .text._atoi    0x1000b580       0x24 CMakeFiles/SUPERGAMEPAD_RP2040.dir/C_/Program_Files/Raspberry_Pi/Pico_SDK_v1.5.1/pico-sdk/src/rp2_common/pico_printf/printf.c.obj
 .text._out_rev
                0x1000b5a4       0xae CMakeFiles/SUPERGAMEPAD_RP2040.dir/C_/Program_Files/Raspberry_Pi/Pico_SDK_v1.5.1/pico-sdk/src/rp2_common/pico_printf/printf.c.obj
 .text._ntoa_format
                0x1000b652      0x112 CMakeFiles/SUPERGAMEPAD_RP2040.dir/C_/Program_Files/Raspberry_Pi/Pico_SDK_v1.5.1/pico-sdk/src/rp2_common/pico_printf/printf.c.obj
 .text._ntoa_long
                0x1000b764       0xbc CMakeFiles/SUPERGAMEPAD_RP2040.dir/C_/Program_Files/Raspberry_Pi/Pico_SDK_v1.5.1/pico-sdk/src/rp2_common/pico_printf/printf.c.obj
 .text._ntoa_long_long
                0x1000b820       0xe2 CMakeFiles/SUPERGAMEPAD_RP2040.dir/C_/Program_Files/Raspberry_Pi/Pico_SDK_v1.5.1/pico-sdk/src/rp2_common/pico_printf/printf.c.obj
 *fill*         0x1000b902        0x2 
 .text._etoa    0x1000b904      0x414 CMakeFiles/SUPERGAMEPAD_RP2040.dir/C_/Program_Files/Raspberry_Pi/Pico_SDK_v1.5.1/pico-sdk/src/rp2_common/pico_printf/printf.c.obj
 .text._ftoa    0x1000bd18      0x354 CMakeFiles/SUPERGAMEPAD_RP2040.dir/C_/Program_Files/Raspberry_Pi/Pico_SDK_v1.5.1/pico-sdk/src/rp2_common/pico_printf/printf.c.obj
 .text._vsnprintf
                0x1000c06c      0x624 CMakeFiles/SUPERGAMEPAD_RP2040.dir/C_/Program_Files/Raspberry_Pi/Pico_SDK_v1.5.1/pico-sdk/src/rp2_common/pico_printf/printf.c.obj
 .text.vfctprintf
                0x1000c690       0x20 CMakeFiles/SUPERGAMEPAD_RP2040.dir/C_/Program_Files/Raspberry_Pi/Pico_SDK_v1.5.1/pico-sdk/src/rp2_common/pico_printf/printf.c.obj
                0x1000c690                vfctprintf
 .text          0x1000c6b0       0x10 CMakeFiles/SUPERGAMEPAD_RP2040.dir/C_/Program_Files/Raspberry_Pi/Pico_SDK_v1.5.1/pico-sdk/src/rp2_common/pico_bit_ops/bit_ops_aeabi.S.obj
 .text.rom_func_lookup
                0x1000c6c0       0x10 CMakeFiles/SUPERGAMEPAD_RP2040.dir/C_/Program_Files/Raspberry_Pi/Pico_SDK_v1.5.1/pico-sdk/src/rp2_common/pico_bootrom/bootrom.c.obj
                0x1000c6c0                rom_func_lookup
 .text.rom_data_lookup
                0x1000c6d0       0x10 CMakeFiles/SUPERGAMEPAD_RP2040.dir/C_/Program_Files/Raspberry_Pi/Pico_SDK_v1.5.1/pico-sdk/src/rp2_common/pico_bootrom/bootrom.c.obj
                0x1000c6d0                rom_data_lookup
 .text.rom_funcs_lookup
                0x1000c6e0       0x36 CMakeFiles/SUPERGAMEPAD_RP2040.dir/C_/Program_Files/Raspberry_Pi/Pico_SDK_v1.5.1/pico-sdk/src/rp2_common/pico_bootrom/bootrom.c.obj
                0x1000c6e0                rom_funcs_lookup
 *fill*         0x1000c716        0x2 
 .text.__wrap___aeabi_idiv
                0x1000c718       0x50 CMakeFiles/SUPERGAMEPAD_RP2040.dir/C_/Program_Files/Raspberry_Pi/Pico_SDK_v1.5.1/pico-sdk/src/rp2_common/pico_divider/divider.S.obj
                0x1000c718                __wrap___aeabi_idivmod
                0x1000c718                divmod_s32s32
                0x1000c718                div_s32s32
                0x1000c718                __wrap___aeabi_idiv
                0x1000c720                divmod_s32s32_unsafe
                0x1000c74c                divmod_s32s32_savestate
 .text.__wrap___aeabi_uidiv
                0x1000c768       0x4c CMakeFiles/SUPERGAMEPAD_RP2040.dir/C_/Program_Files/Raspberry_Pi/Pico_SDK_v1.5.1/pico-sdk/src/rp2_common/pico_divider/divider.S.obj
                0x1000c768                __wrap___aeabi_uidiv
                0x1000c768                __wrap___aeabi_uidivmod
                0x1000c768                div_u32u32
                0x1000c768                divmod_u32u32
                0x1000c770                divmod_u32u32_unsafe
                0x1000c798                divmod_u32u32_savestate
 .text.__wrap___aeabi_ldiv
                0x1000c7b4      0x424 CMakeFiles/SUPERGAMEPAD_RP2040.dir/C_/Program_Files/Raspberry_Pi/Pico_SDK_v1.5.1/pico-sdk/src/rp2_common/pico_divider/divider.S.obj
                0x1000c7b4                div_s64s64
                0x1000c7b4                divmod_s64s64
                0x1000c7b4                __wrap___aeabi_ldivmod
                0x1000c7e4                divmod_u64u64
                0x1000c7e4                div_u64u64
                0x1000c7e4                __wrap___aeabi_uldivmod
                0x1000c7f4                divmod_u64u64_savestate
                0x1000c814                divmod_s64s64_unsafe
                0x1000c89c                divmod_u64u64_unsafe
 .text.push_r8_r11
                0x1000cbd8        0xc CMakeFiles/SUPERGAMEPAD_RP2040.dir/C_/Program_Files/Raspberry_Pi/Pico_SDK_v1.5.1/pico-sdk/src/rp2_common/pico_double/double_aeabi.S.obj
                0x1000cbd8                push_r8_r11
 .text.pop_r8_r11
                0x1000cbe4        0xc CMakeFiles/SUPERGAMEPAD_RP2040.dir/C_/Program_Files/Raspberry_Pi/Pico_SDK_v1.5.1/pico-sdk/src/rp2_common/pico_double/double_aeabi.S.obj
                0x1000cbe4                pop_r8_r11
 .text.__wrap___aeabi_darithmetic
                0x1000cbf0       0x80 CMakeFiles/SUPERGAMEPAD_RP2040.dir/C_/Program_Files/Raspberry_Pi/Pico_SDK_v1.5.1/pico-sdk/src/rp2_common/pico_double/double_aeabi.S.obj
                0x1000cbf0                __wrap___aeabi_drsub
                0x1000cbf6                __wrap___aeabi_dsub
                0x1000cc08                __wrap___aeabi_dadd
                0x1000cc1a                __wrap___aeabi_ddiv
                0x1000cc56                __wrap___aeabi_dmul
 .text.__wrap___aeabi_cdcmple
                0x1000cc70       0x6c CMakeFiles/SUPERGAMEPAD_RP2040.dir/C_/Program_Files/Raspberry_Pi/Pico_SDK_v1.5.1/pico-sdk/src/rp2_common/pico_double/double_aeabi.S.obj
                0x1000cc70                __wrap___aeabi_cdrcmple
                0x1000cc80                __wrap___aeabi_cdcmpeq
                0x1000cc80                __wrap___aeabi_cdcmple
 .text.__wrap___aeabi_dcmplt
                0x1000ccdc        0xc CMakeFiles/SUPERGAMEPAD_RP2040.dir/C_/Program_Files/Raspberry_Pi/Pico_SDK_v1.5.1/pico-sdk/src/rp2_common/pico_double/double_aeabi.S.obj
                0x1000ccdc                __wrap___aeabi_dcmplt
 .text.__wrap___aeabi_dcmple
                0x1000cce8       0x10 CMakeFiles/SUPERGAMEPAD_RP2040.dir/C_/Program_Files/Raspberry_Pi/Pico_SDK_v1.5.1/pico-sdk/src/rp2_common/pico_double/double_aeabi.S.obj
                0x1000cce8                __wrap___aeabi_dcmple
 .text.__wrap___aeabi_dcmpge
                0x1000ccf8       0x10 CMakeFiles/SUPERGAMEPAD_RP2040.dir/C_/Program_Files/Raspberry_Pi/Pico_SDK_v1.5.1/pico-sdk/src/rp2_common/pico_double/double_aeabi.S.obj
                0x1000ccf8                __wrap___aeabi_dcmpge
 .text.__wrap___aeabi_dcmpgt
                0x1000cd08        0xa CMakeFiles/SUPERGAMEPAD_RP2040.dir/C_/Program_Files/Raspberry_Pi/Pico_SDK_v1.5.1/pico-sdk/src/rp2_common/pico_double/double_aeabi.S.obj
                0x1000cd08                __wrap___aeabi_dcmpgt
 .text.__wrap___aeabi_dcmpun
                0x1000cd12       0x1c CMakeFiles/SUPERGAMEPAD_RP2040.dir/C_/Program_Files/Raspberry_Pi/Pico_SDK_v1.5.1/pico-sdk/src/rp2_common/pico_double/double_aeabi.S.obj
                0x1000cd12                __wrap___aeabi_dcmpun
 *fill*         0x1000cd2e        0x2 
 .text.__wrap___aeabi_i2d
                0x1000cd30       0x38 CMakeFiles/SUPERGAMEPAD_RP2040.dir/C_/Program_Files/Raspberry_Pi/Pico_SDK_v1.5.1/pico-sdk/src/rp2_common/pico_double/double_aeabi.S.obj
                0x1000cd30                __wrap___aeabi_ui2d
                0x1000cd38                __wrap___aeabi_i2d
 .text.__wrap___aeabi_d2iz
                0x1000cd68       0x48 CMakeFiles/SUPERGAMEPAD_RP2040.dir/C_/Program_Files/Raspberry_Pi/Pico_SDK_v1.5.1/pico-sdk/src/rp2_common/pico_double/double_aeabi.S.obj
                0x1000cd68                double2int_z
                0x1000cd68                __wrap___aeabi_d2iz
 .text.__wrap___aeabi_d2uiz
                0x1000cdb0       0x18 CMakeFiles/SUPERGAMEPAD_RP2040.dir/C_/Program_Files/Raspberry_Pi/Pico_SDK_v1.5.1/pico-sdk/src/rp2_common/pico_double/double_aeabi.S.obj
                0x1000cdb0                __wrap___aeabi_d2uiz
                0x1000cdb0                double2uint
 .text.fix642double
                0x1000cdc8       0x18 CMakeFiles/SUPERGAMEPAD_RP2040.dir/C_/Program_Files/Raspberry_Pi/Pico_SDK_v1.5.1/pico-sdk/src/rp2_common/pico_double/double_aeabi.S.obj
                0x1000cdc8                fix642double
 .text.__wrap___aeabi_d2f
                0x1000cde0       0x18 CMakeFiles/SUPERGAMEPAD_RP2040.dir/C_/Program_Files/Raspberry_Pi/Pico_SDK_v1.5.1/pico-sdk/src/rp2_common/pico_double/double_aeabi.S.obj
                0x1000cde0                __wrap___aeabi_d2f
 .text.__wrap_sincostan_remainder
                0x1000cdf8       0x14 CMakeFiles/SUPERGAMEPAD_RP2040.dir/C_/Program_Files/Raspberry_Pi/Pico_SDK_v1.5.1/pico-sdk/src/rp2_common/pico_double/double_aeabi.S.obj
                0x1000cdf8                sincostan_remainder
 .text.__wrap_cos
                0x1000ce0c       0x2c CMakeFiles/SUPERGAMEPAD_RP2040.dir/C_/Program_Files/Raspberry_Pi/Pico_SDK_v1.5.1/pico-sdk/src/rp2_common/pico_double/double_aeabi.S.obj
                0x1000ce0c                __wrap_cos
 .text.__wrap_sin
                0x1000ce38       0x2c CMakeFiles/SUPERGAMEPAD_RP2040.dir/C_/Program_Files/Raspberry_Pi/Pico_SDK_v1.5.1/pico-sdk/src/rp2_common/pico_double/double_aeabi.S.obj
                0x1000ce38                __wrap_sin
 .text.__aeabi_double_init
                0x1000ce64       0xc8 CMakeFiles/SUPERGAMEPAD_RP2040.dir/C_/Program_Files/Raspberry_Pi/Pico_SDK_v1.5.1/pico-sdk/src/rp2_common/pico_double/double_init_rom.c.obj
                0x1000ce64                __aeabi_double_init
 .text.drem_0   0x1000cf2c      0x130 CMakeFiles/SUPERGAMEPAD_RP2040.dir/C_/Program_Files/Raspberry_Pi/Pico_SDK_v1.5.1/pico-sdk/src/rp2_common/pico_double/double_math.c.obj
 .text.__wrap_fmod
                0x1000d05c       0xa8 CMakeFiles/SUPERGAMEPAD_RP2040.dir/C_/Program_Files/Raspberry_Pi/Pico_SDK_v1.5.1/pico-sdk/src/rp2_common/pico_double/double_math.c.obj
                0x1000d05c                __wrap_fmod
 .text.__wrap_remquo
                0x1000d104      0x17c CMakeFiles/SUPERGAMEPAD_RP2040.dir/C_/Program_Files/Raspberry_Pi/Pico_SDK_v1.5.1/pico-sdk/src/rp2_common/pico_double/double_math.c.obj
                0x1000d104                __wrap_remquo
 .text.__wrap_remainder
                0x1000d280       0x10 CMakeFiles/SUPERGAMEPAD_RP2040.dir/C_/Program_Files/Raspberry_Pi/Pico_SDK_v1.5.1/pico-sdk/src/rp2_common/pico_double/double_math.c.obj
                0x1000d280                __wrap_remainder
 .text.double_table_shim_on_use_helper
                0x1000d290       0x34 CMakeFiles/SUPERGAMEPAD_RP2040.dir/C_/Program_Files/Raspberry_Pi/Pico_SDK_v1.5.1/pico-sdk/src/rp2_common/pico_double/double_v1_rom_shim.S.obj
                0x1000d290                double_table_shim_on_use_helper
 .text.__wrap___aeabi_dsub
                0x1000d2c4       0x10 CMakeFiles/SUPERGAMEPAD_RP2040.dir/C_/Program_Files/Raspberry_Pi/Pico_SDK_v1.5.1/pico-sdk/src/rp2_common/pico_double/double_v1_rom_shim.S.obj
                0x1000d2c4                drsub_shim
                0x1000d2ca                dsub_shim
 .text.dadd_shim
                0x1000d2d4      0x15c CMakeFiles/SUPERGAMEPAD_RP2040.dir/C_/Program_Files/Raspberry_Pi/Pico_SDK_v1.5.1/pico-sdk/src/rp2_common/pico_double/double_v1_rom_shim.S.obj
                0x1000d2d4                dadd_shim
 .text.dmul_shim
                0x1000d430      0x15c CMakeFiles/SUPERGAMEPAD_RP2040.dir/C_/Program_Files/Raspberry_Pi/Pico_SDK_v1.5.1/pico-sdk/src/rp2_common/pico_double/double_v1_rom_shim.S.obj
                0x1000d430                dmul_shim
 .text.ddiv_shim
                0x1000d58c      0x1b0 CMakeFiles/SUPERGAMEPAD_RP2040.dir/C_/Program_Files/Raspberry_Pi/Pico_SDK_v1.5.1/pico-sdk/src/rp2_common/pico_double/double_v1_rom_shim.S.obj
                0x1000d58c                ddiv_shim
 .text.dcordic_vec_step
                0x1000d73c        0xe CMakeFiles/SUPERGAMEPAD_RP2040.dir/C_/Program_Files/Raspberry_Pi/Pico_SDK_v1.5.1/pico-sdk/src/rp2_common/pico_double/double_v1_rom_shim.S.obj
                0x1000d73c                dcordic_vec_step
 .text.dcordic_rot_step
                0x1000d74a       0x76 CMakeFiles/SUPERGAMEPAD_RP2040.dir/C_/Program_Files/Raspberry_Pi/Pico_SDK_v1.5.1/pico-sdk/src/rp2_common/pico_double/double_v1_rom_shim.S.obj
                0x1000d74a                dcordic_rot_step
 .text.double2uint_shim
                0x1000d7c0        0xe CMakeFiles/SUPERGAMEPAD_RP2040.dir/C_/Program_Files/Raspberry_Pi/Pico_SDK_v1.5.1/pico-sdk/src/rp2_common/pico_double/double_v1_rom_shim.S.obj
                0x1000d7c0                double2uint_shim
                0x1000d7c2                double2ufix_shim
 .text.double2int64_shim
                0x1000d7ce       0x1a CMakeFiles/SUPERGAMEPAD_RP2040.dir/C_/Program_Files/Raspberry_Pi/Pico_SDK_v1.5.1/pico-sdk/src/rp2_common/pico_double/double_v1_rom_shim.S.obj
                0x1000d7ce                double2int64_shim
                0x1000d7d0                double2fix64_shim
 .text.double2uint64_shim
                0x1000d7e8       0x70 CMakeFiles/SUPERGAMEPAD_RP2040.dir/C_/Program_Files/Raspberry_Pi/Pico_SDK_v1.5.1/pico-sdk/src/rp2_common/pico_double/double_v1_rom_shim.S.obj
                0x1000d7e8                double2uint64_shim
                0x1000d7ea                double2ufix64_shim
                0x1000d80a                d2fix_a
 .text.double2float_shim
                0x1000d858       0x5c CMakeFiles/SUPERGAMEPAD_RP2040.dir/C_/Program_Files/Raspberry_Pi/Pico_SDK_v1.5.1/pico-sdk/src/rp2_common/pico_double/double_v1_rom_shim.S.obj
                0x1000d858                double2float_shim
 .text.x2double_shims
                0x1000d8b4       0x90 CMakeFiles/SUPERGAMEPAD_RP2040.dir/C_/Program_Files/Raspberry_Pi/Pico_SDK_v1.5.1/pico-sdk/src/rp2_common/pico_double/double_v1_rom_shim.S.obj
                0x1000d8b4                uint2double_shim
                0x1000d8b6                ufix2double_shim
                0x1000d8bc                int2double_shim
                0x1000d8be                fix2double_shim
                0x1000d8c4                uint642double_shim
                0x1000d8c6                ufix642double_shim
                0x1000d8cc                int642double_shim
                0x1000d8ce                fix642double_shim
 .text.dunpacks
                0x1000d944       0x3c CMakeFiles/SUPERGAMEPAD_RP2040.dir/C_/Program_Files/Raspberry_Pi/Pico_SDK_v1.5.1/pico-sdk/src/rp2_common/pico_double/double_v1_rom_shim.S.obj
                0x1000d944                dunpacks
 .text.dreduce  0x1000d980       0x82 CMakeFiles/SUPERGAMEPAD_RP2040.dir/C_/Program_Files/Raspberry_Pi/Pico_SDK_v1.5.1/pico-sdk/src/rp2_common/pico_double/double_v1_rom_shim.S.obj
                0x1000d980                dreduce
 .text.dcos_shim
                0x1000da02       0x10 CMakeFiles/SUPERGAMEPAD_RP2040.dir/C_/Program_Files/Raspberry_Pi/Pico_SDK_v1.5.1/pico-sdk/src/rp2_common/pico_double/double_v1_rom_shim.S.obj
                0x1000da02                dcos_shim
 .text.dsin_shim
                0x1000da12       0x14 CMakeFiles/SUPERGAMEPAD_RP2040.dir/C_/Program_Files/Raspberry_Pi/Pico_SDK_v1.5.1/pico-sdk/src/rp2_common/pico_double/double_v1_rom_shim.S.obj
                0x1000da12                dsin_shim
 *fill*         0x1000da26        0x2 
 .text.dtrig_guts
                0x1000da28      0x2ec CMakeFiles/SUPERGAMEPAD_RP2040.dir/C_/Program_Files/Raspberry_Pi/Pico_SDK_v1.5.1/pico-sdk/src/rp2_common/pico_double/double_v1_rom_shim.S.obj
                0x1000db00                datan2_shim
 .text.__aeabi_lmul