Archive member included to satisfy reference by file (symbol)

c:/progra~1/raspbe~1/picosd~1.1/gcc-ar~1/bin/../lib/gcc/arm-none-eabi/10.3.1/thumb/v6-m/nofp\libgcc.a(_dvmd_tls.o)
                              CMakeFiles/SUPERGAMEPAD_RP2040.dir/C_/Program_Files/Raspberry_Pi/Pico_SDK_v1.5.1/pico-sdk/src/rp2_common/pico_divider/divider.S.obj (__aeabi_idiv0)
c:/progra~1/raspbe~1/picosd~1.1/gcc-ar~1/bin/../lib/gcc/arm-none-eabi/10.3.1/../../../../arm-none-eabi/lib/thumb/v6-m/nofp\libg.a(lib_a-calloc.o)
                              CMakeFiles/SUPERGAMEPAD_RP2040.dir/C_/Program_Files/Raspberry_Pi/Pico_SDK_v1.5.1/pico-sdk/src/rp2_common/pico_malloc/pico_malloc.c.obj (calloc)
c:/progra~1/raspbe~1/picosd~1.1/gcc-ar~1/bin/../lib/gcc/arm-none-eabi/10.3.1/../../../../arm-none-eabi/lib/thumb/v6-m/nofp\libg.a(lib_a-callocr.o)
                              c:/progra~1/raspbe~1/picosd~1.1/gcc-ar~1/bin/../lib/gcc/arm-none-eabi/10.3.1/../../../../arm-none-eabi/lib/thumb/v6-m/nofp\libg.a(lib_a-calloc.o) (_calloc_r)
c:/progra~1/raspbe~1/picosd~1.1/gcc-ar~1/bin/../lib/gcc/arm-none-eabi/10.3.1/../../../../arm-none-eabi/lib/thumb/v6-m/nofp\libg.a(lib_a-errno.o)
                              c:/progra~1/raspbe~1/picosd~1.1/gcc-ar~1/bin/../lib/gcc/arm-none-eabi/10.3.1/../../../../arm-none-eabi/lib/thumb/v6-m/nofp\libg.a(lib_a-callocr.o) (__errno)
c:/progra~1/raspbe~1/picosd~1.1/gcc-ar~1/bin/../lib/gcc/arm-none-eabi/10.3.1/../../../../arm-none-eabi/lib/thumb/v6-m/nofp\libg.a(lib_a-impure.o)
                              c:/progra~1/raspbe~1/picosd~1.1/gcc-ar~1/bin/../lib/gcc/arm-none-eabi/10.3.1/../../../../arm-none-eabi/lib/thumb/v6-m/nofp\libg.a(lib_a-calloc.o) (_impure_ptr)
c:/progra~1/raspbe~1/picosd~1.1/gcc-ar~1/bin/../lib/gcc/arm-none-eabi/10.3.1/../../../../arm-none-eabi/lib/thumb/v6-m/nofp\libg.a(lib_a-init.o)
                              c:/progra~1/raspbe~1/picosd~1.1/gcc-ar~1/bin/../lib/gcc/arm-none-eabi/10.3.1/../../../../arm-none-eabi/lib/thumb/v6-m/nofp/crt0.o (__libc_init_array)
c:/progra~1/raspbe~1/picosd~1.1/gcc-ar~1/bin/../lib/gcc/arm-none-eabi/10.3.1/../../../../arm-none-eabi/lib/thumb/v6-m/nofp\libg.a(lib_a-malloc.o)
                              CMakeFiles/SUPERGAMEPAD_RP2040.dir/C_/Program_Files/Raspberry_Pi/Pico_SDK_v1.5.1/pico-sdk/src/rp2_common/pico_malloc/pico_malloc.c.obj (malloc)
c:/progra~1/raspbe~1/picosd~1.1/gcc-ar~1/bin/../lib/gcc/arm-none-eabi/10.3.1/../../../../arm-none-eabi/lib/thumb/v6-m/nofp\libg.a(lib_a-mallocr.o)
                              c:/progra~1/raspbe~1/picosd~1.1/gcc-ar~1/bin/../lib/gcc/arm-none-eabi/10.3.1/../../../../arm-none-eabi/lib/thumb/v6-m/nofp\libg.a(lib_a-callocr.o) (_malloc_r)
c:/progra~1/raspbe~1/picosd~1.1/gcc-ar~1/bin/../lib/gcc/arm-none-eabi/10.3.1/../../../../arm-none-eabi/lib/thumb/v6-m/nofp\libg.a(lib_a-mlock.o)
                              c:/progra~1/raspbe~1/picosd~1.1/gcc-ar~1/bin/../lib/gcc/arm-none-eabi/10.3.1/../../../../arm-none-eabi/lib/thumb/v6-m/nofp\libg.a(lib_a-mallocr.o) (__malloc_lock)
c:/progra~1/raspbe~1/picosd~1.1/gcc-ar~1/bin/../lib/gcc/arm-none-eabi/10.3.1/../../../../arm-none-eabi/lib/thumb/v6-m/nofp\libg.a(lib_a-realloc.o)
                              CMakeFiles/SUPERGAMEPAD_RP2040.dir/C_/Program_Files/Raspberry_Pi/Pico_SDK_v1.5.1/pico-sdk/src/rp2_common/pico_malloc/pico_malloc.c.obj (realloc)
c:/progra~1/raspbe~1/picosd~1.1/gcc-ar~1/bin/../lib/gcc/arm-none-eabi/10.3.1/../../../../arm-none-eabi/lib/thumb/v6-m/nofp\libg.a(lib_a-reallocr.o)
                              c:/progra~1/raspbe~1/picosd~1.1/gcc-ar~1/bin/../lib/gcc/arm-none-eabi/10.3.1/../../../../arm-none-eabi/lib/thumb/v6-m/nofp\libg.a(lib_a-realloc.o) (_realloc_r)
c:/progra~1/raspbe~1/picosd~1.1/gcc-ar~1/bin/../lib/gcc/arm-none-eabi/10.3.1/../../../../arm-none-eabi/lib/thumb/v6-m/nofp\libg.a(lib_a-sbrkr.o)
                              c:/progra~1/raspbe~1/picosd~1.1/gcc-ar~1/bin/../lib/gcc/arm-none-eabi/10.3.1/../../../../arm-none-eabi/lib/thumb/v6-m/nofp\libg.a(lib_a-mallocr.o) (_sbrk_r)
c:/progra~1/raspbe~1/picosd~1.1/gcc-ar~1/bin/../lib/gcc/arm-none-eabi/10.3.1/../../../../arm-none-eabi/lib/thumb/v6-m/nofp\libg.a(lib_a-strlen-stub.o)
                              CMakeFiles/SUPERGAMEPAD_RP2040.dir/lib/HOJA-LIB-RP2040/src/usb/hoja_usb.c.obj (strlen)
c:/progra~1/raspbe~1/picosd~1.1/gcc-ar~1/bin/../lib/gcc/arm-none-eabi/10.3.1/../../../../arm-none-eabi/lib/thumb/v6-m/nofp\libg.a(lib_a-freer.o)
                              c:/progra~1/raspbe~1/picosd~1.1/gcc-ar~1/bin/../lib/gcc/arm-none-eabi/10.3.1/../../../../arm-none-eabi/lib/thumb/v6-m/nofp\libg.a(lib_a-malloc.o) (_free_r)
c:/progra~1/raspbe~1/picosd~1.1/gcc-ar~1/bin/../lib/gcc/arm-none-eabi/10.3.1/../../../../arm-none-eabi/lib/thumb/v6-m/nofp\libg.a(lib_a-lock.o)
                              c:/progra~1/raspbe~1/picosd~1.1/gcc-ar~1/bin/../lib/gcc/arm-none-eabi/10.3.1/../../../../arm-none-eabi/lib/thumb/v6-m/nofp\libg.a(lib_a-mlock.o) (__retarget_lock_acquire_recursive)
[...]
Memory Configuration

Name             Origin             Length             Attributes
FLASH            0x10000000         0x00200000         xr
RAM              0x20000000         0x00040000         xrw
SCRATCH_X        0x20040000         0x00001000         xrw
SCRATCH_Y        0x20041000         0x00001000         xrw
*default*        0x00000000         0xffffffff

Linker script and memory map

LOAD c:/progra~1/raspbe~1/picosd~1.1/gcc-ar~1/bin/../lib/gcc/arm-none-eabi/10.3.1/thumb/v6-m/nofp/crti.o
LOAD c:/progra~1/raspbe~1/picosd~1.1/gcc-ar~1/bin/../lib/gcc/arm-none-eabi/10.3.1/thumb/v6-m/nofp/crtbegin.o
LOAD c:/progra~1/raspbe~1/picosd~1.1/gcc-ar~1/bin/../lib/gcc/arm-none-eabi/10.3.1/../../../../arm-none-eabi/lib/thumb/v6-m/nofp/crt0.o

.flash_begin    0x10000000        0x0
                0x10000000                __flash_binary_start = .

.boot2          0x10000000      0x100
                0x10000000                __boot2_start__ = .
 *(.boot2)
 .boot2         0x10000000      0x100 C:\Users\Mitch\AppData\Local\Temp\ccK3BVIz.o
                0x10000100                __boot2_end__ = .
                0x00000001                ASSERT (((__boot2_end__ - __boot2_start__) == 0x100), ERROR: Pico second stage bootloader must be 256 bytes in size)

.text           0x10000100     0xf928
                0x10000100                __logical_binary_start = .
 *(.vectors)
 .vectors       0x10000100       0xd4 CMakeFiles/SUPERGAMEPAD_RP2040.dir/C_/Program_Files/Raspberry_Pi/Pico_SDK_v1.5.1/pico-sdk/src/rp2_common/pico_standard_link/crt0.S.obj
                0x10000100                __VECTOR_TABLE
                0x10000100                __vectors
                0x100001c0                isr_invalid
                0x100001c0                __default_isrs_start
                0x100001c2                isr_nmi
                0x100001c4                isr_hardfault
                0x100001c6                isr_svcall
                0x100001c8                isr_pendsv
                0x100001ca                isr_systick
                0x100001cc                isr_irq23
                0x100001cc                isr_irq18
                0x100001cc                isr_irq11
                0x100001cc                isr_irq28
                0x100001cc                isr_irq19
                0x100001cc                isr_irq0
                0x100001cc                isr_irq6
                0x100001cc                isr_irq5
                0x100001cc                isr_irq12
                0x100001cc                isr_irq22
                0x100001cc                isr_irq31
                0x100001cc                isr_irq17
                0x100001cc                isr_irq27
                0x100001cc                isr_irq30
                0x100001cc                isr_irq2
                0x100001cc                isr_irq10
                0x100001cc                isr_irq8
                0x100001cc                isr_irq24
                0x100001cc                isr_irq1
                0x100001cc                isr_irq7
                0x100001cc                isr_irq21
                0x100001cc                isr_irq20
                0x100001cc                isr_irq15
                0x100001cc                isr_irq25
                0x100001cc                isr_irq13
                0x100001cc                __unhandled_user_irq
                0x100001cc                isr_irq4
                0x100001cc                isr_irq16
                0x100001cc                isr_irq29
                0x100001cc                isr_irq26
                0x100001cc                __default_isrs_end
                0x100001cc                isr_irq3
                0x100001cc                isr_irq14
                0x100001cc                isr_irq9
                0x100001d2                unhandled_user_irq_num_in_r0
 *(.binary_info_header)
 .binary_info_header
                0x100001d4       0x14 CMakeFiles/SUPERGAMEPAD_RP2040.dir/C_/Program_Files/Raspberry_Pi/Pico_SDK_v1.5.1/pico-sdk/src/rp2_common/pico_standard_link/crt0.S.obj
                0x100001e8                __binary_info_header_end = .
 *(.reset)
 .reset         0x100001e8       0xa0 CMakeFiles/SUPERGAMEPAD_RP2040.dir/C_/Program_Files/Raspberry_Pi/Pico_SDK_v1.5.1/pico-sdk/src/rp2_common/pico_standard_link/crt0.S.obj
                0x100001e8                _entry_point
 .reset         0x10000288       0x30 CMakeFiles/SUPERGAMEPAD_RP2040.dir/C_/Program_Files/Raspberry_Pi/Pico_SDK_v1.5.1/pico-sdk/src/rp2_common/pico_standard_link/binary_info.c.obj
 *(.init)
 .init          0x100002b8        0x4 c:/progra~1/raspbe~1/picosd~1.1/gcc-ar~1/bin/../lib/gcc/arm-none-eabi/10.3.1/thumb/v6-m/nofp/crti.o
                0x100002b8                _init
 *(EXCLUDE_FILE(*libm.a: *libc.a:*lib_a-mem*.o *libgcc.a:) .text*)
 .text          0x100002bc       0x48 c:/progra~1/raspbe~1/picosd~1.1/gcc-ar~1/bin/../lib/gcc/arm-none-eabi/10.3.1/thumb/v6-m/nofp/crtbegin.o
 .text._gpio_put_od
                0x10000304       0x32 CMakeFiles/SUPERGAMEPAD_RP2040.dir/src/main.c.obj
                0x10000304                _gpio_put_od
 .text.cb_hoja_set_uart_enabled
                0x10000336       0x3e CMakeFiles/SUPERGAMEPAD_RP2040.dir/src/main.c.obj
                0x10000336                cb_hoja_set_uart_enabled
 .text.cb_hoja_set_bluetooth_enabled
                0x10000374       0x22 CMakeFiles/SUPERGAMEPAD_RP2040.dir/src/main.c.obj
                0x10000374                cb_hoja_set_bluetooth_enabled
 .text.cb_hoja_hardware_setup
                0x10000396       0x34 CMakeFiles/SUPERGAMEPAD_RP2040.dir/src/main.c.obj
                0x10000396                cb_hoja_hardware_setup
 .text.cb_hoja_read_buttons
                0x100003ca      0x186 CMakeFiles/SUPERGAMEPAD_RP2040.dir/src/main.c.obj
                0x100003ca                cb_hoja_read_buttons
 .text.cb_hoja_read_analog
                0x10000550        0xe CMakeFiles/SUPERGAMEPAD_RP2040.dir/src/main.c.obj
                0x10000550                cb_hoja_read_analog
 .text.cb_hoja_task_1_hook
                0x1000055e        0x2 CMakeFiles/SUPERGAMEPAD_RP2040.dir/src/main.c.obj
                0x1000055e                cb_hoja_task_1_hook
 .text.main     0x10000560       0x98 CMakeFiles/SUPERGAMEPAD_RP2040.dir/src/main.c.obj
                0x10000560                main
 .text.cb_hoja_read_imu
                0x100005f8        0x2 CMakeFiles/SUPERGAMEPAD_RP2040.dir/lib/HOJA-LIB-RP2040/src/hoja.c.obj
                0x100005f8                cb_hoja_read_imu
 .text.cb_hoja_rumble_enable
                0x100005fa        0x2 CMakeFiles/SUPERGAMEPAD_RP2040.dir/lib/HOJA-LIB-RP2040/src/hoja.c.obj
                0x100005fa                cb_hoja_rumble_enable
 .text._hoja_task_1
                0x100005fc       0x50 CMakeFiles/SUPERGAMEPAD_RP2040.dir/lib/HOJA-LIB-RP2040/src/hoja.c.obj
                0x100005fc                _hoja_task_1
 .text.cb_hoja_set_rumble_intensity
                0x1000064c        0x2 CMakeFiles/SUPERGAMEPAD_RP2040.dir/lib/HOJA-LIB-RP2040/src/hoja.c.obj
                0x1000064c                cb_hoja_set_rumble_intensity
 *fill*         0x1000064e        0x2 
 .text._hoja_task_0
                0x10000650       0x98 CMakeFiles/SUPERGAMEPAD_RP2040.dir/lib/HOJA-LIB-RP2040/src/hoja.c.obj
                0x10000650                _hoja_task_0
 .text.hoja_init
                0x100006e8      0x1b0 CMakeFiles/SUPERGAMEPAD_RP2040.dir/lib/HOJA-LIB-RP2040/src/hoja.c.obj
                0x100006e8                hoja_init
 .text.hoja_setup_gpio_scan
                0x10000898       0x20 CMakeFiles/SUPERGAMEPAD_RP2040.dir/lib/HOJA-LIB-RP2040/src/hoja.c.obj
                0x10000898                hoja_setup_gpio_scan
 .text.hoja_setup_gpio_push
                0x100008b8       0x1e CMakeFiles/SUPERGAMEPAD_RP2040.dir/lib/HOJA-LIB-RP2040/src/hoja.c.obj
                0x100008b8                hoja_setup_gpio_push
 .text.hoja_setup_gpio_button
                0x100008d6       0x1e CMakeFiles/SUPERGAMEPAD_RP2040.dir/lib/HOJA-LIB-RP2040/src/hoja.c.obj
                0x100008d6                hoja_setup_gpio_button
 .text._generate_mac
                0x100008f4       0x58 CMakeFiles/SUPERGAMEPAD_RP2040.dir/lib/HOJA-LIB-RP2040/src/hoja_settings.c.obj
                0x100008f4                _generate_mac
 .text.settings_reset_to_default
                0x1000094c      0x128 CMakeFiles/SUPERGAMEPAD_RP2040.dir/lib/HOJA-LIB-RP2040/src/hoja_settings.c.obj
                0x1000094c                settings_reset_to_default
 .text.settings_core1_save_check
                0x10000a74       0x90 CMakeFiles/SUPERGAMEPAD_RP2040.dir/lib/HOJA-LIB-RP2040/src/hoja_settings.c.obj
                0x10000a74                settings_core1_save_check
 .text.settings_save_webindicate
                0x10000b04        0xc CMakeFiles/SUPERGAMEPAD_RP2040.dir/lib/HOJA-LIB-RP2040/src/hoja_settings.c.obj
                0x10000b04                settings_save_webindicate
 .text.settings_save
                0x10000b10        0xc CMakeFiles/SUPERGAMEPAD_RP2040.dir/lib/HOJA-LIB-RP2040/src/hoja_settings.c.obj
                0x10000b10                settings_save
 .text.settings_set_rumble_floor
                0x10000b1c       0x20 CMakeFiles/SUPERGAMEPAD_RP2040.dir/lib/HOJA-LIB-RP2040/src/hoja_settings.c.obj
                0x10000b1c                settings_set_rumble_floor
 .text.settings_set_rumble
                0x10000b3c       0x24 CMakeFiles/SUPERGAMEPAD_RP2040.dir/lib/HOJA-LIB-RP2040/src/hoja_settings.c.obj
                0x10000b3c                settings_set_rumble
 .text.settings_load
                0x10000b60       0x78 CMakeFiles/SUPERGAMEPAD_RP2040.dir/lib/HOJA-LIB-RP2040/src/hoja_settings.c.obj
                0x10000b60                settings_load
 .text.settings_set_centers
                0x10000bd8       0x14 CMakeFiles/SUPERGAMEPAD_RP2040.dir/lib/HOJA-LIB-RP2040/src/hoja_settings.c.obj
                0x10000bd8                settings_set_centers
 .text.settings_set_distances
                0x10000bec       0x24 CMakeFiles/SUPERGAMEPAD_RP2040.dir/lib/HOJA-LIB-RP2040/src/hoja_settings.c.obj
                0x10000bec                settings_set_distances
 .text.settings_set_angles
                0x10000c10       0x24 CMakeFiles/SUPERGAMEPAD_RP2040.dir/lib/HOJA-LIB-RP2040/src/hoja_settings.c.obj
                0x10000c10                settings_set_angles
 .text.hoja_comms_task
                0x10000c34       0x14 CMakeFiles/SUPERGAMEPAD_RP2040.dir/lib/HOJA-LIB-RP2040/src/hoja_comms.c.obj
                0x10000c34                hoja_comms_task
 .text.hoja_comms_current_mode
                0x10000c48        0xc CMakeFiles/SUPERGAMEPAD_RP2040.dir/lib/HOJA-LIB-RP2040/src/hoja_comms.c.obj
                0x10000c48                hoja_comms_current_mode
 .text.hoja_comms_init
                0x10000c54       0xb4 CMakeFiles/SUPERGAMEPAD_RP2040.dir/lib/HOJA-LIB-RP2040/src/hoja_comms.c.obj
                0x10000c54                hoja_comms_init
 .text._rgb_set_color_brightness
                0x10000d08       0xa4 CMakeFiles/SUPERGAMEPAD_RP2040.dir/lib/HOJA-LIB-RP2040/src/utilities/rgb.c.obj
                0x10000d08                _rgb_set_color_brightness
 .text._rgb_normalize_output_power
                0x10000dac       0x88 CMakeFiles/SUPERGAMEPAD_RP2040.dir/lib/HOJA-LIB-RP2040/src/utilities/rgb.c.obj
                0x10000dac                _rgb_normalize_output_power
 .text._rgb_update_all
                0x10000e34       0x28 CMakeFiles/SUPERGAMEPAD_RP2040.dir/lib/HOJA-LIB-RP2040/src/utilities/rgb.c.obj
                0x10000e34                _rgb_update_all
 .text._rgb_blend
                0x10000e5c       0xac CMakeFiles/SUPERGAMEPAD_RP2040.dir/lib/HOJA-LIB-RP2040/src/utilities/rgb.c.obj
                0x10000e5c                _rgb_blend
 .text._rgb_animate_step
                0x10000f08       0xac CMakeFiles/SUPERGAMEPAD_RP2040.dir/lib/HOJA-LIB-RP2040/src/utilities/rgb.c.obj
                0x10000f08                _rgb_animate_step
 .text._rgb_set_sequential
                0x10000fb4       0x32 CMakeFiles/SUPERGAMEPAD_RP2040.dir/lib/HOJA-LIB-RP2040/src/utilities/rgb.c.obj
                0x10000fb4                _rgb_set_sequential
 *fill*         0x10000fe6        0x2 
 .text.rgb_set_brightness
                0x10000fe8       0x14 CMakeFiles/SUPERGAMEPAD_RP2040.dir/lib/HOJA-LIB-RP2040/src/utilities/rgb.c.obj
                0x10000fe8                rgb_set_brightness
 .text.rgb_set_dirty
                0x10000ffc        0xc CMakeFiles/SUPERGAMEPAD_RP2040.dir/lib/HOJA-LIB-RP2040/src/utilities/rgb.c.obj
                0x10000ffc                rgb_set_dirty
 .text.rgb_set_instant
                0x10001008       0x5c CMakeFiles/SUPERGAMEPAD_RP2040.dir/lib/HOJA-LIB-RP2040/src/utilities/rgb.c.obj
                0x10001008                rgb_set_instant
 .text.rgb_set_all
                0x10001064       0x30 CMakeFiles/SUPERGAMEPAD_RP2040.dir/lib/HOJA-LIB-RP2040/src/utilities/rgb.c.obj
                0x10001064                rgb_set_all
 .text.rgb_set_group
                0x10001094       0xc8 CMakeFiles/SUPERGAMEPAD_RP2040.dir/lib/HOJA-LIB-RP2040/src/utilities/rgb.c.obj
                0x10001094                rgb_set_group
 .text.rgb_preset_reload
                0x1000115c       0x38 CMakeFiles/SUPERGAMEPAD_RP2040.dir/lib/HOJA-LIB-RP2040/src/utilities/rgb.c.obj
                0x1000115c                rgb_preset_reload
 .text.rgb_load_preset
                0x10001194       0x10 CMakeFiles/SUPERGAMEPAD_RP2040.dir/lib/HOJA-LIB-RP2040/src/utilities/rgb.c.obj
                0x10001194                rgb_load_preset
 .text.rgb_init
                0x100011a4      0x134 CMakeFiles/SUPERGAMEPAD_RP2040.dir/lib/HOJA-LIB-RP2040/src/utilities/rgb.c.obj
                0x100011a4                rgb_init
 .text.rgb_task
                0x100012d8       0x48 CMakeFiles/SUPERGAMEPAD_RP2040.dir/lib/HOJA-LIB-RP2040/src/utilities/rgb.c.obj
                0x100012d8                rgb_task
 .text.util_battery_enable_ship_mode
                0x10001320       0x70 CMakeFiles/SUPERGAMEPAD_RP2040.dir/lib/HOJA-LIB-RP2040/src/utilities/battery.c.obj
                0x10001320                util_battery_enable_ship_mode
 .text.util_battery_set_charge_rate
                0x10001390       0x9c CMakeFiles/SUPERGAMEPAD_RP2040.dir/lib/HOJA-LIB-RP2040/src/utilities/battery.c.obj
                0x10001390                util_battery_set_charge_rate
 .text.util_wire_connected
                0x1000142c       0x60 CMakeFiles/SUPERGAMEPAD_RP2040.dir/lib/HOJA-LIB-RP2040/src/utilities/battery.c.obj
                0x1000142c                util_wire_connected
 .text.util_battery_monitor_task_usb
                0x1000148c       0x54 CMakeFiles/SUPERGAMEPAD_RP2040.dir/lib/HOJA-LIB-RP2040/src/utilities/battery.c.obj
                0x1000148c                util_battery_monitor_task_usb
 .text.tud_descriptor_bos_cb
                0x100014e0       0x1c CMakeFiles/SUPERGAMEPAD_RP2040.dir/lib/HOJA-LIB-RP2040/src/usb/desc_bos.c.obj
                0x100014e0                tud_descriptor_bos_cb
 .text.tud_hid_ready
                0x100014fc        0xa CMakeFiles/SUPERGAMEPAD_RP2040.dir/lib/HOJA-LIB-RP2040/src/usb/hoja_usb.c.obj
 *fill*         0x10001506        0x2 
 .text.usbd_app_driver_get_cb
                0x10001508       0x24 CMakeFiles/SUPERGAMEPAD_RP2040.dir/lib/HOJA-LIB-RP2040/src/usb/hoja_usb.c.obj
                0x10001508                usbd_app_driver_get_cb
 .text._hoja_usb_set_interval
                0x1000152c        0xc CMakeFiles/SUPERGAMEPAD_RP2040.dir/lib/HOJA-LIB-RP2040/src/usb/hoja_usb.c.obj
                0x1000152c                _hoja_usb_set_interval
 .text.hoja_usb_start
                0x10001538       0x80 CMakeFiles/SUPERGAMEPAD_RP2040.dir/lib/HOJA-LIB-RP2040/src/usb/hoja_usb.c.obj
                0x10001538                hoja_usb_start
 .text.hoja_usb_task
                0x100015b8       0xac CMakeFiles/SUPERGAMEPAD_RP2040.dir/lib/HOJA-LIB-RP2040/src/usb/hoja_usb.c.obj
                0x100015b8                hoja_usb_task
 .text.tud_descriptor_device_cb
                0x10001664       0x2c CMakeFiles/SUPERGAMEPAD_RP2040.dir/lib/HOJA-LIB-RP2040/src/usb/hoja_usb.c.obj
                0x10001664                tud_descriptor_device_cb
 .text.tud_descriptor_configuration_cb
                0x10001690       0x2c CMakeFiles/SUPERGAMEPAD_RP2040.dir/lib/HOJA-LIB-RP2040/src/usb/hoja_usb.c.obj
                0x10001690                tud_descriptor_configuration_cb
 .text.tud_hid_get_report_cb
                0x100016bc        0x4 CMakeFiles/SUPERGAMEPAD_RP2040.dir/lib/HOJA-LIB-RP2040/src/usb/hoja_usb.c.obj
                0x100016bc                tud_hid_get_report_cb
 .text.tud_hid_report_complete_cb
                0x100016c0        0xc CMakeFiles/SUPERGAMEPAD_RP2040.dir/lib/HOJA-LIB-RP2040/src/usb/hoja_usb.c.obj
                0x100016c0                tud_hid_report_complete_cb
 .text.tud_hid_set_report_cb
                0x100016cc       0xb4 CMakeFiles/SUPERGAMEPAD_RP2040.dir/lib/HOJA-LIB-RP2040/src/usb/hoja_usb.c.obj
                0x100016cc                tud_hid_set_report_cb
 .text.tud_hid_descriptor_report_cb
                0x10001780       0x20 CMakeFiles/SUPERGAMEPAD_RP2040.dir/lib/HOJA-LIB-RP2040/src/usb/hoja_usb.c.obj
                0x10001780                tud_hid_descriptor_report_cb
 .text.tud_descriptor_string_cb
                0x100017a0       0x9c CMakeFiles/SUPERGAMEPAD_RP2040.dir/lib/HOJA-LIB-RP2040/src/usb/hoja_usb.c.obj
                0x100017a0                tud_descriptor_string_cb
 .text.tud_vendor_rx_cb
                0x1000183c       0x38 CMakeFiles/SUPERGAMEPAD_RP2040.dir/lib/HOJA-LIB-RP2040/src/usb/hoja_usb.c.obj
                0x1000183c                tud_vendor_rx_cb
 .text.tud_vendor_control_xfer_cb
                0x10001874      0x100 CMakeFiles/SUPERGAMEPAD_RP2040.dir/lib/HOJA-LIB-RP2040/src/usb/hoja_usb.c.obj
                0x10001874                tud_vendor_control_xfer_cb
 .text.xinputd_control_xfer_cb
                0x10001974        0x4 CMakeFiles/SUPERGAMEPAD_RP2040.dir/lib/HOJA-LIB-RP2040/src/usb/xinput_device.c.obj
                0x10001974                xinputd_control_xfer_cb
 .text.xinputd_reset
                0x10001978       0x14 CMakeFiles/SUPERGAMEPAD_RP2040.dir/lib/HOJA-LIB-RP2040/src/usb/xinput_device.c.obj
                0x10001978                xinputd_reset
 .text.xinputd_init
                0x1000198c        0xa CMakeFiles/SUPERGAMEPAD_RP2040.dir/lib/HOJA-LIB-RP2040/src/usb/xinput_device.c.obj
                0x1000198c                xinputd_init
 *fill*         0x10001996        0x2 
 .text.xinputd_open
                0x10001998       0x70 CMakeFiles/SUPERGAMEPAD_RP2040.dir/lib/HOJA-LIB-RP2040/src/usb/xinput_device.c.obj
                0x10001998                xinputd_open
 .text.xinputd_xfer_cb
                0x10001a08       0x68 CMakeFiles/SUPERGAMEPAD_RP2040.dir/lib/HOJA-LIB-RP2040/src/usb/xinput_device.c.obj
                0x10001a08                xinputd_xfer_cb
 .text.tud_xinput_getout
                0x10001a70       0x54 CMakeFiles/SUPERGAMEPAD_RP2040.dir/lib/HOJA-LIB-RP2040/src/usb/xinput_device.c.obj
                0x10001a70                tud_xinput_getout
 .text.tud_xinput_report
                0x10001ac4       0x58 CMakeFiles/SUPERGAMEPAD_RP2040.dir/lib/HOJA-LIB-RP2040/src/usb/xinput_device.c.obj
                0x10001ac4                tud_xinput_report
 .text.tud_xinput_ready
                0x10001b1c       0x48 CMakeFiles/SUPERGAMEPAD_RP2040.dir/lib/HOJA-LIB-RP2040/src/usb/xinput_device.c.obj
                0x10001b1c                tud_xinput_ready
 .text.ginputd_reset
                0x10001b64       0x14 CMakeFiles/SUPERGAMEPAD_RP2040.dir/lib/HOJA-LIB-RP2040/src/usb/ginput_device.c.obj
                0x10001b64                ginputd_reset
 .text.ginputd_init
                0x10001b78        0xa CMakeFiles/SUPERGAMEPAD_RP2040.dir/lib/HOJA-LIB-RP2040/src/usb/ginput_device.c.obj
                0x10001b78                ginputd_init
 *fill*         0x10001b82        0x2 
 .text.ginputd_open
                0x10001b84       0xc4 CMakeFiles/SUPERGAMEPAD_RP2040.dir/lib/HOJA-LIB-RP2040/src/usb/ginput_device.c.obj
                0x10001b84                ginputd_open
 .text.ginputd_xfer_cb
                0x10001c48       0x84 CMakeFiles/SUPERGAMEPAD_RP2040.dir/lib/HOJA-LIB-RP2040/src/usb/ginput_device.c.obj
                0x10001c48                ginputd_xfer_cb
 .text.ginputd_control_xfer_cb
                0x10001ccc      0x28c CMakeFiles/SUPERGAMEPAD_RP2040.dir/lib/HOJA-LIB-RP2040/src/usb/ginput_device.c.obj
                0x10001ccc                ginputd_control_xfer_cb
 .text.tud_ginput_n_ready
                0x10001f58       0x50 CMakeFiles/SUPERGAMEPAD_RP2040.dir/lib/HOJA-LIB-RP2040/src/usb/ginput_device.c.obj
                0x10001f58                tud_ginput_n_ready
 .text.tud_ginput_ready
                0x10001fa8        0xa CMakeFiles/SUPERGAMEPAD_RP2040.dir/lib/HOJA-LIB-RP2040/src/usb/ginput_device.c.obj
                0x10001fa8                tud_ginput_ready
 *fill*         0x10001fb2        0x2 
 .text.tud_ginput_n_report
                0x10001fb4       0x94 CMakeFiles/SUPERGAMEPAD_RP2040.dir/lib/HOJA-LIB-RP2040/src/usb/ginput_device.c.obj
                0x10001fb4                tud_ginput_n_report
 .text.tud_ginput_report
                0x10002048       0x10 CMakeFiles/SUPERGAMEPAD_RP2040.dir/lib/HOJA-LIB-RP2040/src/usb/ginput_device.c.obj
                0x10002048                tud_ginput_report
 .text.switch_analog_encode
                0x10002058       0x16 CMakeFiles/SUPERGAMEPAD_RP2040.dir/lib/HOJA-LIB-RP2040/src/switch/switch_analog.c.obj
                0x10002058                switch_analog_encode
 *fill*         0x1000206e        0x2 
 .text.switch_analog_calibration_init
                0x10002070       0x50 CMakeFiles/SUPERGAMEPAD_RP2040.dir/lib/HOJA-LIB-RP2040/src/switch/switch_analog.c.obj
                0x10002070                switch_analog_calibration_init
 .text.clear_report
                0x100020c0       0x14 CMakeFiles/SUPERGAMEPAD_RP2040.dir/lib/HOJA-LIB-RP2040/src/switch/switch_commands.c.obj
                0x100020c0                clear_report
 .text.set_report_id
                0x100020d4        0xc CMakeFiles/SUPERGAMEPAD_RP2040.dir/lib/HOJA-LIB-RP2040/src/switch/switch_commands.c.obj
                0x100020d4                set_report_id
 .text.set_ack  0x100020e0        0xc CMakeFiles/SUPERGAMEPAD_RP2040.dir/lib/HOJA-LIB-RP2040/src/switch/switch_commands.c.obj
                0x100020e0                set_ack
 .text.set_command
                0x100020ec        0xc CMakeFiles/SUPERGAMEPAD_RP2040.dir/lib/HOJA-LIB-RP2040/src/switch/switch_commands.c.obj
                0x100020ec                set_command
 .text.set_timer
                0x100020f8       0x28 CMakeFiles/SUPERGAMEPAD_RP2040.dir/lib/HOJA-LIB-RP2040/src/switch/switch_commands.c.obj
                0x100020f8                set_timer
 .text.set_battconn
                0x10002120       0x14 CMakeFiles/SUPERGAMEPAD_RP2040.dir/lib/HOJA-LIB-RP2040/src/switch/switch_commands.c.obj
                0x10002120                set_battconn
 .text.set_devinfo
                0x10002134       0x1c CMakeFiles/SUPERGAMEPAD_RP2040.dir/lib/HOJA-LIB-RP2040/src/switch/switch_commands.c.obj
                0x10002134                set_devinfo
 .text.set_sub_triggertime
                0x10002150       0x24 CMakeFiles/SUPERGAMEPAD_RP2040.dir/lib/HOJA-LIB-RP2040/src/switch/switch_commands.c.obj
                0x10002150                set_sub_triggertime
 .text.shouldControllerRumble
                0x10002174       0x36 CMakeFiles/SUPERGAMEPAD_RP2040.dir/lib/HOJA-LIB-RP2040/src/switch/switch_commands.c.obj
                0x10002174                shouldControllerRumble
 *fill*         0x100021aa        0x2 
 .text.rumble_translate
                0x100021ac       0x8c CMakeFiles/SUPERGAMEPAD_RP2040.dir/lib/HOJA-LIB-RP2040/src/switch/switch_commands.c.obj
                0x100021ac                rumble_translate
 .text.info_set_mac
                0x10002238       0x34 CMakeFiles/SUPERGAMEPAD_RP2040.dir/lib/HOJA-LIB-RP2040/src/switch/switch_commands.c.obj
                0x10002238                info_set_mac
 .text.info_handler
                0x1000226c       0x4c CMakeFiles/SUPERGAMEPAD_RP2040.dir/lib/HOJA-LIB-RP2040/src/switch/switch_commands.c.obj
                0x1000226c                info_handler
 .text.pairing_set
                0x100022b8       0xc0 CMakeFiles/SUPERGAMEPAD_RP2040.dir/lib/HOJA-LIB-RP2040/src/switch/switch_commands.c.obj
                0x100022b8                pairing_set
 .text.command_handler
                0x10002378      0x22c CMakeFiles/SUPERGAMEPAD_RP2040.dir/lib/HOJA-LIB-RP2040/src/switch/switch_commands.c.obj
                0x10002378                command_handler
 .text.report_handler
                0x100025a4       0x44 CMakeFiles/SUPERGAMEPAD_RP2040.dir/lib/HOJA-LIB-RP2040/src/switch/switch_commands.c.obj
                0x100025a4                report_handler
 .text._unknown_thing
                0x100025e8       0x2c CMakeFiles/SUPERGAMEPAD_RP2040.dir/lib/HOJA-LIB-RP2040/src/switch/switch_commands.c.obj
                0x100025e8                _unknown_thing
 .text.switch_commands_process
                0x10002614       0xb8 CMakeFiles/SUPERGAMEPAD_RP2040.dir/lib/HOJA-LIB-RP2040/src/switch/switch_commands.c.obj
                0x10002614                switch_commands_process
 .text.switch_commands_future_handle
                0x100026cc       0x28 CMakeFiles/SUPERGAMEPAD_RP2040.dir/lib/HOJA-LIB-RP2040/src/switch/switch_commands.c.obj
                0x100026cc                switch_commands_future_handle
 .text.switch_commands_bulkset
                0x100026f4       0x10 CMakeFiles/SUPERGAMEPAD_RP2040.dir/lib/HOJA-LIB-RP2040/src/switch/switch_commands.c.obj
                0x100026f4                switch_commands_bulkset
 .text.sw_spi_getaddressdata
                0x10002704      0x1ac CMakeFiles/SUPERGAMEPAD_RP2040.dir/lib/HOJA-LIB-RP2040/src/switch/switch_spi.c.obj
                0x10002704                sw_spi_getaddressdata
 .text.sw_spi_readfromaddress
                0x100028b0       0x50 CMakeFiles/SUPERGAMEPAD_RP2040.dir/lib/HOJA-LIB-RP2040/src/switch/switch_spi.c.obj
                0x100028b0                sw_spi_readfromaddress
 .text._imu_average_value
                0x10002900       0x30 CMakeFiles/SUPERGAMEPAD_RP2040.dir/lib/HOJA-LIB-RP2040/src/input/imu.c.obj
                0x10002900                _imu_average_value
 .text.imu_calibrate_start
                0x10002930       0x88 CMakeFiles/SUPERGAMEPAD_RP2040.dir/lib/HOJA-LIB-RP2040/src/input/imu.c.obj
                0x10002930                imu_calibrate_start
 .text.imu_calibrate_stop
                0x100029b8       0x20 CMakeFiles/SUPERGAMEPAD_RP2040.dir/lib/HOJA-LIB-RP2040/src/input/imu.c.obj
                0x100029b8                imu_calibrate_stop
 .text._imu_calibrate_task
                0x100029d8       0x88 CMakeFiles/SUPERGAMEPAD_RP2040.dir/lib/HOJA-LIB-RP2040/src/input/imu.c.obj
                0x100029d8                _imu_calibrate_task
 .text._imu_process_8
                0x10002a60        0x8 CMakeFiles/SUPERGAMEPAD_RP2040.dir/lib/HOJA-LIB-RP2040/src/input/imu.c.obj
                0x10002a60                _imu_process_8
 .text.imu_switch_buffer_out
                0x10002a68       0xe8 CMakeFiles/SUPERGAMEPAD_RP2040.dir/lib/HOJA-LIB-RP2040/src/input/imu.c.obj
                0x10002a68                imu_switch_buffer_out
 .text.imu_set_enabled
                0x10002b50        0xc CMakeFiles/SUPERGAMEPAD_RP2040.dir/lib/HOJA-LIB-RP2040/src/input/imu.c.obj
                0x10002b50                imu_set_enabled
 .text.imu_task
                0x10002b5c      0x200 CMakeFiles/SUPERGAMEPAD_RP2040.dir/lib/HOJA-LIB-RP2040/src/input/imu.c.obj
                0x10002b5c                imu_task
 .text._remap_load_remap
                0x10002d5c       0x58 CMakeFiles/SUPERGAMEPAD_RP2040.dir/lib/HOJA-LIB-RP2040/src/input/remap.c.obj
                0x10002d5c                _remap_load_remap
 .text._remap_pack_remap
                0x10002db4       0xda CMakeFiles/SUPERGAMEPAD_RP2040.dir/lib/HOJA-LIB-RP2040/src/input/remap.c.obj
                0x10002db4                _remap_pack_remap
 .text._remap_unpack_remap
                0x10002e8e       0x72 CMakeFiles/SUPERGAMEPAD_RP2040.dir/lib/HOJA-LIB-RP2040/src/input/remap.c.obj
                0x10002e8e                _remap_unpack_remap
 .text.remap_reset_default
                0x10002f00       0x74 CMakeFiles/SUPERGAMEPAD_RP2040.dir/lib/HOJA-LIB-RP2040/src/input/remap.c.obj
                0x10002f00                remap_reset_default
 .text.remap_init
                0x10002f74       0x3c CMakeFiles/SUPERGAMEPAD_RP2040.dir/lib/HOJA-LIB-RP2040/src/input/remap.c.obj
                0x10002f74                remap_init
 .text.remap_set_gc_sp
                0x10002fb0       0x10 CMakeFiles/SUPERGAMEPAD_RP2040.dir/lib/HOJA-LIB-RP2040/src/input/remap.c.obj
                0x10002fb0                remap_set_gc_sp
 .text.remap_listen_stop
                0x10002fc0       0x20 CMakeFiles/SUPERGAMEPAD_RP2040.dir/lib/HOJA-LIB-RP2040/src/input/remap.c.obj
                0x10002fc0                remap_listen_stop
 .text.remap_send_data_webusb
                0x10002fe0       0xf0 CMakeFiles/SUPERGAMEPAD_RP2040.dir/lib/HOJA-LIB-RP2040/src/input/remap.c.obj
                0x10002fe0                remap_send_data_webusb
 .text._remap_listener
                0x100030d0       0xec CMakeFiles/SUPERGAMEPAD_RP2040.dir/lib/HOJA-LIB-RP2040/src/input/remap.c.obj
                0x100030d0                _remap_listener
 .text.remap_listen_enable
                0x100031bc       0x40 CMakeFiles/SUPERGAMEPAD_RP2040.dir/lib/HOJA-LIB-RP2040/src/input/remap.c.obj
                0x100031bc                remap_listen_enable
 .text.remap_buttons_task
                0x100031fc      0x470 CMakeFiles/SUPERGAMEPAD_RP2040.dir/lib/HOJA-LIB-RP2040/src/input/remap.c.obj
                0x100031fc                remap_buttons_task
 .text._add_axis
                0x1000366c      0x230 CMakeFiles/SUPERGAMEPAD_RP2040.dir/lib/HOJA-LIB-RP2040/src/input/snapback.c.obj
                0x1000366c                _add_axis
 .text.snapback_process
                0x1000389c       0x54 CMakeFiles/SUPERGAMEPAD_RP2040.dir/lib/HOJA-LIB-RP2040/src/input/snapback.c.obj
                0x1000389c                snapback_process
 .text._snapback_add_value
                0x100038f0       0x30 CMakeFiles/SUPERGAMEPAD_RP2040.dir/lib/HOJA-LIB-RP2040/src/input/snapback.c.obj
                0x100038f0                _snapback_add_value
 .text.snapback_webcapture_task
                0x10003920      0x138 CMakeFiles/SUPERGAMEPAD_RP2040.dir/lib/HOJA-LIB-RP2040/src/input/snapback.c.obj
                0x10003920                snapback_webcapture_task
 .text._stick_angle_adjust
                0x10003a58       0x3c CMakeFiles/SUPERGAMEPAD_RP2040.dir/lib/HOJA-LIB-RP2040/src/input/stick_scaling.c.obj
                0x10003a58                _stick_angle_adjust
 .text._stick_get_octant_adjusted
                0x10003a94       0x18 CMakeFiles/SUPERGAMEPAD_RP2040.dir/lib/HOJA-LIB-RP2040/src/input/stick_scaling.c.obj
                0x10003a94                _stick_get_octant_adjusted
 .text._stick_get_octant
                0x10003aac       0xcc CMakeFiles/SUPERGAMEPAD_RP2040.dir/lib/HOJA-LIB-RP2040/src/input/stick_scaling.c.obj
                0x10003aac                _stick_get_octant
 .text._stick_get_angle
                0x10003b78       0x70 CMakeFiles/SUPERGAMEPAD_RP2040.dir/lib/HOJA-LIB-RP2040/src/input/stick_scaling.c.obj
                0x10003b78                _stick_get_angle
 .text._stick_get_distance
                0x10003be8       0x56 CMakeFiles/SUPERGAMEPAD_RP2040.dir/lib/HOJA-LIB-RP2040/src/input/stick_scaling.c.obj
                0x10003be8                _stick_get_distance
 *fill*         0x10003c3e        0x2 
 .text._stick_normalized_vector
                0x10003c40       0x40 CMakeFiles/SUPERGAMEPAD_RP2040.dir/lib/HOJA-LIB-RP2040/src/input/stick_scaling.c.obj
                0x10003c40                _stick_normalized_vector
 .text._stick_angle_distance_scaled
                0x10003c80      0x150 CMakeFiles/SUPERGAMEPAD_RP2040.dir/lib/HOJA-LIB-RP2040/src/input/stick_scaling.c.obj
                0x10003c80                _stick_angle_distance_scaled
 .text._stick_calculate_distance_scalers
                0x10003dd0       0x24 CMakeFiles/SUPERGAMEPAD_RP2040.dir/lib/HOJA-LIB-RP2040/src/input/stick_scaling.c.obj
                0x10003dd0                _stick_calculate_distance_scalers
 .text.stick_scaling_get_settings
                0x10003df4       0x90 CMakeFiles/SUPERGAMEPAD_RP2040.dir/lib/HOJA-LIB-RP2040/src/input/stick_scaling.c.obj
                0x10003df4                stick_scaling_get_settings
 .text.stick_scaling_set_settings
                0x10003e84       0x48 CMakeFiles/SUPERGAMEPAD_RP2040.dir/lib/HOJA-LIB-RP2040/src/input/stick_scaling.c.obj
                0x10003e84                stick_scaling_set_settings
 .text.stick_scaling_init
                0x10003ecc       0x24 CMakeFiles/SUPERGAMEPAD_RP2040.dir/lib/HOJA-LIB-RP2040/src/input/stick_scaling.c.obj
                0x10003ecc                stick_scaling_init
 .text.stick_scaling_reset_distances
                0x10003ef0       0x48 CMakeFiles/SUPERGAMEPAD_RP2040.dir/lib/HOJA-LIB-RP2040/src/input/stick_scaling.c.obj
                0x10003ef0                stick_scaling_reset_distances
 .text.stick_scaling_capture_distances
                0x10003f38      0x178 CMakeFiles/SUPERGAMEPAD_RP2040.dir/lib/HOJA-LIB-RP2040/src/input/stick_scaling.c.obj
                0x10003f38                stick_scaling_capture_distances
 .text.stick_scaling_capture_center
                0x100040b0       0x2c CMakeFiles/SUPERGAMEPAD_RP2040.dir/lib/HOJA-LIB-RP2040/src/input/stick_scaling.c.obj
                0x100040b0                stick_scaling_capture_center
 .text.stick_scaling_capture_angle
                0x100040dc      0x134 CMakeFiles/SUPERGAMEPAD_RP2040.dir/lib/HOJA-LIB-RP2040/src/input/stick_scaling.c.obj
                0x100040dc                stick_scaling_capture_angle
 .text.stick_scaling_process_data
                0x10004210       0xe0 CMakeFiles/SUPERGAMEPAD_RP2040.dir/lib/HOJA-LIB-RP2040/src/input/stick_scaling.c.obj
                0x10004210                stick_scaling_process_data
 .text.analog_send_reset
                0x100042f0       0x24 CMakeFiles/SUPERGAMEPAD_RP2040.dir/lib/HOJA-LIB-RP2040/src/input/analog.c.obj
                0x100042f0                analog_send_reset
 .text.analog_calibrate_start
                0x10004314       0x30 CMakeFiles/SUPERGAMEPAD_RP2040.dir/lib/HOJA-LIB-RP2040/src/input/analog.c.obj
                0x10004314                analog_calibrate_start
 .text.analog_init
                0x10004344       0x40 CMakeFiles/SUPERGAMEPAD_RP2040.dir/lib/HOJA-LIB-RP2040/src/input/analog.c.obj
                0x10004344                analog_init
 .text.analog_calibrate_stop
                0x10004384       0x34 CMakeFiles/SUPERGAMEPAD_RP2040.dir/lib/HOJA-LIB-RP2040/src/input/analog.c.obj
                0x10004384                analog_calibrate_stop
 .text.analog_calibrate_save
                0x100043b8       0x3c CMakeFiles/SUPERGAMEPAD_RP2040.dir/lib/HOJA-LIB-RP2040/src/input/analog.c.obj
                0x100043b8                analog_calibrate_save
 .text.analog_calibrate_angle
                0x100043f4       0x10 CMakeFiles/SUPERGAMEPAD_RP2040.dir/lib/HOJA-LIB-RP2040/src/input/analog.c.obj
                0x100043f4                analog_calibrate_angle
 .text._analog_calibrate_loop
                0x10004404       0x64 CMakeFiles/SUPERGAMEPAD_RP2040.dir/lib/HOJA-LIB-RP2040/src/input/analog.c.obj
                0x10004404                _analog_calibrate_loop
 .text._analog_distance_check
                0x10004468       0x44 CMakeFiles/SUPERGAMEPAD_RP2040.dir/lib/HOJA-LIB-RP2040/src/input/analog.c.obj
                0x10004468                _analog_distance_check
 .text.analog_task
                0x100044ac       0xe0 CMakeFiles/SUPERGAMEPAD_RP2040.dir/lib/HOJA-LIB-RP2040/src/input/analog.c.obj
                0x100044ac                analog_task
 .text.macro_handler_task
                0x1000458c      0x108 CMakeFiles/SUPERGAMEPAD_RP2040.dir/lib/HOJA-LIB-RP2040/src/input/macros.c.obj
                0x1000458c                macro_handler_task
 .text.macro_safe_mode_check
                0x10004694        0xc CMakeFiles/SUPERGAMEPAD_RP2040.dir/lib/HOJA-LIB-RP2040/src/input/macros.c.obj
                0x10004694                macro_safe_mode_check
 .text.gcinput_hid_report
                0x100046a0      0x3c0 CMakeFiles/SUPERGAMEPAD_RP2040.dir/lib/HOJA-LIB-RP2040/src/devices/gcinput.c.obj
                0x100046a0                gcinput_hid_report
 .text.joybus_program_init
                0x10004a60      0x1a0 CMakeFiles/SUPERGAMEPAD_RP2040.dir/lib/HOJA-LIB-RP2040/src/devices/gamecube.c.obj
 .text._gamecube_isr_txdone
                0x10004c00       0x54 CMakeFiles/SUPERGAMEPAD_RP2040.dir/lib/HOJA-LIB-RP2040/src/devices/gamecube.c.obj
 .text._gamecube_send_probe
                0x10004c54       0x34 CMakeFiles/SUPERGAMEPAD_RP2040.dir/lib/HOJA-LIB-RP2040/src/devices/gamecube.c.obj
                0x10004c54                _gamecube_send_probe
 .text._gamecube_send_origin
                0x10004c88       0x9c CMakeFiles/SUPERGAMEPAD_RP2040.dir/lib/HOJA-LIB-RP2040/src/devices/gamecube.c.obj
                0x10004c88                _gamecube_send_origin
 .text._gamecube_send_poll
                0x10004d24       0xa0 CMakeFiles/SUPERGAMEPAD_RP2040.dir/lib/HOJA-LIB-RP2040/src/devices/gamecube.c.obj
                0x10004d24                _gamecube_send_poll
 .text._gamecube_reset_state
                0x10004dc4       0x48 CMakeFiles/SUPERGAMEPAD_RP2040.dir/lib/HOJA-LIB-RP2040/src/devices/gamecube.c.obj
                0x10004dc4                _gamecube_reset_state
 .text._gamecube_isr_handler
                0x10004e0c       0x34 CMakeFiles/SUPERGAMEPAD_RP2040.dir/lib/HOJA-LIB-RP2040/src/devices/gamecube.c.obj
 .text.gamecube_comms_task
                0x10004e40      0x464 CMakeFiles/SUPERGAMEPAD_RP2040.dir/lib/HOJA-LIB-RP2040/src/devices/gamecube.c.obj
                0x10004e40                gamecube_comms_task
 .text.joybus_program_init
                0x100052a4      0x1a0 CMakeFiles/SUPERGAMEPAD_RP2040.dir/lib/HOJA-LIB-RP2040/src/devices/n64.c.obj
 .text._n64_isr_txdone
                0x10005444       0x54 CMakeFiles/SUPERGAMEPAD_RP2040.dir/lib/HOJA-LIB-RP2040/src/devices/n64.c.obj
 .text._n64_get_crc
                0x10005498       0x10 CMakeFiles/SUPERGAMEPAD_RP2040.dir/lib/HOJA-LIB-RP2040/src/devices/n64.c.obj
                0x10005498                _n64_get_crc
 .text._n64_send_probe
                0x100054a8       0x34 CMakeFiles/SUPERGAMEPAD_RP2040.dir/lib/HOJA-LIB-RP2040/src/devices/n64.c.obj
                0x100054a8                _n64_send_probe
 .text._n64_send_pak_write
                0x100054dc       0x1c CMakeFiles/SUPERGAMEPAD_RP2040.dir/lib/HOJA-LIB-RP2040/src/devices/n64.c.obj
                0x100054dc                _n64_send_pak_write
 .text._n64_send_poll
                0x100054f8       0x5c CMakeFiles/SUPERGAMEPAD_RP2040.dir/lib/HOJA-LIB-RP2040/src/devices/n64.c.obj
                0x100054f8                _n64_send_poll
 .text._n64_isr_handler
                0x10005554       0x34 CMakeFiles/SUPERGAMEPAD_RP2040.dir/lib/HOJA-LIB-RP2040/src/devices/n64.c.obj
 .text._n64_reset_state
                0x10005588       0x48 CMakeFiles/SUPERGAMEPAD_RP2040.dir/lib/HOJA-LIB-RP2040/src/devices/n64.c.obj
                0x10005588                _n64_reset_state
 .text.n64_comms_task
                0x100055d0      0x244 CMakeFiles/SUPERGAMEPAD_RP2040.dir/lib/HOJA-LIB-RP2040/src/devices/n64.c.obj
                0x100055d0                n64_comms_task
 .text._nspi_isr_handler
                0x10005814       0x78 CMakeFiles/SUPERGAMEPAD_RP2040.dir/lib/HOJA-LIB-RP2040/src/devices/nspi.c.obj
 .text.nspi_init
                0x1000588c      0x2c4 CMakeFiles/SUPERGAMEPAD_RP2040.dir/lib/HOJA-LIB-RP2040/src/devices/nspi.c.obj
                0x1000588c                nspi_init
 .text.nspi_comms_task
                0x10005b50      0x190 CMakeFiles/SUPERGAMEPAD_RP2040.dir/lib/HOJA-LIB-RP2040/src/devices/nspi.c.obj
                0x10005b50                nspi_comms_task
 .text.swpro_hid_report
                0x10005ce0      0x16c CMakeFiles/SUPERGAMEPAD_RP2040.dir/lib/HOJA-LIB-RP2040/src/devices/swpro.c.obj
                0x10005ce0                swpro_hid_report
 .text.webusb_output_enabled
                0x10005e4c        0xc CMakeFiles/SUPERGAMEPAD_RP2040.dir/lib/HOJA-LIB-RP2040/src/devices/webusb.c.obj
                0x10005e4c                webusb_output_enabled
 .text.webusb_enable_output
                0x10005e58        0xc CMakeFiles/SUPERGAMEPAD_RP2040.dir/lib/HOJA-LIB-RP2040/src/devices/webusb.c.obj
                0x10005e58                webusb_enable_output
 .text.webusb_ready_blocking
                0x10005e64       0x3e CMakeFiles/SUPERGAMEPAD_RP2040.dir/lib/HOJA-LIB-RP2040/src/devices/webusb.c.obj
                0x10005e64                webusb_ready_blocking
 *fill*         0x10005ea2        0x2 
 .text.webusb_save_confirm
                0x10005ea4       0x40 CMakeFiles/SUPERGAMEPAD_RP2040.dir/lib/HOJA-LIB-RP2040/src/devices/webusb.c.obj
                0x10005ea4                webusb_save_confirm
 .text.webusb_input_report_task
                0x10005ee4       0xdc CMakeFiles/SUPERGAMEPAD_RP2040.dir/lib/HOJA-LIB-RP2040/src/devices/webusb.c.obj
                0x10005ee4                webusb_input_report_task
 .text.webusb_command_processor
                0x10005fc0      0x360 CMakeFiles/SUPERGAMEPAD_RP2040.dir/lib/HOJA-LIB-RP2040/src/devices/webusb.c.obj
                0x10005fc0                webusb_command_processor
 .text.sign_axis
                0x10006320       0x24 CMakeFiles/SUPERGAMEPAD_RP2040.dir/lib/HOJA-LIB-RP2040/src/devices/xinput.c.obj
                0x10006320                sign_axis
 .text.xinput_hid_report
                0x10006344      0x144 CMakeFiles/SUPERGAMEPAD_RP2040.dir/lib/HOJA-LIB-RP2040/src/devices/xinput.c.obj
                0x10006344                xinput_hid_report
 .text.btinput_init
                0x10006488       0xa4 CMakeFiles/SUPERGAMEPAD_RP2040.dir/lib/HOJA-LIB-RP2040/src/devices/btinput.c.obj
                0x10006488                btinput_init
 .text._btinput_message_parse
                0x1000652c       0xa4 CMakeFiles/SUPERGAMEPAD_RP2040.dir/lib/HOJA-LIB-RP2040/src/devices/btinput.c.obj
                0x1000652c                _btinput_message_parse
 .text.btinput_comms_task
                0x100065d0      0x164 CMakeFiles/SUPERGAMEPAD_RP2040.dir/lib/HOJA-LIB-RP2040/src/devices/btinput.c.obj
                0x100065d0                btinput_comms_task
 .text.gpio_set_function
                0x10006734       0x30 CMakeFiles/SUPERGAMEPAD_RP2040.dir/C_/Program_Files/Raspberry_Pi/Pico_SDK_v1.5.1/pico-sdk/src/rp2_common/hardware_gpio/gpio.c.obj
                0x10006734                gpio_set_function
 .text.gpio_set_pulls
                0x10006764       0x34 CMakeFiles/SUPERGAMEPAD_RP2040.dir/C_/Program_Files/Raspberry_Pi/Pico_SDK_v1.5.1/pico-sdk/src/rp2_common/hardware_gpio/gpio.c.obj
                0x10006764                gpio_set_pulls
 .text.gpio_init
                0x10006798       0x16 CMakeFiles/SUPERGAMEPAD_RP2040.dir/C_/Program_Files/Raspberry_Pi/Pico_SDK_v1.5.1/pico-sdk/src/rp2_common/hardware_gpio/gpio.c.obj
                0x10006798                gpio_init
 *fill*         0x100067ae        0x2 
 .text.running_on_fpga
                0x100067b0       0x14 CMakeFiles/SUPERGAMEPAD_RP2040.dir/C_/Program_Files/Raspberry_Pi/Pico_SDK_v1.5.1/pico-sdk/src/rp2_common/pico_platform/platform.c.obj
                0x100067b0                running_on_fpga
 .text.hw_claim_lock
                0x100067c4       0x18 CMakeFiles/SUPERGAMEPAD_RP2040.dir/C_/Program_Files/Raspberry_Pi/Pico_SDK_v1.5.1/pico-sdk/src/rp2_common/hardware_claim/claim.c.obj
                0x100067c4                hw_claim_lock
 .text.hw_claim_unlock
                0x100067dc       0x14 CMakeFiles/SUPERGAMEPAD_RP2040.dir/C_/Program_Files/Raspberry_Pi/Pico_SDK_v1.5.1/pico-sdk/src/rp2_common/hardware_claim/claim.c.obj
                0x100067dc                hw_claim_unlock
 .text.hw_claim_or_assert
                0x100067f0       0x32 CMakeFiles/SUPERGAMEPAD_RP2040.dir/C_/Program_Files/Raspberry_Pi/Pico_SDK_v1.5.1/pico-sdk/src/rp2_common/hardware_claim/claim.c.obj
                0x100067f0                hw_claim_or_assert
 .text.hw_claim_unused_from_range
                0x10006822       0x50 CMakeFiles/SUPERGAMEPAD_RP2040.dir/C_/Program_Files/Raspberry_Pi/Pico_SDK_v1.5.1/pico-sdk/src/rp2_common/hardware_claim/claim.c.obj
                0x10006822                hw_claim_unused_from_range
 *fill*         0x10006872        0x2 
 .text.spin_locks_reset
                0x10006874       0x20 CMakeFiles/SUPERGAMEPAD_RP2040.dir/C_/Program_Files/Raspberry_Pi/Pico_SDK_v1.5.1/pico-sdk/src/rp2_common/hardware_sync/sync.c.obj
                0x10006874                spin_locks_reset
 .text.next_striped_spin_lock_num
                0x10006894       0x1c CMakeFiles/SUPERGAMEPAD_RP2040.dir/C_/Program_Files/Raspberry_Pi/Pico_SDK_v1.5.1/pico-sdk/src/rp2_common/hardware_sync/sync.c.obj
                0x10006894                next_striped_spin_lock_num
 .text.spin_lock_claim_unused
                0x100068b0       0x20 CMakeFiles/SUPERGAMEPAD_RP2040.dir/C_/Program_Files/Raspberry_Pi/Pico_SDK_v1.5.1/pico-sdk/src/rp2_common/hardware_sync/sync.c.obj
                0x100068b0                spin_lock_claim_unused
 .text.set_raw_irq_handler_and_unlock
                0x100068d0       0x28 CMakeFiles/SUPERGAMEPAD_RP2040.dir/C_/Program_Files/Raspberry_Pi/Pico_SDK_v1.5.1/pico-sdk/src/rp2_common/hardware_irq/irq.c.obj
 .text.make_branch
                0x100068f8       0x48 CMakeFiles/SUPERGAMEPAD_RP2040.dir/C_/Program_Files/Raspberry_Pi/Pico_SDK_v1.5.1/pico-sdk/src/rp2_common/hardware_irq/irq.c.obj
 .text.insert_branch_and_link
                0x10006940       0x40 CMakeFiles/SUPERGAMEPAD_RP2040.dir/C_/Program_Files/Raspberry_Pi/Pico_SDK_v1.5.1/pico-sdk/src/rp2_common/hardware_irq/irq.c.obj
 .text.irq_is_enabled
                0x10006980       0x18 CMakeFiles/SUPERGAMEPAD_RP2040.dir/C_/Program_Files/Raspberry_Pi/Pico_SDK_v1.5.1/pico-sdk/src/rp2_common/hardware_irq/irq.c.obj
                0x10006980                irq_is_enabled
 .text.irq_set_mask_enabled
                0x10006998       0x20 CMakeFiles/SUPERGAMEPAD_RP2040.dir/C_/Program_Files/Raspberry_Pi/Pico_SDK_v1.5.1/pico-sdk/src/rp2_common/hardware_irq/irq.c.obj
                0x10006998                irq_set_mask_enabled
 .text.irq_set_enabled
                0x100069b8        0xe CMakeFiles/SUPERGAMEPAD_RP2040.dir/C_/Program_Files/Raspberry_Pi/Pico_SDK_v1.5.1/pico-sdk/src/rp2_common/hardware_irq/irq.c.obj
                0x100069b8                irq_set_enabled
 *fill*         0x100069c6        0x2 
 .text.irq_get_vtable_handler
                0x100069c8       0x10 CMakeFiles/SUPERGAMEPAD_RP2040.dir/C_/Program_Files/Raspberry_Pi/Pico_SDK_v1.5.1/pico-sdk/src/rp2_common/hardware_irq/irq.c.obj
                0x100069c8                irq_get_vtable_handler
 .text.irq_set_exclusive_handler
                0x100069d8       0x54 CMakeFiles/SUPERGAMEPAD_RP2040.dir/C_/Program_Files/Raspberry_Pi/Pico_SDK_v1.5.1/pico-sdk/src/rp2_common/hardware_irq/irq.c.obj
                0x100069d8                irq_set_exclusive_handler
 .text.irq_add_shared_handler
                0x10006a2c      0x234 CMakeFiles/SUPERGAMEPAD_RP2040.dir/C_/Program_Files/Raspberry_Pi/Pico_SDK_v1.5.1/pico-sdk/src/rp2_common/hardware_irq/irq.c.obj
                0x10006a2c                irq_add_shared_handler
 .text.irq_remove_handler
                0x10006c60      0x1ac CMakeFiles/SUPERGAMEPAD_RP2040.dir/C_/Program_Files/Raspberry_Pi/Pico_SDK_v1.5.1/pico-sdk/src/rp2_common/hardware_irq/irq.c.obj
                0x10006c60                irq_remove_handler
 .text.irq_add_tail_to_free_list
                0x10006e0c       0xf0 CMakeFiles/SUPERGAMEPAD_RP2040.dir/C_/Program_Files/Raspberry_Pi/Pico_SDK_v1.5.1/pico-sdk/src/rp2_common/hardware_irq/irq.c.obj
                0x10006e0c                irq_add_tail_to_free_list
 .text.irq_init_priorities
                0x10006efc       0x1c CMakeFiles/SUPERGAMEPAD_RP2040.dir/C_/Program_Files/Raspberry_Pi/Pico_SDK_v1.5.1/pico-sdk/src/rp2_common/hardware_irq/irq.c.obj
                0x10006efc                irq_init_priorities
 .text.lock_init
                0x10006f18       0x10 CMakeFiles/SUPERGAMEPAD_RP2040.dir/C_/Program_Files/Raspberry_Pi/Pico_SDK_v1.5.1/pico-sdk/src/common/pico_sync/lock_core.c.obj
                0x10006f18                lock_init
 .text.mutex_init
                0x10006f28       0x1a CMakeFiles/SUPERGAMEPAD_RP2040.dir/C_/Program_Files/Raspberry_Pi/Pico_SDK_v1.5.1/pico-sdk/src/common/pico_sync/mutex.c.obj
                0x10006f28                mutex_init
 .text.recursive_mutex_init
                0x10006f42       0x1e CMakeFiles/SUPERGAMEPAD_RP2040.dir/C_/Program_Files/Raspberry_Pi/Pico_SDK_v1.5.1/pico-sdk/src/common/pico_sync/mutex.c.obj
                0x10006f42                recursive_mutex_init
 .text.critical_section_init_with_lock_num
                0x10006f60       0x14 CMakeFiles/SUPERGAMEPAD_RP2040.dir/C_/Program_Files/Raspberry_Pi/Pico_SDK_v1.5.1/pico-sdk/src/common/pico_sync/critical_section.c.obj
                0x10006f60                critical_section_init_with_lock_num
 .text.critical_section_init
                0x10006f74       0x14 CMakeFiles/SUPERGAMEPAD_RP2040.dir/C_/Program_Files/Raspberry_Pi/Pico_SDK_v1.5.1/pico-sdk/src/common/pico_sync/critical_section.c.obj
                0x10006f74                critical_section_init
 .text.alarm_pool_post_alloc_init
                0x10006f88       0x40 CMakeFiles/SUPERGAMEPAD_RP2040.dir/C_/Program_Files/Raspberry_Pi/Pico_SDK_v1.5.1/pico-sdk/src/common/pico_time/time.c.obj
 .text.sleep_until_callback
                0x10006fc8       0x30 CMakeFiles/SUPERGAMEPAD_RP2040.dir/C_/Program_Files/Raspberry_Pi/Pico_SDK_v1.5.1/pico-sdk/src/common/pico_time/time.c.obj
 .text.timer_pool_entry_comparator
                0x10006ff8       0x7c CMakeFiles/SUPERGAMEPAD_RP2040.dir/C_/Program_Files/Raspberry_Pi/Pico_SDK_v1.5.1/pico-sdk/src/common/pico_time/time.c.obj
                0x10006ff8                timer_pool_entry_comparator
 .text.ph_add_child_node
                0x10007074       0xa4 CMakeFiles/SUPERGAMEPAD_RP2040.dir/C_/Program_Files/Raspberry_Pi/Pico_SDK_v1.5.1/pico-sdk/src/common/pico_time/time.c.obj
 .text.ph_merge_nodes
                0x10007118       0x3e CMakeFiles/SUPERGAMEPAD_RP2040.dir/C_/Program_Files/Raspberry_Pi/Pico_SDK_v1.5.1/pico-sdk/src/common/pico_time/time.c.obj
 *fill*         0x10007156        0x2 
 .text.add_alarm_under_lock
                0x10007158      0x174 CMakeFiles/SUPERGAMEPAD_RP2040.dir/C_/Program_Files/Raspberry_Pi/Pico_SDK_v1.5.1/pico-sdk/src/common/pico_time/time.c.obj
 .text.alarm_pool_alarm_callback
                0x100072cc      0x33c CMakeFiles/SUPERGAMEPAD_RP2040.dir/C_/Program_Files/Raspberry_Pi/Pico_SDK_v1.5.1/pico-sdk/src/common/pico_time/time.c.obj
 .text.alarm_pool_init_default
                0x10007608       0x40 CMakeFiles/SUPERGAMEPAD_RP2040.dir/C_/Program_Files/Raspberry_Pi/Pico_SDK_v1.5.1/pico-sdk/src/common/pico_time/time.c.obj
                0x10007608                alarm_pool_init_default
 .text.alarm_pool_get_default
                0x10007648       0x2c CMakeFiles/SUPERGAMEPAD_RP2040.dir/C_/Program_Files/Raspberry_Pi/Pico_SDK_v1.5.1/pico-sdk/src/common/pico_time/time.c.obj
                0x10007648                alarm_pool_get_default
 .text.alarm_pool_add_alarm_at
                0x10007674      0x168 CMakeFiles/SUPERGAMEPAD_RP2040.dir/C_/Program_Files/Raspberry_Pi/Pico_SDK_v1.5.1/pico-sdk/src/common/pico_time/time.c.obj
                0x10007674                alarm_pool_add_alarm_at
 .text.alarm_pool_cancel_alarm
                0x100077dc       0xf8 CMakeFiles/SUPERGAMEPAD_RP2040.dir/C_/Program_Files/Raspberry_Pi/Pico_SDK_v1.5.1/pico-sdk/src/common/pico_time/time.c.obj
                0x100077dc                alarm_pool_cancel_alarm
 .text.sleep_until
                0x100078d4       0xfc CMakeFiles/SUPERGAMEPAD_RP2040.dir/C_/Program_Files/Raspberry_Pi/Pico_SDK_v1.5.1/pico-sdk/src/common/pico_time/time.c.obj
                0x100078d4                sleep_until
 .text.sleep_us
                0x100079d0       0x58 CMakeFiles/SUPERGAMEPAD_RP2040.dir/C_/Program_Files/Raspberry_Pi/Pico_SDK_v1.5.1/pico-sdk/src/common/pico_time/time.c.obj
                0x100079d0                sleep_us
 .text.sleep_ms
                0x10007a28       0x14 CMakeFiles/SUPERGAMEPAD_RP2040.dir/C_/Program_Files/Raspberry_Pi/Pico_SDK_v1.5.1/pico-sdk/src/common/pico_time/time.c.obj
                0x10007a28                sleep_ms
 .text.best_effort_wfe_or_timeout
                0x10007a3c       0xac CMakeFiles/SUPERGAMEPAD_RP2040.dir/C_/Program_Files/Raspberry_Pi/Pico_SDK_v1.5.1/pico-sdk/src/common/pico_time/time.c.obj
                0x10007a3c                best_effort_wfe_or_timeout
 .text.check_single_timeout_us
                0x10007ae8       0x2c CMakeFiles/SUPERGAMEPAD_RP2040.dir/C_/Program_Files/Raspberry_Pi/Pico_SDK_v1.5.1/pico-sdk/src/common/pico_time/timeout_helper.c.obj
 .text.init_single_timeout_until
                0x10007b14        0xc CMakeFiles/SUPERGAMEPAD_RP2040.dir/C_/Program_Files/Raspberry_Pi/Pico_SDK_v1.5.1/pico-sdk/src/common/pico_time/timeout_helper.c.obj
                0x10007b14                init_single_timeout_until
 .text.hardware_alarm_irq_handler
                0x10007b20       0x90 CMakeFiles/SUPERGAMEPAD_RP2040.dir/C_/Program_Files/Raspberry_Pi/Pico_SDK_v1.5.1/pico-sdk/src/rp2_common/hardware_timer/timer.c.obj
 .text.hardware_alarm_claim
                0x10007bb0       0x18 CMakeFiles/SUPERGAMEPAD_RP2040.dir/C_/Program_Files/Raspberry_Pi/Pico_SDK_v1.5.1/pico-sdk/src/rp2_common/hardware_timer/timer.c.obj
                0x10007bb0                hardware_alarm_claim
 .text.time_us_64
                0x10007bc8       0x18 CMakeFiles/SUPERGAMEPAD_RP2040.dir/C_/Program_Files/Raspberry_Pi/Pico_SDK_v1.5.1/pico-sdk/src/rp2_common/hardware_timer/timer.c.obj
                0x10007bc8                time_us_64
 .text.busy_wait_until
                0x10007be0       0x28 CMakeFiles/SUPERGAMEPAD_RP2040.dir/C_/Program_Files/Raspberry_Pi/Pico_SDK_v1.5.1/pico-sdk/src/rp2_common/hardware_timer/timer.c.obj
                0x10007be0                busy_wait_until
 .text.busy_wait_us
                0x10007c08       0x48 CMakeFiles/SUPERGAMEPAD_RP2040.dir/C_/Program_Files/Raspberry_Pi/Pico_SDK_v1.5.1/pico-sdk/src/rp2_common/hardware_timer/timer.c.obj
                0x10007c08                busy_wait_us
 .text.hardware_alarm_set_callback
                0x10007c50       0x90 CMakeFiles/SUPERGAMEPAD_RP2040.dir/C_/Program_Files/Raspberry_Pi/Pico_SDK_v1.5.1/pico-sdk/src/rp2_common/hardware_timer/timer.c.obj
                0x10007c50                hardware_alarm_set_callback
 .text.hardware_alarm_set_target
                0x10007ce0       0xe8 CMakeFiles/SUPERGAMEPAD_RP2040.dir/C_/Program_Files/Raspberry_Pi/Pico_SDK_v1.5.1/pico-sdk/src/rp2_common/hardware_timer/timer.c.obj
                0x10007ce0                hardware_alarm_set_target
 .text.hardware_alarm_cancel
                0x10007dc8       0x40 CMakeFiles/SUPERGAMEPAD_RP2040.dir/C_/Program_Files/Raspberry_Pi/Pico_SDK_v1.5.1/pico-sdk/src/rp2_common/hardware_timer/timer.c.obj
                0x10007dc8                hardware_alarm_cancel
 .text.ph_add_child_node
                0x10007e08       0xa4 CMakeFiles/SUPERGAMEPAD_RP2040.dir/C_/Program_Files/Raspberry_Pi/Pico_SDK_v1.5.1/pico-sdk/src/common/pico_util/pheap.c.obj
 .text.ph_merge_nodes
                0x10007eac       0x3e CMakeFiles/SUPERGAMEPAD_RP2040.dir/C_/Program_Files/Raspberry_Pi/Pico_SDK_v1.5.1/pico-sdk/src/common/pico_util/pheap.c.obj
 *fill*         0x10007eea        0x2 
 .text.ph_clear
                0x10007eec       0x70 CMakeFiles/SUPERGAMEPAD_RP2040.dir/C_/Program_Files/Raspberry_Pi/Pico_SDK_v1.5.1/pico-sdk/src/common/pico_util/pheap.c.obj
                0x10007eec                ph_clear
 .text.ph_post_alloc_init
                0x10007f5c        0xe CMakeFiles/SUPERGAMEPAD_RP2040.dir/C_/Program_Files/Raspberry_Pi/Pico_SDK_v1.5.1/pico-sdk/src/common/pico_util/pheap.c.obj
                0x10007f5c                ph_post_alloc_init
 *fill*         0x10007f6a        0x2 
 .text.ph_merge_two_pass
                0x10007f6c       0xa8 CMakeFiles/SUPERGAMEPAD_RP2040.dir/C_/Program_Files/Raspberry_Pi/Pico_SDK_v1.5.1/pico-sdk/src/common/pico_util/pheap.c.obj
                0x10007f6c                ph_merge_two_pass
 .text.ph_remove_any_head
                0x10008014      0x128 CMakeFiles/SUPERGAMEPAD_RP2040.dir/C_/Program_Files/Raspberry_Pi/Pico_SDK_v1.5.1/pico-sdk/src/common/pico_util/pheap.c.obj
 .text.ph_remove_head
                0x1000813c       0x14 CMakeFiles/SUPERGAMEPAD_RP2040.dir/C_/Program_Files/Raspberry_Pi/Pico_SDK_v1.5.1/pico-sdk/src/common/pico_util/pheap.c.obj
                0x1000813c                ph_remove_head
 .text.ph_remove_and_free_node
                0x10008150       0xf8 CMakeFiles/SUPERGAMEPAD_RP2040.dir/C_/Program_Files/Raspberry_Pi/Pico_SDK_v1.5.1/pico-sdk/src/common/pico_util/pheap.c.obj
                0x10008150                ph_remove_and_free_node
 .text.uart_disable_before_lcr_write
                0x10008248       0x48 CMakeFiles/SUPERGAMEPAD_RP2040.dir/C_/Program_Files/Raspberry_Pi/Pico_SDK_v1.5.1/pico-sdk/src/rp2_common/hardware_uart/uart.c.obj
 .text.uart_write_lcr_bits_masked
                0x10008290       0x22 CMakeFiles/SUPERGAMEPAD_RP2040.dir/C_/Program_Files/Raspberry_Pi/Pico_SDK_v1.5.1/pico-sdk/src/rp2_common/hardware_uart/uart.c.obj
 *fill*         0x100082b2        0x2 
 .text.uart_set_baudrate
                0x100082b4       0x5c CMakeFiles/SUPERGAMEPAD_RP2040.dir/C_/Program_Files/Raspberry_Pi/Pico_SDK_v1.5.1/pico-sdk/src/rp2_common/hardware_uart/uart.c.obj
                0x100082b4                uart_set_baudrate
 .text.uart_set_format
                0x10008310       0x2c CMakeFiles/SUPERGAMEPAD_RP2040.dir/C_/Program_Files/Raspberry_Pi/Pico_SDK_v1.5.1/pico-sdk/src/rp2_common/hardware_uart/uart.c.obj
                0x10008310                uart_set_format
 .text.uart_set_translate_crlf
                0x1000833c       0x28 CMakeFiles/SUPERGAMEPAD_RP2040.dir/C_/Program_Files/Raspberry_Pi/Pico_SDK_v1.5.1/pico-sdk/src/rp2_common/hardware_uart/uart.c.obj
                0x1000833c                uart_set_translate_crlf
 .text.uart_init
                0x10008364       0x80 CMakeFiles/SUPERGAMEPAD_RP2040.dir/C_/Program_Files/Raspberry_Pi/Pico_SDK_v1.5.1/pico-sdk/src/rp2_common/hardware_uart/uart.c.obj
                0x10008364                uart_init
 .text.clock_configure
                0x100083e4      0x108 CMakeFiles/SUPERGAMEPAD_RP2040.dir/C_/Program_Files/Raspberry_Pi/Pico_SDK_v1.5.1/pico-sdk/src/rp2_common/hardware_clocks/clocks.c.obj
                0x100083e4                clock_configure
 .text.clocks_init
                0x100084ec      0x100 CMakeFiles/SUPERGAMEPAD_RP2040.dir/C_/Program_Files/Raspberry_Pi/Pico_SDK_v1.5.1/pico-sdk/src/rp2_common/hardware_clocks/clocks.c.obj
                0x100084ec                clocks_init
 .text.clock_get_hz
                0x100085ec        0xc CMakeFiles/SUPERGAMEPAD_RP2040.dir/C_/Program_Files/Raspberry_Pi/Pico_SDK_v1.5.1/pico-sdk/src/rp2_common/hardware_clocks/clocks.c.obj
                0x100085ec                clock_get_hz
 .text.pll_init
                0x100085f8      0x120 CMakeFiles/SUPERGAMEPAD_RP2040.dir/C_/Program_Files/Raspberry_Pi/Pico_SDK_v1.5.1/pico-sdk/src/rp2_common/hardware_pll/pll.c.obj
                0x100085f8                pll_init
 .text.watchdog_start_tick
                0x10008718       0x10 CMakeFiles/SUPERGAMEPAD_RP2040.dir/C_/Program_Files/Raspberry_Pi/Pico_SDK_v1.5.1/pico-sdk/src/rp2_common/hardware_watchdog/watchdog.c.obj
                0x10008718                watchdog_start_tick
 .text.xosc_init
                0x10008728       0x2c CMakeFiles/SUPERGAMEPAD_RP2040.dir/C_/Program_Files/Raspberry_Pi/Pico_SDK_v1.5.1/pico-sdk/src/rp2_common/hardware_xosc/xosc.c.obj
                0x10008728                xosc_init
 .text._exit    0x10008754        0x4 CMakeFiles/SUPERGAMEPAD_RP2040.dir/C_/Program_Files/Raspberry_Pi/Pico_SDK_v1.5.1/pico-sdk/src/rp2_common/pico_runtime/runtime.c.obj
                0x10008754                _exit
 .text.exit     0x10008758        0x6 CMakeFiles/SUPERGAMEPAD_RP2040.dir/C_/Program_Files/Raspberry_Pi/Pico_SDK_v1.5.1/pico-sdk/src/rp2_common/pico_runtime/runtime.c.obj
                0x10008758                exit
 *fill*         0x1000875e        0x2 
 .text.__assert_func
                0x10008760       0x3c CMakeFiles/SUPERGAMEPAD_RP2040.dir/C_/Program_Files/Raspberry_Pi/Pico_SDK_v1.5.1/pico-sdk/src/rp2_common/pico_runtime/runtime.c.obj
                0x10008760                __assert_func
 .text.runtime_init
                0x1000879c       0xf8 CMakeFiles/SUPERGAMEPAD_RP2040.dir/C_/Program_Files/Raspberry_Pi/Pico_SDK_v1.5.1/pico-sdk/src/rp2_common/pico_runtime/runtime.c.obj
                0x1000879c                runtime_init
 .text.panic    0x10008894       0x30 CMakeFiles/SUPERGAMEPAD_RP2040.dir/C_/Program_Files/Raspberry_Pi/Pico_SDK_v1.5.1/pico-sdk/src/rp2_common/pico_runtime/runtime.c.obj
                0x10008894                panic
 .text._out_null
                0x100088c4        0x2 CMakeFiles/SUPERGAMEPAD_RP2040.dir/C_/Program_Files/Raspberry_Pi/Pico_SDK_v1.5.1/pico-sdk/src/rp2_common/pico_printf/printf.c.obj
 .text._out_fct
                0x100088c6        0xe CMakeFiles/SUPERGAMEPAD_RP2040.dir/C_/Program_Files/Raspberry_Pi/Pico_SDK_v1.5.1/pico-sdk/src/rp2_common/pico_printf/printf.c.obj
 .text._atoi    0x100088d4       0x24 CMakeFiles/SUPERGAMEPAD_RP2040.dir/C_/Program_Files/Raspberry_Pi/Pico_SDK_v1.5.1/pico-sdk/src/rp2_common/pico_printf/printf.c.obj
 .text._out_rev
                0x100088f8       0xae CMakeFiles/SUPERGAMEPAD_RP2040.dir/C_/Program_Files/Raspberry_Pi/Pico_SDK_v1.5.1/pico-sdk/src/rp2_common/pico_printf/printf.c.obj
 .text._ntoa_format
                0x100089a6      0x112 CMakeFiles/SUPERGAMEPAD_RP2040.dir/C_/Program_Files/Raspberry_Pi/Pico_SDK_v1.5.1/pico-sdk/src/rp2_common/pico_printf/printf.c.obj
 .text._ntoa_long
                0x10008ab8       0xbc CMakeFiles/SUPERGAMEPAD_RP2040.dir/C_/Program_Files/Raspberry_Pi/Pico_SDK_v1.5.1/pico-sdk/src/rp2_common/pico_printf/printf.c.obj
 .text._ntoa_long_long
                0x10008b74       0xe2 CMakeFiles/SUPERGAMEPAD_RP2040.dir/C_/Program_Files/Raspberry_Pi/Pico_SDK_v1.5.1/pico-sdk/src/rp2_common/pico_printf/printf.c.obj
 *fill*         0x10008c56        0x2 
 .text._etoa    0x10008c58      0x414 CMakeFiles/SUPERGAMEPAD_RP2040.dir/C_/Program_Files/Raspberry_Pi/Pico_SDK_v1.5.1/pico-sdk/src/rp2_common/pico_printf/printf.c.obj
 .text._ftoa    0x1000906c      0x354 CMakeFiles/SUPERGAMEPAD_RP2040.dir/C_/Program_Files/Raspberry_Pi/Pico_SDK_v1.5.1/pico-sdk/src/rp2_common/pico_printf/printf.c.obj
 .text._vsnprintf
                0x100093c0      0x624 CMakeFiles/SUPERGAMEPAD_RP2040.dir/C_/Program_Files/Raspberry_Pi/Pico_SDK_v1.5.1/pico-sdk/src/rp2_common/pico_printf/printf.c.obj
 .text.vfctprintf
                0x100099e4       0x20 CMakeFiles/SUPERGAMEPAD_RP2040.dir/C_/Program_Files/Raspberry_Pi/Pico_SDK_v1.5.1/pico-sdk/src/rp2_common/pico_printf/printf.c.obj
                0x100099e4                vfctprintf
 .text          0x10009a04       0x10 CMakeFiles/SUPERGAMEPAD_RP2040.dir/C_/Program_Files/Raspberry_Pi/Pico_SDK_v1.5.1/pico-sdk/src/rp2_common/pico_bit_ops/bit_ops_aeabi.S.obj
 .text.rom_func_lookup
                0x10009a14       0x10 CMakeFiles/SUPERGAMEPAD_RP2040.dir/C_/Program_Files/Raspberry_Pi/Pico_SDK_v1.5.1/pico-sdk/src/rp2_common/pico_bootrom/bootrom.c.obj
                0x10009a14                rom_func_lookup
 .text.rom_data_lookup
                0x10009a24       0x10 CMakeFiles/SUPERGAMEPAD_RP2040.dir/C_/Program_Files/Raspberry_Pi/Pico_SDK_v1.5.1/pico-sdk/src/rp2_common/pico_bootrom/bootrom.c.obj
                0x10009a24                rom_data_lookup
 .text.rom_funcs_lookup
                0x10009a34       0x36 CMakeFiles/SUPERGAMEPAD_RP2040.dir/C_/Program_Files/Raspberry_Pi/Pico_SDK_v1.5.1/pico-sdk/src/rp2_common/pico_bootrom/bootrom.c.obj
                0x10009a34                rom_funcs_lookup
 *fill*         0x10009a6a        0x2 
 .text.__wrap___aeabi_idiv
                0x10009a6c       0x50 CMakeFiles/SUPERGAMEPAD_RP2040.dir/C_/Program_Files/Raspberry_Pi/Pico_SDK_v1.5.1/pico-sdk/src/rp2_common/pico_divider/divider.S.obj
                0x10009a6c                __wrap___aeabi_idivmod
                0x10009a6c                divmod_s32s32
                0x10009a6c                div_s32s32
                0x10009a6c                __wrap___aeabi_idiv
                0x10009a74                divmod_s32s32_unsafe
                0x10009aa0                divmod_s32s32_savestate
 .text.__wrap___aeabi_uidiv
                0x10009abc       0x4c CMakeFiles/SUPERGAMEPAD_RP2040.dir/C_/Program_Files/Raspberry_Pi/Pico_SDK_v1.5.1/pico-sdk/src/rp2_common/pico_divider/divider.S.obj
                0x10009abc                __wrap___aeabi_uidiv
                0x10009abc                __wrap___aeabi_uidivmod
                0x10009abc                div_u32u32
                0x10009abc                divmod_u32u32
                0x10009ac4                divmod_u32u32_unsafe
                0x10009aec                divmod_u32u32_savestate
 .text.__wrap___aeabi_ldiv
                0x10009b08      0x424 CMakeFiles/SUPERGAMEPAD_RP2040.dir/C_/Program_Files/Raspberry_Pi/Pico_SDK_v1.5.1/pico-sdk/src/rp2_common/pico_divider/divider.S.obj
                0x10009b08                div_s64s64
                0x10009b08                divmod_s64s64
                0x10009b08                __wrap___aeabi_ldivmod
                0x10009b38                divmod_u64u64
                0x10009b38                div_u64u64
                0x10009b38                __wrap___aeabi_uldivmod
                0x10009b48                divmod_u64u64_savestate
                0x10009b68                divmod_s64s64_unsafe
                0x10009bf0                divmod_u64u64_unsafe
 .text.push_r8_r11
                0x10009f2c        0xc CMakeFiles/SUPERGAMEPAD_RP2040.dir/C_/Program_Files/Raspberry_Pi/Pico_SDK_v1.5.1/pico-sdk/src/rp2_common/pico_double/double_aeabi.S.obj
                0x10009f2c                push_r8_r11
 .text.pop_r8_r11
                0x10009f38        0xc CMakeFiles/SUPERGAMEPAD_RP2040.dir/C_/Program_Files/Raspberry_Pi/Pico_SDK_v1.5.1/pico-sdk/src/rp2_common/pico_double/double_aeabi.S.obj
                0x10009f38                pop_r8_r11
 .text.__wrap___aeabi_darithmetic
                0x10009f44       0x80 CMakeFiles/SUPERGAMEPAD_RP2040.dir/C_/Program_Files/Raspberry_Pi/Pico_SDK_v1.5.1/pico-sdk/src/rp2_common/pico_double/double_aeabi.S.obj
                0x10009f44                __wrap___aeabi_drsub
                0x10009f4a                __wrap___aeabi_dsub
                0x10009f5c                __wrap___aeabi_dadd
                0x10009f6e                __wrap___aeabi_ddiv
                0x10009faa                __wrap___aeabi_dmul
 .text.__wrap___aeabi_cdcmple
                0x10009fc4       0x6c CMakeFiles/SUPERGAMEPAD_RP2040.dir/C_/Program_Files/Raspberry_Pi/Pico_SDK_v1.5.1/pico-sdk/src/rp2_common/pico_double/double_aeabi.S.obj
                0x10009fc4                __wrap___aeabi_cdrcmple
                0x10009fd4                __wrap___aeabi_cdcmpeq
                0x10009fd4                __wrap___aeabi_cdcmple
 .text.__wrap___aeabi_dcmplt
                0x1000a030        0xc CMakeFiles/SUPERGAMEPAD_RP2040.dir/C_/Program_Files/Raspberry_Pi/Pico_SDK_v1.5.1/pico-sdk/src/rp2_common/pico_double/double_aeabi.S.obj
                0x1000a030                __wrap___aeabi_dcmplt
 .text.__wrap___aeabi_dcmple
                0x1000a03c       0x10 CMakeFiles/SUPERGAMEPAD_RP2040.dir/C_/Program_Files/Raspberry_Pi/Pico_SDK_v1.5.1/pico-sdk/src/rp2_common/pico_double/double_aeabi.S.obj
                0x1000a03c                __wrap___aeabi_dcmple
 .text.__wrap___aeabi_dcmpge
                0x1000a04c       0x10 CMakeFiles/SUPERGAMEPAD_RP2040.dir/C_/Program_Files/Raspberry_Pi/Pico_SDK_v1.5.1/pico-sdk/src/rp2_common/pico_double/double_aeabi.S.obj
                0x1000a04c                __wrap___aeabi_dcmpge
 .text.__wrap___aeabi_dcmpgt
                0x1000a05c        0xa CMakeFiles/SUPERGAMEPAD_RP2040.dir/C_/Program_Files/Raspberry_Pi/Pico_SDK_v1.5.1/pico-sdk/src/rp2_common/pico_double/double_aeabi.S.obj
                0x1000a05c                __wrap___aeabi_dcmpgt
 .text.__wrap___aeabi_dcmpun
                0x1000a066       0x1c CMakeFiles/SUPERGAMEPAD_RP2040.dir/C_/Program_Files/Raspberry_Pi/Pico_SDK_v1.5.1/pico-sdk/src/rp2_common/pico_double/double_aeabi.S.obj
                0x1000a066                __wrap___aeabi_dcmpun
 *fill*         0x1000a082        0x2 
 .text.__wrap___aeabi_i2d
                0x1000a084       0x38 CMakeFiles/SUPERGAMEPAD_RP2040.dir/C_/Program_Files/Raspberry_Pi/Pico_SDK_v1.5.1/pico-sdk/src/rp2_common/pico_double/double_aeabi.S.obj
                0x1000a084                __wrap___aeabi_ui2d
                0x1000a08c                __wrap___aeabi_i2d
 .text.__wrap___aeabi_d2iz
                0x1000a0bc       0x48 CMakeFiles/SUPERGAMEPAD_RP2040.dir/C_/Program_Files/Raspberry_Pi/Pico_SDK_v1.5.1/pico-sdk/src/rp2_common/pico_double/double_aeabi.S.obj
                0x1000a0bc                double2int_z
                0x1000a0bc                __wrap___aeabi_d2iz
 .text.__wrap___aeabi_d2uiz
                0x1000a104       0x18 CMakeFiles/SUPERGAMEPAD_RP2040.dir/C_/Program_Files/Raspberry_Pi/Pico_SDK_v1.5.1/pico-sdk/src/rp2_common/pico_double/double_aeabi.S.obj
                0x1000a104                __wrap___aeabi_d2uiz
                0x1000a104                double2uint
 .text.fix642double
                0x1000a11c       0x18 CMakeFiles/SUPERGAMEPAD_RP2040.dir/C_/Program_Files/Raspberry_Pi/Pico_SDK_v1.5.1/pico-sdk/src/rp2_common/pico_double/double_aeabi.S.obj
                0x1000a11c                fix642double
 .text.__wrap___aeabi_d2f
                0x1000a134       0x18 CMakeFiles/SUPERGAMEPAD_RP2040.dir/C_/Program_Files/Raspberry_Pi/Pico_SDK_v1.5.1/pico-sdk/src/rp2_common/pico_double/double_aeabi.S.obj
                0x1000a134                __wrap___aeabi_d2f
 .text.__wrap_sincostan_remainder
                0x1000a14c       0x14 CMakeFiles/SUPERGAMEPAD_RP2040.dir/C_/Program_Files/Raspberry_Pi/Pico_SDK_v1.5.1/pico-sdk/src/rp2_common/pico_double/double_aeabi.S.obj
                0x1000a14c                sincostan_remainder
 .text.__wrap_cos
                0x1000a160       0x2c CMakeFiles/SUPERGAMEPAD_RP2040.dir/C_/Program_Files/Raspberry_Pi/Pico_SDK_v1.5.1/pico-sdk/src/rp2_common/pico_double/double_aeabi.S.obj
                0x1000a160                __wrap_cos
 .text.__wrap_sin
                0x1000a18c       0x2c CMakeFiles/SUPERGAMEPAD_RP2040.dir/C_/Program_Files/Raspberry_Pi/Pico_SDK_v1.5.1/pico-sdk/src/rp2_common/pico_double/double_aeabi.S.obj
                0x1000a18c                __wrap_sin
 .text.__wrap_exp
                0x1000a1b8       0x18 CMakeFiles/SUPERGAMEPAD_RP2040.dir/C_/Program_Files/Raspberry_Pi/Pico_SDK_v1.5.1/pico-sdk/src/rp2_common/pico_double/double_aeabi.S.obj
                0x1000a1b8                __wrap_exp
 .text.__wrap_log
                0x1000a1d0       0x18 CMakeFiles/SUPERGAMEPAD_RP2040.dir/C_/Program_Files/Raspberry_Pi/Pico_SDK_v1.5.1/pico-sdk/src/rp2_common/pico_double/double_aeabi.S.obj
                0x1000a1d0                __wrap_log
 .text.__aeabi_double_init
                0x1000a1e8       0xc8 CMakeFiles/SUPERGAMEPAD_RP2040.dir/C_/Program_Files/Raspberry_Pi/Pico_SDK_v1.5.1/pico-sdk/src/rp2_common/pico_double/double_init_rom.c.obj
                0x1000a1e8                __aeabi_double_init
 .text.drem_0   0x1000a2b0      0x130 CMakeFiles/SUPERGAMEPAD_RP2040.dir/C_/Program_Files/Raspberry_Pi/Pico_SDK_v1.5.1/pico-sdk/src/rp2_common/pico_double/double_math.c.obj
 .text.__wrap_fmod
                0x1000a3e0       0xa8 CMakeFiles/SUPERGAMEPAD_RP2040.dir/C_/Program_Files/Raspberry_Pi/Pico_SDK_v1.5.1/pico-sdk/src/rp2_common/pico_double/double_math.c.obj
                0x1000a3e0                __wrap_fmod
 .text.__wrap_remquo
                0x1000a488      0x17c CMakeFiles/SUPERGAMEPAD_RP2040.dir/C_/Program_Files/Raspberry_Pi/Pico_SDK_v1.5.1/pico-sdk/src/rp2_common/pico_double/double_math.c.obj
                0x1000a488                __wrap_remquo
 .text.__wrap_remainder
                0x1000a604       0x10 CMakeFiles/SUPERGAMEPAD_RP2040.dir/C_/Program_Files/Raspberry_Pi/Pico_SDK_v1.5.1/pico-sdk/src/rp2_common/pico_double/double_math.c.obj
                0x1000a604                __wrap_remainder
 .text.double_table_shim_on_use_helper
                0x1000a614       0x34 CMakeFiles/SUPERGAMEPAD_RP2040.dir/C_/Program_Files/Raspberry_Pi/Pico_SDK_v1.5.1/pico-sdk/src/rp2_common/pico_double/double_v1_rom_shim.S.obj
                0x1000a614                double_table_shim_on_use_helper
 .text.__wrap___aeabi_dsub
                0x1000a648       0x10 CMakeFiles/SUPERGAMEPAD_RP2040.dir/C_/Program_Files/Raspberry_Pi/Pico_SDK_v1.5.1/pico-sdk/src/rp2_common/pico_double/double_v1_rom_shim.S.obj
                0x1000a648                drsub_shim
                0x1000a64e                dsub_shim
 .text.dadd_shim
                0x1000a658      0x15c CMakeFiles/SUPERGAMEPAD_RP2040.dir/C_/Program_Files/Raspberry_Pi/Pico_SDK_v1.5.1/pico-sdk/src/rp2_common/pico_double/double_v1_rom_shim.S.obj
                0x1000a658                dadd_shim
 .text.dmul_shim
                0x1000a7b4      0x15c CMakeFiles/SUPERGAMEPAD_RP2040.dir/C_/Program_Files/Raspberry_Pi/Pico_SDK_v1.5.1/pico-sdk/src/rp2_common/pico_double/double_v1_rom_shim.S.obj
                0x1000a7b4                dmul_shim
 .text.ddiv_shim
                0x1000a910      0x1b0 CMakeFiles/SUPERGAMEPAD_RP2040.dir/C_/Program_Files/Raspberry_Pi/Pico_SDK_v1.5.1/pico-sdk/src/rp2_common/pico_double/double_v1_rom_shim.S.obj
                0x1000a910                ddiv_shim
 .text.dcordic_vec_step
                0x1000aac0        0xe CMakeFiles/SUPERGAMEPAD_RP2040.dir/C_/Program_Files/Raspberry_Pi/Pico_SDK_v1.5.1/pico-sdk/src/rp2_common/pico_double/double_v1_rom_shim.S.obj
                0x1000aac0                dcordic_vec_step
 .text.dcordic_rot_step
                0x1000aace       0x76 CMakeFiles/SUPERGAMEPAD_RP2040.dir/C_/Program_Files/Raspberry_Pi/Pico_SDK_v1.5.1/pico-sdk/src/rp2_common/pico_double/double_v1_rom_shim.S.obj
                0x1000aace                dcordic_rot_step
 .text.double2uint_shim
                0x1000ab44        0xe CMakeFiles/SUPERGAMEPAD_RP2040.dir/C_/Program_Files/Raspberry_Pi/Pico_SDK_v1.5.1/pico-sdk/src/rp2_common/pico_double/double_v1_rom_shim.S.obj
                0x1000ab44                double2uint_shim
                0x1000ab46                double2ufix_shim
 .text.double2int64_shim
                0x1000ab52       0x1a CMakeFiles/SUPERGAMEPAD_RP2040.dir/C_/Program_Files/Raspberry_Pi/Pico_SDK_v1.5.1/pico-sdk/src/rp2_common/pico_double/double_v1_rom_shim.S.obj
                0x1000ab52                double2int64_shim
                0x1000ab54                double2fix64_shim
 .text.double2uint64_shim
                0x1000ab6c       0x70 CMakeFiles/SUPERGAMEPAD_RP2040.dir/C_/Program_Files/Raspberry_Pi/Pico_SDK_v1.5.1/pico-sdk/src/rp2_common/pico_double/double_v1_rom_shim.S.obj
                0x1000ab6c                double2uint64_shim
                0x1000ab6e                double2ufix64_shim
                0x1000ab8e                d2fix_a
 .text.double2float_shim
                0x1000abdc       0x5c CMakeFiles/SUPERGAMEPAD_RP2040.dir/C_/Program_Files/Raspberry_Pi/Pico_SDK_v1.5.1/pico-sdk/src/rp2_common/pico_double/double_v1_rom_shim.S.obj
                0x1000abdc                double2float_shim
 .text.x2double_shims
                0x1000ac38       0x90 CMakeFiles/SUPERGAMEPAD_RP2040.dir/C_/Program_Files/Raspberry_Pi/Pico_SDK_v1.5.1/pico-sdk/src/rp2_common/pico_double/double_v1_rom_shim.S.obj
                0x1000ac38                uint2double_shim
                0x1000ac3a                ufix2double_shim
                0x1000ac40                int2double_shim
                0x1000ac42                fix2double_shim
                0x1000ac48                uint642double_shim
                0x1000ac4a                ufix642double_shim
                0x1000ac50                int642double_shim
                0x1000ac52                fix642double_shim
 .text.dunpacks
                0x1000acc8       0x3c CMakeFiles/SUPERGAMEPAD_RP2040.dir/C_/Program_Files/Raspberry_Pi/Pico_SDK_v1.5.1/pico-sdk/src/rp2_common/pico_double/double_v1_rom_shim.S.obj
                0x1000acc8                dunpacks
 .text.dreduce  0x1000ad04       0x82 CMakeFiles/SUPERGAMEPAD_RP2040.dir/C_/Program_Files/Raspberry_Pi/Pico_SDK_v1.5.1/pico-sdk/src/rp2_common/pico_double/double_v1_rom_shim.S.obj
                0x1000ad04                dreduce
 .text.dcos_shim
                0x1000ad86       0x10 CMakeFiles/SUPERGAMEPAD_RP2040.dir/C_/Program_Files/Raspberry_Pi/Pico_SDK_v1.5.1/pico-sdk/src/rp2_common/pico_double/double_v1_rom_shim.S.obj
                0x1000ad86                dcos_shim
 .text.dsin_shim
                0x1000ad96       0x14 CMakeFiles/SUPERGAMEPAD_RP2040.dir/C_/Program_Files/Raspberry_Pi/Pico_SDK_v1.5.1/pico-sdk/src/rp2_common/pico_double/double_v1_rom_shim.S.obj
                0x1000ad96                dsin_shim
 *fill*         0x1000adaa        0x2 
 .text.dtrig_guts
                0x1000adac      0x2ec CMakeFiles/SUPERGAMEPAD_RP2040.dir/C_/Program_Files/Raspberry_Pi/Pico_SDK_v1.5.1/pico-sdk/src/rp2_common/pico_double/double_v1_rom_shim.S.obj
                0x1000ae84                datan2_shim
 .text.dexp_guts
                0x1000b098      0x268 CMakeFiles/SUPERGAMEPAD_RP2040.dir/C_/Program_Files/Raspberry_Pi/Pico_SDK_v1.5.1/pico-sdk/src/rp2_common/pico_double/double_v1_rom_shim.S.obj
                0x1000b098                dexp_shim
                0x1000b134                dln_shim
 .text.__aeabi_lmul
                0x1000b300       0x32 CMakeFiles/SUPERGAMEPAD_RP2040.dir/C_/Program_Files/Raspberry_Pi/Pico_SDK_v1.5.1/pico-sdk/src/rp2_common/pico_int64_ops/pico_int64_ops_aeabi.S.obj
                0x1000b300                __wrap___aeabi_lmul
 *fill*         0x1000b332        0x2 
 .text.__wrap___aeabi_farithmetic
                0x1000b334       0x58 CMakeFiles/SUPERGAMEPAD_RP2040.dir/C_/Program_Files/Raspberry_Pi/Pico_SDK_v1.5.1/pico-sdk/src/rp2_common/pico_float/float_aeabi.S.obj
                0x1000b334                __wrap___aeabi_frsub
                0x1000b33a                __wrap___aeabi_fsub
                0x1000b344                __wrap___aeabi_fadd
                0x1000b34e                __wrap___aeabi_fdiv
                0x1000b37a                __wrap___aeabi_fmul
 .text.__wrap___aeabi_cfcmple
                0x1000b38c       0x50 CMakeFiles/SUPERGAMEPAD_RP2040.dir/C_/Program_Files/Raspberry_Pi/Pico_SDK_v1.5.1/pico-sdk/src/rp2_common/pico_float/float_aeabi.S.obj
                0x1000b38c                __wrap___aeabi_cfrcmple
                0x1000b398                __wrap___aeabi_cfcmple
                0x1000b398                __wrap___aeabi_cfcmpeq
 .text.__wrap___aeabi_fcmpeq
                0x1000b3dc       0x10 CMakeFiles/SUPERGAMEPAD_RP2040.dir/C_/Program_Files/Raspberry_Pi/Pico_SDK_v1.5.1/pico-sdk/src/rp2_common/pico_float/float_aeabi.S.obj
                0x1000b3dc                __wrap___aeabi_fcmpeq
 .text.__wrap___aeabi_fcmplt
                0x1000b3ec        0xc CMakeFiles/SUPERGAMEPAD_RP2040.dir/C_/Program_Files/Raspberry_Pi/Pico_SDK_v1.5.1/pico-sdk/src/rp2_common/pico_float/float_aeabi.S.obj
                0x1000b3ec                __wrap___aeabi_fcmplt
 .text.__wrap___aeabi_fcmple
                0x1000b3f8       0x10 CMakeFiles/SUPERGAMEPAD_RP2040.dir/C_/Program_Files/Raspberry_Pi/Pico_SDK_v1.5.1/pico-sdk/src/rp2_common/pico_float/float_aeabi.S.obj
                0x1000b3f8                __wrap___aeabi_fcmple
 .text.__wrap___aeabi_fcmpge
                0x1000b408       0x10 CMakeFiles/SUPERGAMEPAD_RP2040.dir/C_/Program_Files/Raspberry_Pi/Pico_SDK_v1.5.1/pico-sdk/src/rp2_common/pico_float/float_aeabi.S.obj
                0x1000b408                __wrap___aeabi_fcmpge
 .text.__wrap___aeabi_fcmpgt
                0x1000b418        0xa CMakeFiles/SUPERGAMEPAD_RP2040.dir/C_/Program_Files/Raspberry_Pi/Pico_SDK_v1.5.1/pico-sdk/src/rp2_common/pico_float/float_aeabi.S.obj
                0x1000b418                __wrap___aeabi_fcmpgt
 .text.__wrap___aeabi_ui2f
                0x1000b422        0xa CMakeFiles/SUPERGAMEPAD_RP2040.dir/C_/Program_Files/Raspberry_Pi/Pico_SDK_v1.5.1/pico-sdk/src/rp2_common/pico_float/float_aeabi.S.obj
                0x1000b422                __wrap___aeabi_ui2f
 .text.__wrap___aeabi_i2f
                0x1000b42c       0x44 CMakeFiles/SUPERGAMEPAD_RP2040.dir/C_/Program_Files/Raspberry_Pi/Pico_SDK_v1.5.1/pico-sdk/src/rp2_common/pico_float/float_aeabi.S.obj
                0x1000b42c                __wrap___aeabi_i2f
 .text.__wrap___aeabi_f2iz
                0x1000b470       0x4e CMakeFiles/SUPERGAMEPAD_RP2040.dir/C_/Program_Files/Raspberry_Pi/Pico_SDK_v1.5.1/pico-sdk/src/rp2_common/pico_float/float_aeabi.S.obj
                0x1000b470                float2int_z
                0x1000b470                __wrap___aeabi_f2iz
 *fill*         0x1000b4be        0x2 
 .text.float2int
                0x1000b4c0       0x14 CMakeFiles/SUPERGAMEPAD_RP2040.dir/C_/Program_Files/Raspberry_Pi/Pico_SDK_v1.5.1/pico-sdk/src/rp2_common/pico_float/float_aeabi.S.obj
                0x1000b4c0                float2int
 .text.__wrap___aeabi_f2uiz
                0x1000b4d4       0x10 CMakeFiles/SUPERGAMEPAD_RP2040.dir/C_/Program_Files/Raspberry_Pi/Pico_SDK_v1.5.1/pico-sdk/src/rp2_common/pico_float/float_aeabi.S.obj
                0x1000b4d4                __wrap___aeabi_f2uiz
 .text.__wrap___aeabi_f2d
                0x1000b4e4       0x14 CMakeFiles/SUPERGAMEPAD_RP2040.dir/C_/Program_Files/Raspberry_Pi/Pico_SDK_v1.5.1/pico-sdk/src/rp2_common/pico_float/float_aeabi.S.obj
                0x1000b4e4                __wrap___aeabi_f2d
 .text.__wrap_sqrtf
                0x1000b4f8       0x24 CMakeFiles/SUPERGAMEPAD_RP2040.dir/C_/Program_Files/Raspberry_Pi/Pico_SDK_v1.5.1/pico-sdk/src/rp2_common/pico_float/float_aeabi.S.obj
                0x1000b4f8                __wrap_sqrtf
 .text.__wrap_atan2f
                0x1000b51c       0x14 CMakeFiles/SUPERGAMEPAD_RP2040.dir/C_/Program_Files/Raspberry_Pi/Pico_SDK_v1.5.1/pico-sdk/src/rp2_common/pico_float/float_aeabi.S.obj
                0x1000b51c                __wrap_atan2f
 .text.__aeabi_float_init
                0x1000b530       0xfc CMakeFiles/SUPERGAMEPAD_RP2040.dir/C_/Program_Files/Raspberry_Pi/Pico_SDK_v1.5.1/pico-sdk/src/rp2_common/pico_float/float_init_rom.c.obj
                0x1000b530                __aeabi_float_init
 .text.fpow_int2
                0x1000b62c       0x26 CMakeFiles/SUPERGAMEPAD_RP2040.dir/C_/Program_Files/Raspberry_Pi/Pico_SDK_v1.5.1/pico-sdk/src/rp2_common/pico_float/float_math.c.obj
 *fill*         0x1000b652        0x2 
 .text.fpow_0   0x1000b654      0x140 CMakeFiles/SUPERGAMEPAD_RP2040.dir/C_/Program_Files/Raspberry_Pi/Pico_SDK_v1.5.1/pico-sdk/src/rp2_common/pico_float/float_math.c.obj
 .text.__wrap_roundf
                0x1000b794       0x3e CMakeFiles/SUPERGAMEPAD_RP2040.dir/C_/Program_Files/Raspberry_Pi/Pico_SDK_v1.5.1/pico-sdk/src/rp2_common/pico_float/float_math.c.obj
                0x1000b794                __wrap_roundf
 *fill*         0x1000b7d2        0x2 
 .text.__wrap_powf
                0x1000b7d4      0x20c CMakeFiles/SUPERGAMEPAD_RP2040.dir/C_/Program_Files/Raspberry_Pi/Pico_SDK_v1.5.1/pico-sdk/src/rp2_common/pico_float/float_math.c.obj
                0x1000b7d4                __wrap_powf
 .text.float_table_shim_on_use_helper
                0x1000b9e0       0x34 CMakeFiles/SUPERGAMEPAD_RP2040.dir/C_/Program_Files/Raspberry_Pi/Pico_SDK_v1.5.1/pico-sdk/src/rp2_common/pico_float/float_v1_rom_shim.S.obj
                0x1000b9e0                float_table_shim_on_use_helper
 .text.fatan2_shim
                0x1000ba14       0x88 CMakeFiles/SUPERGAMEPAD_RP2040.dir/C_/Program_Files/Raspberry_Pi/Pico_SDK_v1.5.1/pico-sdk/src/rp2_common/pico_float/float_v1_rom_shim.S.obj
                0x1000ba14                fatan2_shim
 .text.float232_shims
                0x1000ba9c       0x18 CMakeFiles/SUPERGAMEPAD_RP2040.dir/C_/Program_Files/Raspberry_Pi/Pico_SDK_v1.5.1/pico-sdk/src/rp2_common/pico_float/float_v1_rom_shim.S.obj
                0x1000ba9c                float2int_shim
                0x1000ba9e                float2fix_shim
 .text.float2double_shim
                0x1000bab4       0x30 CMakeFiles/SUPERGAMEPAD_RP2040.dir/C_/Program_Files/Raspberry_Pi/Pico_SDK_v1.5.1/pico-sdk/src/rp2_common/pico_float/float_v1_rom_shim.S.obj
                0x1000bab4                float2double_shim
 .text          0x1000bae4       0x10 CMakeFiles/SUPERGAMEPAD_RP2040.dir/C_/Program_Files/Raspberry_Pi/Pico_SDK_v1.5.1/pico-sdk/src/rp2_common/pico_mem_ops/mem_ops_aeabi.S.obj
                0x1000bae4                __aeabi_mem_init
 .text.memset   0x1000baf4        0xc CMakeFiles/SUPERGAMEPAD_RP2040.dir/C_/Program_Files/Raspberry_Pi/Pico_SDK_v1.5.1/pico-sdk/src/rp2_common/pico_mem_ops/mem_ops_aeabi.S.obj
                0x1000baf4                __wrap_memset
 .text.memcpy   0x1000bb00        0xc CMakeFiles/SUPERGAMEPAD_RP2040.dir/C_/Program_Files/Raspberry_Pi/Pico_SDK_v1.5.1/pico-sdk/src/rp2_common/pico_mem_ops/mem_ops_aeabi.S.obj
                0x1000bb00                __wrap_memcpy
                0x1000bb00                __wrap___aeabi_memcpy
 .text.stdio_out_chars_no_crlf
                0x1000bb0c        0xe CMakeFiles/SUPERGAMEPAD_RP2040.dir/C_/Program_Files/Raspberry_Pi/Pico_SDK_v1.5.1/pico-sdk/src/rp2_common/pico_stdio/stdio.c.obj
 *fill*         0x1000bb1a        0x2 
 .text.stdio_out_chars_crlf
                0x1000bb1c       0x80 CMakeFiles/SUPERGAMEPAD_RP2040.dir/C_/Program_Files/Raspberry_Pi/Pico_SDK_v1.5.1/pico-sdk/src/rp2_common/pico_stdio/stdio.c.obj
 .text.stdio_stack_buffer_flush
                0x1000bb9c       0x44 CMakeFiles/SUPERGAMEPAD_RP2040.dir/C_/Program_Files/Raspberry_Pi/Pico_SDK_v1.5.1/pico-sdk/src/rp2_common/pico_stdio/stdio.c.obj
 .text.stdio_buffered_printer
                0x1000bbe0       0x20 CMakeFiles/SUPERGAMEPAD_RP2040.dir/C_/Program_Files/Raspberry_Pi/Pico_SDK_v1.5.1/pico-sdk/src/rp2_common/pico_stdio/stdio.c.obj
 .text.stdout_serialize_begin
                0x1000bc00       0x5c CMakeFiles/SUPERGAMEPAD_RP2040.dir/C_/Program_Files/Raspberry_Pi/Pico_SDK_v1.5.1/pico-sdk/src/rp2_common/pico_stdio/stdio.c.obj
                0x1000bc00                stdout_serialize_begin
 .text.stdout_serialize_end
                0x1000bc5c       0x10 CMakeFiles/SUPERGAMEPAD_RP2040.dir/C_/Program_Files/Raspberry_Pi/Pico_SDK_v1.5.1/pico-sdk/src/rp2_common/pico_stdio/stdio.c.obj
                0x1000bc5c                stdout_serialize_end
 .text.stdio_put_string
                0x1000bc6c       0x98 CMakeFiles/SUPERGAMEPAD_RP2040.dir/C_/Program_Files/Raspberry_Pi/Pico_SDK_v1.5.1/pico-sdk/src/rp2_common/pico_stdio/stdio.c.obj
 .text.__wrap_putchar
                0x1000bd04       0x1c CMakeFiles/SUPERGAMEPAD_RP2040.dir/C_/Program_Files/Raspberry_Pi/Pico_SDK_v1.5.1/pico-sdk/src/rp2_common/pico_stdio/stdio.c.obj
                0x1000bd04                __wrap_putchar
 .text.stdio_set_driver_enabled
                0x1000bd20       0x2c CMakeFiles/SUPERGAMEPAD_RP2040.dir/C_/Program_Files/Raspberry_Pi/Pico_SDK_v1.5.1/pico-sdk/src/rp2_common/pico_stdio/stdio.c.obj
                0x1000bd20                stdio_set_driver_enabled
 .text.stdio_flush
                0x1000bd4c       0x20 CMakeFiles/SUPERGAMEPAD_RP2040.dir/C_/Program_Files/Raspberry_Pi/Pico_SDK_v1.5.1/pico-sdk/src/rp2_common/pico_stdio/stdio.c.obj
                0x1000bd4c                stdio_flush
 .text.__wrap_puts
                0x1000bd6c       0x1e CMakeFiles/SUPERGAMEPAD_RP2040.dir/C_/Program_Files/Raspberry_Pi/Pico_SDK_v1.5.1/pico-sdk/src/rp2_common/pico_stdio/stdio.c.obj
                0x1000bd6c                __wrap_puts
 *fill*         0x1000bd8a        0x2 
 .text.__wrap_vprintf
                0x1000bd8c       0x40 CMakeFiles/SUPERGAMEPAD_RP2040.dir/C_/Program_Files/Raspberry_Pi/Pico_SDK_v1.5.1/pico-sdk/src/rp2_common/pico_stdio/stdio.c.obj
                0x1000bd8c                __wrap_vprintf
 .text.__wrap_printf
                0x1000bdcc       0x18 CMakeFiles/SUPERGAMEPAD_RP2040.dir/C_/Program_Files/Raspberry_Pi/Pico_SDK_v1.5.1/pico-sdk/src/rp2_common/pico_stdio/stdio.c.obj
                0x1000bdcc                __wrap_printf
 .text.stdio_init_all
                0x1000bde4        0xa CMakeFiles/SUPERGAMEPAD_RP2040.dir/C_/Program_Files/Raspberry_Pi/Pico_SDK_v1.5.1/pico-sdk/src/rp2_common/pico_stdio/stdio.c.obj
                0x1000bde4                stdio_init_all
 *fill*         0x1000bdee        0x2 
 .text.stdio_uart_out_chars
                0x1000bdf0       0x74 CMakeFiles/SUPERGAMEPAD_RP2040.dir/C_/Program_Files/Raspberry_Pi/Pico_SDK_v1.5.1/pico-sdk/src/rp2_common/pico_stdio_uart/stdio_uart.c.obj
 .text.stdio_uart_in_chars
                0x1000be64       0x80 CMakeFiles/SUPERGAMEPAD_RP2040.dir/C_/Program_Files/Raspberry_Pi/Pico_SDK_v1.5.1/pico-sdk/src/rp2_common/pico_stdio_uart/stdio_uart.c.obj
                0x1000be64                stdio_uart_in_chars
 .text.on_uart_rx
                0x1000bee4       0x28 CMakeFiles/SUPERGAMEPAD_RP2040.dir/C_/Program_Files/Raspberry_Pi/Pico_SDK_v1.5.1/pico-sdk/src/rp2_common/pico_stdio_uart/stdio_uart.c.obj
 .text.stdio_uart_set_chars_available_callback
                0x1000bf0c       0x8c CMakeFiles/SUPERGAMEPAD_RP2040.dir/C_/Program_Files/Raspberry_Pi/Pico_SDK_v1.5.1/pico-sdk/src/rp2_common/pico_stdio_uart/stdio_uart.c.obj
 .text.stdio_uart_init_full
                0x1000bf98       0x44 CMakeFiles/SUPERGAMEPAD_RP2040.dir/C_/Program_Files/Raspberry_Pi/Pico_SDK_v1.5.1/pico-sdk/src/rp2_common/pico_stdio_uart/stdio_uart.c.obj
                0x1000bf98                stdio_uart_init_full
 .text.stdio_uart_init
                0x1000bfdc       0x28 CMakeFiles/SUPERGAMEPAD_RP2040.dir/C_/Program_Files/Raspberry_Pi/Pico_SDK_v1.5.1/pico-sdk/src/rp2_common/pico_stdio_uart/stdio_uart.c.obj
                0x1000bfdc                stdio_uart_init
 .text.core1_trampoline
                0x1000c004        0x2 CMakeFiles/SUPERGAMEPAD_RP2040.dir/C_/Program_Files/Raspberry_Pi/Pico_SDK_v1.5.1/pico-sdk/src/rp2_common/pico_multicore/multicore.c.obj
 .text.core1_wrapper
                0x1000c006        0xc CMakeFiles/SUPERGAMEPAD_RP2040.dir/C_/Program_Files/Raspberry_Pi/Pico_SDK_v1.5.1/pico-sdk/src/rp2_common/pico_multicore/multicore.c.obj
                0x1000c006                core1_wrapper
 *fill*         0x1000c012        0x2 
 .text.check_lockout_mutex_init
                0x1000c014       0x24 CMakeFiles/SUPERGAMEPAD_RP2040.dir/C_/Program_Files/Raspberry_Pi/Pico_SDK_v1.5.1/pico-sdk/src/rp2_common/pico_multicore/multicore.c.obj
 .text.multicore_fifo_push_blocking
                0x1000c038       0x14 CMakeFiles/SUPERGAMEPAD_RP2040.dir/C_/Program_Files/Raspberry_Pi/Pico_SDK_v1.5.1/pico-sdk/src/rp2_common/pico_multicore/multicore.c.obj
                0x1000c038                multicore_fifo_push_blocking
 .text.multicore_fifo_push_timeout_us
                0x1000c04c       0x98 CMakeFiles/SUPERGAMEPAD_RP2040.dir/C_/Program_Files/Raspberry_Pi/Pico_SDK_v1.5.1/pico-sdk/src/rp2_common/pico_multicore/multicore.c.obj
                0x1000c04c                multicore_fifo_push_timeout_us
 .text.multicore_fifo_pop_blocking
                0x1000c0e4       0x16 CMakeFiles/SUPERGAMEPAD_RP2040.dir/C_/Program_Files/Raspberry_Pi/Pico_SDK_v1.5.1/pico-sdk/src/rp2_common/pico_multicore/multicore.c.obj
                0x1000c0e4                multicore_fifo_pop_blocking
 *fill*         0x1000c0fa        0x2 
 .text.multicore_fifo_pop_timeout_us
                0x1000c0fc       0x9c CMakeFiles/SUPERGAMEPAD_RP2040.dir/C_/Program_Files/Raspberry_Pi/Pico_SDK_v1.5.1/pico-sdk/src/rp2_common/pico_multicore/multicore.c.obj
                0x1000c0fc                multicore_fifo_pop_timeout_us
 .text.multicore_lockout_handshake
                0x1000c198       0xc0 CMakeFiles/SUPERGAMEPAD_RP2040.dir/C_/Program_Files/Raspberry_Pi/Pico_SDK_v1.5.1/pico-sdk/src/rp2_common/pico_multicore/multicore.c.obj
 .text.multicore_lockout_start_block_until
                0x1000c258       0x60 CMakeFiles/SUPERGAMEPAD_RP2040.dir/C_/Program_Files/Raspberry_Pi/Pico_SDK_v1.5.1/pico-sdk/src/rp2_common/pico_multicore/multicore.c.obj
 .text.multicore_lockout_end_block_until
                0x1000c2b8       0x7c CMakeFiles/SUPERGAMEPAD_RP2040.dir/C_/Program_Files/Raspberry_Pi/Pico_SDK_v1.5.1/pico-sdk/src/rp2_common/pico_multicore/multicore.c.obj
 .text.multicore_launch_core1_raw
                0x1000c334       0x6e CMakeFiles/SUPERGAMEPAD_RP2040.dir/C_/Program_Files/Raspberry_Pi/Pico_SDK_v1.5.1/pico-sdk/src/rp2_common/pico_multicore/multicore.c.obj
                0x1000c334                multicore_launch_core1_raw
 *fill*         0x1000c3a2        0x2 
 .text.multicore_launch_core1_with_stack
                0x1000c3a4       0x50 CMakeFiles/SUPERGAMEPAD_RP2040.dir/C_/Program_Files/Raspberry_Pi/Pico_SDK_v1.5.1/pico-sdk/src/rp2_common/pico_multicore/multicore.c.obj
                0x1000c3a4                multicore_launch_core1_with_stack