Archive member included to satisfy reference by file (symbol)

c:/progra~1/raspbe~1/picosd~1.1/gcc-ar~1/bin/../lib/gcc/arm-none-eabi/10.3.1/thumb/v6-m/nofp\libgcc.a(_dvmd_tls.o)
                              CMakeFiles/SUPERGAMEPAD_RP2040.dir/C_/Program_Files/Raspberry_Pi/Pico_SDK_v1.5.1/pico-sdk/src/rp2_common/pico_divider/divider.S.obj (__aeabi_idiv0)
c:/progra~1/raspbe~1/picosd~1.1/gcc-ar~1/bin/../lib/gcc/arm-none-eabi/10.3.1/../../../../arm-none-eabi/lib/thumb/v6-m/nofp\libg.a(lib_a-calloc.o)
                              CMakeFiles/SUPERGAMEPAD_RP2040.dir/C_/Program_Files/Raspberry_Pi/Pico_SDK_v1.5.1/pico-sdk/src/rp2_common/pico_malloc/pico_malloc.c.obj (calloc)
c:/progra~1/raspbe~1/picosd~1.1/gcc-ar~1/bin/../lib/gcc/arm-none-eabi/10.3.1/../../../../arm-none-eabi/lib/thumb/v6-m/nofp\libg.a(lib_a-callocr.o)
                              c:/progra~1/raspbe~1/picosd~1.1/gcc-ar~1/bin/../lib/gcc/arm-none-eabi/10.3.1/../../../../arm-none-eabi/lib/thumb/v6-m/nofp\libg.a(lib_a-calloc.o) (_calloc_r)
c:/progra~1/raspbe~1/picosd~1.1/gcc-ar~1/bin/../lib/gcc/arm-none-eabi/10.3.1/../../../../arm-none-eabi/lib/thumb/v6-m/nofp\libg.a(lib_a-errno.o)
                              c:/progra~1/raspbe~1/picosd~1.1/gcc-ar~1/bin/../lib/gcc/arm-none-eabi/10.3.1/../../../../arm-none-eabi/lib/thumb/v6-m/nofp\libg.a(lib_a-callocr.o) (__errno)
c:/progra~1/raspbe~1/picosd~1.1/gcc-ar~1/bin/../lib/gcc/arm-none-eabi/10.3.1/../../../../arm-none-eabi/lib/thumb/v6-m/nofp\libg.a(lib_a-impure.o)
                              c:/progra~1/raspbe~1/picosd~1.1/gcc-ar~1/bin/../lib/gcc/arm-none-eabi/10.3.1/../../../../arm-none-eabi/lib/thumb/v6-m/nofp\libg.a(lib_a-calloc.o) (_impure_ptr)
c:/progra~1/raspbe~1/picosd~1.1/gcc-ar~1/bin/../lib/gcc/arm-none-eabi/10.3.1/../../../../arm-none-eabi/lib/thumb/v6-m/nofp\libg.a(lib_a-init.o)
                              c:/progra~1/raspbe~1/picosd~1.1/gcc-ar~1/bin/../lib/gcc/arm-none-eabi/10.3.1/../../../../arm-none-eabi/lib/thumb/v6-m/nofp/crt0.o (__libc_init_array)
c:/progra~1/raspbe~1/picosd~1.1/gcc-ar~1/bin/../lib/gcc/arm-none-eabi/10.3.1/../../../../arm-none-eabi/lib/thumb/v6-m/nofp\libg.a(lib_a-malloc.o)
                              CMakeFiles/SUPERGAMEPAD_RP2040.dir/C_/Program_Files/Raspberry_Pi/Pico_SDK_v1.5.1/pico-sdk/src/rp2_common/pico_malloc/pico_malloc.c.obj (malloc)
c:/progra~1/raspbe~1/picosd~1.1/gcc-ar~1/bin/../lib/gcc/arm-none-eabi/10.3.1/../../../../arm-none-eabi/lib/thumb/v6-m/nofp\libg.a(lib_a-mallocr.o)
                              c:/progra~1/raspbe~1/picosd~1.1/gcc-ar~1/bin/../lib/gcc/arm-none-eabi/10.3.1/../../../../arm-none-eabi/lib/thumb/v6-m/nofp\libg.a(lib_a-callocr.o) (_malloc_r)
c:/progra~1/raspbe~1/picosd~1.1/gcc-ar~1/bin/../lib/gcc/arm-none-eabi/10.3.1/../../../../arm-none-eabi/lib/thumb/v6-m/nofp\libg.a(lib_a-mlock.o)
                              c:/progra~1/raspbe~1/picosd~1.1/gcc-ar~1/bin/../lib/gcc/arm-none-eabi/10.3.1/../../../../arm-none-eabi/lib/thumb/v6-m/nofp\libg.a(lib_a-mallocr.o) (__malloc_lock)
c:/progra~1/raspbe~1/picosd~1.1/gcc-ar~1/bin/../lib/gcc/arm-none-eabi/10.3.1/../../../../arm-none-eabi/lib/thumb/v6-m/nofp\libg.a(lib_a-realloc.o)
                              CMakeFiles/SUPERGAMEPAD_RP2040.dir/C_/Program_Files/Raspberry_Pi/Pico_SDK_v1.5.1/pico-sdk/src/rp2_common/pico_malloc/pico_malloc.c.obj (realloc)
c:/progra~1/raspbe~1/picosd~1.1/gcc-ar~1/bin/../lib/gcc/arm-none-eabi/10.3.1/../../../../arm-none-eabi/lib/thumb/v6-m/nofp\libg.a(lib_a-reallocr.o)
                              c:/progra~1/raspbe~1/picosd~1.1/gcc-ar~1/bin/../lib/gcc/arm-none-eabi/10.3.1/../../../../arm-none-eabi/lib/thumb/v6-m/nofp\libg.a(lib_a-realloc.o) (_realloc_r)
c:/progra~1/raspbe~1/picosd~1.1/gcc-ar~1/bin/../lib/gcc/arm-none-eabi/10.3.1/../../../../arm-none-eabi/lib/thumb/v6-m/nofp\libg.a(lib_a-sbrkr.o)
                              c:/progra~1/raspbe~1/picosd~1.1/gcc-ar~1/bin/../lib/gcc/arm-none-eabi/10.3.1/../../../../arm-none-eabi/lib/thumb/v6-m/nofp\libg.a(lib_a-mallocr.o) (_sbrk_r)
c:/progra~1/raspbe~1/picosd~1.1/gcc-ar~1/bin/../lib/gcc/arm-none-eabi/10.3.1/../../../../arm-none-eabi/lib/thumb/v6-m/nofp\libg.a(lib_a-strlen-stub.o)
                              CMakeFiles/SUPERGAMEPAD_RP2040.dir/lib/HOJA-LIB-RP2040/src/usb/hoja_usb.c.obj (strlen)
c:/progra~1/raspbe~1/picosd~1.1/gcc-ar~1/bin/../lib/gcc/arm-none-eabi/10.3.1/../../../../arm-none-eabi/lib/thumb/v6-m/nofp\libg.a(lib_a-freer.o)
                              c:/progra~1/raspbe~1/picosd~1.1/gcc-ar~1/bin/../lib/gcc/arm-none-eabi/10.3.1/../../../../arm-none-eabi/lib/thumb/v6-m/nofp\libg.a(lib_a-malloc.o) (_free_r)
c:/progra~1/raspbe~1/picosd~1.1/gcc-ar~1/bin/../lib/gcc/arm-none-eabi/10.3.1/../../../../arm-none-eabi/lib/thumb/v6-m/nofp\libg.a(lib_a-lock.o)
                              c:/progra~1/raspbe~1/picosd~1.1/gcc-ar~1/bin/../lib/gcc/arm-none-eabi/10.3.1/../../../../arm-none-eabi/lib/thumb/v6-m/nofp\libg.a(lib_a-mlock.o) (__retarget_lock_acquire_recursive)
[...]
Memory Configuration

Name             Origin             Length             Attributes
FLASH            0x10000000         0x00200000         xr
RAM              0x20000000         0x00040000         xrw
SCRATCH_X        0x20040000         0x00001000         xrw
SCRATCH_Y        0x20041000         0x00001000         xrw
*default*        0x00000000         0xffffffff

Linker script and memory map

LOAD c:/progra~1/raspbe~1/picosd~1.1/gcc-ar~1/bin/../lib/gcc/arm-none-eabi/10.3.1/thumb/v6-m/nofp/crti.o
LOAD c:/progra~1/raspbe~1/picosd~1.1/gcc-ar~1/bin/../lib/gcc/arm-none-eabi/10.3.1/thumb/v6-m/nofp/crtbegin.o
LOAD c:/progra~1/raspbe~1/picosd~1.1/gcc-ar~1/bin/../lib/gcc/arm-none-eabi/10.3.1/../../../../arm-none-eabi/lib/thumb/v6-m/nofp/crt0.o

.flash_begin    0x10000000        0x0
                0x10000000                __flash_binary_start = .

.boot2          0x10000000      0x100
                0x10000000                __boot2_start__ = .
 *(.boot2)
 .boot2         0x10000000      0x100 C:\Users\Mitch\AppData\Local\Temp\ccipiVSc.o
                0x10000100                __boot2_end__ = .
                0x00000001                ASSERT (((__boot2_end__ - __boot2_start__) == 0x100), ERROR: Pico second stage bootloader must be 256 bytes in size)

.text           0x10000100     0xeff8
                0x10000100                __logical_binary_start = .
 *(.vectors)
 .vectors       0x10000100       0xd4 CMakeFiles/SUPERGAMEPAD_RP2040.dir/C_/Program_Files/Raspberry_Pi/Pico_SDK_v1.5.1/pico-sdk/src/rp2_common/pico_standard_link/crt0.S.obj
                0x10000100                __VECTOR_TABLE
                0x10000100                __vectors
                0x100001c0                isr_invalid
                0x100001c0                __default_isrs_start
                0x100001c2                isr_nmi
                0x100001c4                isr_hardfault
                0x100001c6                isr_svcall
                0x100001c8                isr_pendsv
                0x100001ca                isr_systick
                0x100001cc                isr_irq23
                0x100001cc                isr_irq18
                0x100001cc                isr_irq11
                0x100001cc                isr_irq28
                0x100001cc                isr_irq19
                0x100001cc                isr_irq0
                0x100001cc                isr_irq6
                0x100001cc                isr_irq5
                0x100001cc                isr_irq12
                0x100001cc                isr_irq22
                0x100001cc                isr_irq31
                0x100001cc                isr_irq17
                0x100001cc                isr_irq27
                0x100001cc                isr_irq30
                0x100001cc                isr_irq2
                0x100001cc                isr_irq10
                0x100001cc                isr_irq8
                0x100001cc                isr_irq24
                0x100001cc                isr_irq1
                0x100001cc                isr_irq7
                0x100001cc                isr_irq21
                0x100001cc                isr_irq20
                0x100001cc                isr_irq15
                0x100001cc                isr_irq25
                0x100001cc                isr_irq13
                0x100001cc                __unhandled_user_irq
                0x100001cc                isr_irq4
                0x100001cc                isr_irq16
                0x100001cc                isr_irq29
                0x100001cc                isr_irq26
                0x100001cc                __default_isrs_end
                0x100001cc                isr_irq3
                0x100001cc                isr_irq14
                0x100001cc                isr_irq9
                0x100001d2                unhandled_user_irq_num_in_r0
 *(.binary_info_header)
 .binary_info_header
                0x100001d4       0x14 CMakeFiles/SUPERGAMEPAD_RP2040.dir/C_/Program_Files/Raspberry_Pi/Pico_SDK_v1.5.1/pico-sdk/src/rp2_common/pico_standard_link/crt0.S.obj
                0x100001e8                __binary_info_header_end = .
 *(.reset)
 .reset         0x100001e8       0xa0 CMakeFiles/SUPERGAMEPAD_RP2040.dir/C_/Program_Files/Raspberry_Pi/Pico_SDK_v1.5.1/pico-sdk/src/rp2_common/pico_standard_link/crt0.S.obj
                0x100001e8                _entry_point
 .reset         0x10000288       0x30 CMakeFiles/SUPERGAMEPAD_RP2040.dir/C_/Program_Files/Raspberry_Pi/Pico_SDK_v1.5.1/pico-sdk/src/rp2_common/pico_standard_link/binary_info.c.obj
 *(.init)
 .init          0x100002b8        0x4 c:/progra~1/raspbe~1/picosd~1.1/gcc-ar~1/bin/../lib/gcc/arm-none-eabi/10.3.1/thumb/v6-m/nofp/crti.o
                0x100002b8                _init
 *(EXCLUDE_FILE(*libm.a: *libc.a:*lib_a-mem*.o *libgcc.a:) .text*)
 .text          0x100002bc       0x48 c:/progra~1/raspbe~1/picosd~1.1/gcc-ar~1/bin/../lib/gcc/arm-none-eabi/10.3.1/thumb/v6-m/nofp/crtbegin.o
 .text._gpio_put_od
                0x10000304       0x32 CMakeFiles/SUPERGAMEPAD_RP2040.dir/src/main.c.obj
                0x10000304                _gpio_put_od
 .text.cb_hoja_hardware_setup
                0x10000336       0x34 CMakeFiles/SUPERGAMEPAD_RP2040.dir/src/main.c.obj
                0x10000336                cb_hoja_hardware_setup
 .text.cb_hoja_read_buttons
                0x1000036a      0x17a CMakeFiles/SUPERGAMEPAD_RP2040.dir/src/main.c.obj
                0x1000036a                cb_hoja_read_buttons
 .text.cb_hoja_read_analog
                0x100004e4        0xe CMakeFiles/SUPERGAMEPAD_RP2040.dir/src/main.c.obj
                0x100004e4                cb_hoja_read_analog
 .text.cb_hoja_task_1_hook
                0x100004f2        0x2 CMakeFiles/SUPERGAMEPAD_RP2040.dir/src/main.c.obj
                0x100004f2                cb_hoja_task_1_hook
 .text.main     0x100004f4       0xe8 CMakeFiles/SUPERGAMEPAD_RP2040.dir/src/main.c.obj
                0x100004f4                main
 .text.cb_hoja_read_imu
                0x100005dc        0x2 CMakeFiles/SUPERGAMEPAD_RP2040.dir/lib/HOJA-LIB-RP2040/src/hoja.c.obj
                0x100005dc                cb_hoja_read_imu
 .text.cb_hoja_rumble_enable
                0x100005de        0x2 CMakeFiles/SUPERGAMEPAD_RP2040.dir/lib/HOJA-LIB-RP2040/src/hoja.c.obj
                0x100005de                cb_hoja_rumble_enable
 .text._hoja_task_1
                0x100005e0       0x50 CMakeFiles/SUPERGAMEPAD_RP2040.dir/lib/HOJA-LIB-RP2040/src/hoja.c.obj
                0x100005e0                _hoja_task_1
 .text.cb_hoja_set_rumble_intensity
                0x10000630        0x2 CMakeFiles/SUPERGAMEPAD_RP2040.dir/lib/HOJA-LIB-RP2040/src/hoja.c.obj
                0x10000630                cb_hoja_set_rumble_intensity
 *fill*         0x10000632        0x2 
 .text._hoja_task_0
                0x10000634       0x80 CMakeFiles/SUPERGAMEPAD_RP2040.dir/lib/HOJA-LIB-RP2040/src/hoja.c.obj
                0x10000634                _hoja_task_0
 .text.hoja_init
                0x100006b4      0x168 CMakeFiles/SUPERGAMEPAD_RP2040.dir/lib/HOJA-LIB-RP2040/src/hoja.c.obj
                0x100006b4                hoja_init
 .text.hoja_setup_gpio_scan
                0x1000081c       0x20 CMakeFiles/SUPERGAMEPAD_RP2040.dir/lib/HOJA-LIB-RP2040/src/hoja.c.obj
                0x1000081c                hoja_setup_gpio_scan
 .text.hoja_setup_gpio_push
                0x1000083c       0x1e CMakeFiles/SUPERGAMEPAD_RP2040.dir/lib/HOJA-LIB-RP2040/src/hoja.c.obj
                0x1000083c                hoja_setup_gpio_push
 .text.hoja_setup_gpio_button
                0x1000085a       0x1e CMakeFiles/SUPERGAMEPAD_RP2040.dir/lib/HOJA-LIB-RP2040/src/hoja.c.obj
                0x1000085a                hoja_setup_gpio_button
 .text._generate_mac
                0x10000878       0x58 CMakeFiles/SUPERGAMEPAD_RP2040.dir/lib/HOJA-LIB-RP2040/src/hoja_settings.c.obj
                0x10000878                _generate_mac
 .text.settings_reset_to_default
                0x100008d0      0x128 CMakeFiles/SUPERGAMEPAD_RP2040.dir/lib/HOJA-LIB-RP2040/src/hoja_settings.c.obj
                0x100008d0                settings_reset_to_default
 .text.settings_core1_save_check
                0x100009f8       0x90 CMakeFiles/SUPERGAMEPAD_RP2040.dir/lib/HOJA-LIB-RP2040/src/hoja_settings.c.obj
                0x100009f8                settings_core1_save_check
 .text.settings_save_webindicate
                0x10000a88        0xc CMakeFiles/SUPERGAMEPAD_RP2040.dir/lib/HOJA-LIB-RP2040/src/hoja_settings.c.obj
                0x10000a88                settings_save_webindicate
 .text.settings_save
                0x10000a94        0xc CMakeFiles/SUPERGAMEPAD_RP2040.dir/lib/HOJA-LIB-RP2040/src/hoja_settings.c.obj
                0x10000a94                settings_save
 .text.settings_set_rumble_floor
                0x10000aa0       0x20 CMakeFiles/SUPERGAMEPAD_RP2040.dir/lib/HOJA-LIB-RP2040/src/hoja_settings.c.obj
                0x10000aa0                settings_set_rumble_floor
 .text.settings_set_rumble
                0x10000ac0       0x24 CMakeFiles/SUPERGAMEPAD_RP2040.dir/lib/HOJA-LIB-RP2040/src/hoja_settings.c.obj
                0x10000ac0                settings_set_rumble
 .text.settings_load
                0x10000ae4       0x78 CMakeFiles/SUPERGAMEPAD_RP2040.dir/lib/HOJA-LIB-RP2040/src/hoja_settings.c.obj
                0x10000ae4                settings_load
 .text.settings_set_centers
                0x10000b5c       0x14 CMakeFiles/SUPERGAMEPAD_RP2040.dir/lib/HOJA-LIB-RP2040/src/hoja_settings.c.obj
                0x10000b5c                settings_set_centers
 .text.settings_set_distances
                0x10000b70       0x24 CMakeFiles/SUPERGAMEPAD_RP2040.dir/lib/HOJA-LIB-RP2040/src/hoja_settings.c.obj
                0x10000b70                settings_set_distances
 .text.settings_set_angles
                0x10000b94       0x24 CMakeFiles/SUPERGAMEPAD_RP2040.dir/lib/HOJA-LIB-RP2040/src/hoja_settings.c.obj
                0x10000b94                settings_set_angles
 .text.hoja_comms_task
                0x10000bb8       0x14 CMakeFiles/SUPERGAMEPAD_RP2040.dir/lib/HOJA-LIB-RP2040/src/hoja_comms.c.obj
                0x10000bb8                hoja_comms_task
 .text.hoja_comms_current_mode
                0x10000bcc        0xc CMakeFiles/SUPERGAMEPAD_RP2040.dir/lib/HOJA-LIB-RP2040/src/hoja_comms.c.obj
                0x10000bcc                hoja_comms_current_mode
 .text.hoja_comms_init
                0x10000bd8       0x88 CMakeFiles/SUPERGAMEPAD_RP2040.dir/lib/HOJA-LIB-RP2040/src/hoja_comms.c.obj
                0x10000bd8                hoja_comms_init
 .text._rgb_set_color_brightness
                0x10000c60       0xa4 CMakeFiles/SUPERGAMEPAD_RP2040.dir/lib/HOJA-LIB-RP2040/src/utilities/rgb.c.obj
                0x10000c60                _rgb_set_color_brightness
 .text._rgb_normalize_output_power
                0x10000d04       0x88 CMakeFiles/SUPERGAMEPAD_RP2040.dir/lib/HOJA-LIB-RP2040/src/utilities/rgb.c.obj
                0x10000d04                _rgb_normalize_output_power
 .text._rgb_update_all
                0x10000d8c       0x28 CMakeFiles/SUPERGAMEPAD_RP2040.dir/lib/HOJA-LIB-RP2040/src/utilities/rgb.c.obj
                0x10000d8c                _rgb_update_all
 .text._rgb_blend
                0x10000db4       0xac CMakeFiles/SUPERGAMEPAD_RP2040.dir/lib/HOJA-LIB-RP2040/src/utilities/rgb.c.obj
                0x10000db4                _rgb_blend
 .text._rgb_animate_step
                0x10000e60       0xac CMakeFiles/SUPERGAMEPAD_RP2040.dir/lib/HOJA-LIB-RP2040/src/utilities/rgb.c.obj
                0x10000e60                _rgb_animate_step
 .text._rgb_set_sequential
                0x10000f0c       0x32 CMakeFiles/SUPERGAMEPAD_RP2040.dir/lib/HOJA-LIB-RP2040/src/utilities/rgb.c.obj
                0x10000f0c                _rgb_set_sequential
 *fill*         0x10000f3e        0x2 
 .text.rgb_set_brightness
                0x10000f40       0x14 CMakeFiles/SUPERGAMEPAD_RP2040.dir/lib/HOJA-LIB-RP2040/src/utilities/rgb.c.obj
                0x10000f40                rgb_set_brightness
 .text.rgb_set_dirty
                0x10000f54        0xc CMakeFiles/SUPERGAMEPAD_RP2040.dir/lib/HOJA-LIB-RP2040/src/utilities/rgb.c.obj
                0x10000f54                rgb_set_dirty
 .text.rgb_set_instant
                0x10000f60       0x5c CMakeFiles/SUPERGAMEPAD_RP2040.dir/lib/HOJA-LIB-RP2040/src/utilities/rgb.c.obj
                0x10000f60                rgb_set_instant
 .text.rgb_set_all
                0x10000fbc       0x30 CMakeFiles/SUPERGAMEPAD_RP2040.dir/lib/HOJA-LIB-RP2040/src/utilities/rgb.c.obj
                0x10000fbc                rgb_set_all
 .text.rgb_set_group
                0x10000fec       0xc8 CMakeFiles/SUPERGAMEPAD_RP2040.dir/lib/HOJA-LIB-RP2040/src/utilities/rgb.c.obj
                0x10000fec                rgb_set_group
 .text.rgb_preset_reload
                0x100010b4       0x38 CMakeFiles/SUPERGAMEPAD_RP2040.dir/lib/HOJA-LIB-RP2040/src/utilities/rgb.c.obj
                0x100010b4                rgb_preset_reload
 .text.rgb_load_preset
                0x100010ec       0x10 CMakeFiles/SUPERGAMEPAD_RP2040.dir/lib/HOJA-LIB-RP2040/src/utilities/rgb.c.obj
                0x100010ec                rgb_load_preset
 .text.rgb_init
                0x100010fc      0x134 CMakeFiles/SUPERGAMEPAD_RP2040.dir/lib/HOJA-LIB-RP2040/src/utilities/rgb.c.obj
                0x100010fc                rgb_init
 .text.rgb_task
                0x10001230       0x48 CMakeFiles/SUPERGAMEPAD_RP2040.dir/lib/HOJA-LIB-RP2040/src/utilities/rgb.c.obj
                0x10001230                rgb_task
 .text.util_wire_connected
                0x10001278       0xd8 CMakeFiles/SUPERGAMEPAD_RP2040.dir/lib/HOJA-LIB-RP2040/src/utilities/battery.c.obj
                0x10001278                util_wire_connected
 .text.tud_descriptor_bos_cb
                0x10001350       0x1c CMakeFiles/SUPERGAMEPAD_RP2040.dir/lib/HOJA-LIB-RP2040/src/usb/desc_bos.c.obj
                0x10001350                tud_descriptor_bos_cb
 .text.tud_hid_ready
                0x1000136c        0xa CMakeFiles/SUPERGAMEPAD_RP2040.dir/lib/HOJA-LIB-RP2040/src/usb/hoja_usb.c.obj
 *fill*         0x10001376        0x2 
 .text.usbd_app_driver_get_cb
                0x10001378       0x24 CMakeFiles/SUPERGAMEPAD_RP2040.dir/lib/HOJA-LIB-RP2040/src/usb/hoja_usb.c.obj
                0x10001378                usbd_app_driver_get_cb
 .text._hoja_usb_set_interval
                0x1000139c        0xc CMakeFiles/SUPERGAMEPAD_RP2040.dir/lib/HOJA-LIB-RP2040/src/usb/hoja_usb.c.obj
                0x1000139c                _hoja_usb_set_interval
 .text.hoja_usb_start
                0x100013a8       0x80 CMakeFiles/SUPERGAMEPAD_RP2040.dir/lib/HOJA-LIB-RP2040/src/usb/hoja_usb.c.obj
                0x100013a8                hoja_usb_start
 .text.hoja_usb_task
                0x10001428       0xac CMakeFiles/SUPERGAMEPAD_RP2040.dir/lib/HOJA-LIB-RP2040/src/usb/hoja_usb.c.obj
                0x10001428                hoja_usb_task
 .text.tud_descriptor_device_cb
                0x100014d4       0x2c CMakeFiles/SUPERGAMEPAD_RP2040.dir/lib/HOJA-LIB-RP2040/src/usb/hoja_usb.c.obj
                0x100014d4                tud_descriptor_device_cb
 .text.tud_descriptor_configuration_cb
                0x10001500       0x2c CMakeFiles/SUPERGAMEPAD_RP2040.dir/lib/HOJA-LIB-RP2040/src/usb/hoja_usb.c.obj
                0x10001500                tud_descriptor_configuration_cb
 .text.tud_hid_get_report_cb
                0x1000152c        0x4 CMakeFiles/SUPERGAMEPAD_RP2040.dir/lib/HOJA-LIB-RP2040/src/usb/hoja_usb.c.obj
                0x1000152c                tud_hid_get_report_cb
 .text.tud_hid_report_complete_cb
                0x10001530        0xc CMakeFiles/SUPERGAMEPAD_RP2040.dir/lib/HOJA-LIB-RP2040/src/usb/hoja_usb.c.obj
                0x10001530                tud_hid_report_complete_cb
 .text.tud_hid_set_report_cb
                0x1000153c       0x9c CMakeFiles/SUPERGAMEPAD_RP2040.dir/lib/HOJA-LIB-RP2040/src/usb/hoja_usb.c.obj
                0x1000153c                tud_hid_set_report_cb
 .text.tud_hid_descriptor_report_cb
                0x100015d8       0x20 CMakeFiles/SUPERGAMEPAD_RP2040.dir/lib/HOJA-LIB-RP2040/src/usb/hoja_usb.c.obj
                0x100015d8                tud_hid_descriptor_report_cb
 .text.tud_descriptor_string_cb
                0x100015f8       0x9c CMakeFiles/SUPERGAMEPAD_RP2040.dir/lib/HOJA-LIB-RP2040/src/usb/hoja_usb.c.obj
                0x100015f8                tud_descriptor_string_cb
 .text.tud_vendor_rx_cb
                0x10001694       0x38 CMakeFiles/SUPERGAMEPAD_RP2040.dir/lib/HOJA-LIB-RP2040/src/usb/hoja_usb.c.obj
                0x10001694                tud_vendor_rx_cb
 .text.tud_vendor_control_xfer_cb
                0x100016cc      0x100 CMakeFiles/SUPERGAMEPAD_RP2040.dir/lib/HOJA-LIB-RP2040/src/usb/hoja_usb.c.obj
                0x100016cc                tud_vendor_control_xfer_cb
 .text.xinputd_control_xfer_cb
                0x100017cc        0x4 CMakeFiles/SUPERGAMEPAD_RP2040.dir/lib/HOJA-LIB-RP2040/src/usb/xinput_device.c.obj
                0x100017cc                xinputd_control_xfer_cb
 .text.xinputd_reset
                0x100017d0       0x14 CMakeFiles/SUPERGAMEPAD_RP2040.dir/lib/HOJA-LIB-RP2040/src/usb/xinput_device.c.obj
                0x100017d0                xinputd_reset
 .text.xinputd_init
                0x100017e4        0xa CMakeFiles/SUPERGAMEPAD_RP2040.dir/lib/HOJA-LIB-RP2040/src/usb/xinput_device.c.obj
                0x100017e4                xinputd_init
 *fill*         0x100017ee        0x2 
 .text.xinputd_open
                0x100017f0       0x70 CMakeFiles/SUPERGAMEPAD_RP2040.dir/lib/HOJA-LIB-RP2040/src/usb/xinput_device.c.obj
                0x100017f0                xinputd_open
 .text.xinputd_xfer_cb
                0x10001860       0x68 CMakeFiles/SUPERGAMEPAD_RP2040.dir/lib/HOJA-LIB-RP2040/src/usb/xinput_device.c.obj
                0x10001860                xinputd_xfer_cb
 .text.tud_xinput_getout
                0x100018c8       0x54 CMakeFiles/SUPERGAMEPAD_RP2040.dir/lib/HOJA-LIB-RP2040/src/usb/xinput_device.c.obj
                0x100018c8                tud_xinput_getout
 .text.tud_xinput_report
                0x1000191c       0x58 CMakeFiles/SUPERGAMEPAD_RP2040.dir/lib/HOJA-LIB-RP2040/src/usb/xinput_device.c.obj
                0x1000191c                tud_xinput_report
 .text.tud_xinput_ready
                0x10001974       0x48 CMakeFiles/SUPERGAMEPAD_RP2040.dir/lib/HOJA-LIB-RP2040/src/usb/xinput_device.c.obj
                0x10001974                tud_xinput_ready
 .text.ginputd_reset
                0x100019bc       0x14 CMakeFiles/SUPERGAMEPAD_RP2040.dir/lib/HOJA-LIB-RP2040/src/usb/ginput_device.c.obj
                0x100019bc                ginputd_reset
 .text.ginputd_init
                0x100019d0        0xa CMakeFiles/SUPERGAMEPAD_RP2040.dir/lib/HOJA-LIB-RP2040/src/usb/ginput_device.c.obj
                0x100019d0                ginputd_init
 *fill*         0x100019da        0x2 
 .text.ginputd_open
                0x100019dc       0xc4 CMakeFiles/SUPERGAMEPAD_RP2040.dir/lib/HOJA-LIB-RP2040/src/usb/ginput_device.c.obj
                0x100019dc                ginputd_open
 .text.ginputd_xfer_cb
                0x10001aa0       0x84 CMakeFiles/SUPERGAMEPAD_RP2040.dir/lib/HOJA-LIB-RP2040/src/usb/ginput_device.c.obj
                0x10001aa0                ginputd_xfer_cb
 .text.ginputd_control_xfer_cb
                0x10001b24      0x28c CMakeFiles/SUPERGAMEPAD_RP2040.dir/lib/HOJA-LIB-RP2040/src/usb/ginput_device.c.obj
                0x10001b24                ginputd_control_xfer_cb
 .text.tud_ginput_n_ready
                0x10001db0       0x50 CMakeFiles/SUPERGAMEPAD_RP2040.dir/lib/HOJA-LIB-RP2040/src/usb/ginput_device.c.obj
                0x10001db0                tud_ginput_n_ready
 .text.tud_ginput_ready
                0x10001e00        0xa CMakeFiles/SUPERGAMEPAD_RP2040.dir/lib/HOJA-LIB-RP2040/src/usb/ginput_device.c.obj
                0x10001e00                tud_ginput_ready
 *fill*         0x10001e0a        0x2 
 .text.tud_ginput_n_report
                0x10001e0c       0x94 CMakeFiles/SUPERGAMEPAD_RP2040.dir/lib/HOJA-LIB-RP2040/src/usb/ginput_device.c.obj
                0x10001e0c                tud_ginput_n_report
 .text.tud_ginput_report
                0x10001ea0       0x10 CMakeFiles/SUPERGAMEPAD_RP2040.dir/lib/HOJA-LIB-RP2040/src/usb/ginput_device.c.obj
                0x10001ea0                tud_ginput_report
 .text.switch_analog_encode
                0x10001eb0       0x16 CMakeFiles/SUPERGAMEPAD_RP2040.dir/lib/HOJA-LIB-RP2040/src/switch/switch_analog.c.obj
                0x10001eb0                switch_analog_encode
 *fill*         0x10001ec6        0x2 
 .text.switch_analog_calibration_init
                0x10001ec8       0x50 CMakeFiles/SUPERGAMEPAD_RP2040.dir/lib/HOJA-LIB-RP2040/src/switch/switch_analog.c.obj
                0x10001ec8                switch_analog_calibration_init
 .text.clear_report
                0x10001f18       0x14 CMakeFiles/SUPERGAMEPAD_RP2040.dir/lib/HOJA-LIB-RP2040/src/switch/switch_commands.c.obj
                0x10001f18                clear_report
 .text.set_report_id
                0x10001f2c        0xc CMakeFiles/SUPERGAMEPAD_RP2040.dir/lib/HOJA-LIB-RP2040/src/switch/switch_commands.c.obj
                0x10001f2c                set_report_id
 .text.set_ack  0x10001f38        0xc CMakeFiles/SUPERGAMEPAD_RP2040.dir/lib/HOJA-LIB-RP2040/src/switch/switch_commands.c.obj
                0x10001f38                set_ack
 .text.set_command
                0x10001f44        0xc CMakeFiles/SUPERGAMEPAD_RP2040.dir/lib/HOJA-LIB-RP2040/src/switch/switch_commands.c.obj
                0x10001f44                set_command
 .text.set_timer
                0x10001f50       0x28 CMakeFiles/SUPERGAMEPAD_RP2040.dir/lib/HOJA-LIB-RP2040/src/switch/switch_commands.c.obj
                0x10001f50                set_timer
 .text.set_battconn
                0x10001f78       0x14 CMakeFiles/SUPERGAMEPAD_RP2040.dir/lib/HOJA-LIB-RP2040/src/switch/switch_commands.c.obj
                0x10001f78                set_battconn
 .text.set_devinfo
                0x10001f8c       0x1c CMakeFiles/SUPERGAMEPAD_RP2040.dir/lib/HOJA-LIB-RP2040/src/switch/switch_commands.c.obj
                0x10001f8c                set_devinfo
 .text.set_sub_triggertime
                0x10001fa8       0x24 CMakeFiles/SUPERGAMEPAD_RP2040.dir/lib/HOJA-LIB-RP2040/src/switch/switch_commands.c.obj
                0x10001fa8                set_sub_triggertime
 .text.shouldControllerRumble
                0x10001fcc       0x36 CMakeFiles/SUPERGAMEPAD_RP2040.dir/lib/HOJA-LIB-RP2040/src/switch/switch_commands.c.obj
                0x10001fcc                shouldControllerRumble
 *fill*         0x10002002        0x2 
 .text.rumble_translate
                0x10002004       0x84 CMakeFiles/SUPERGAMEPAD_RP2040.dir/lib/HOJA-LIB-RP2040/src/switch/switch_commands.c.obj
                0x10002004                rumble_translate
 .text.info_set_mac
                0x10002088       0x34 CMakeFiles/SUPERGAMEPAD_RP2040.dir/lib/HOJA-LIB-RP2040/src/switch/switch_commands.c.obj
                0x10002088                info_set_mac
 .text.info_handler
                0x100020bc       0x4c CMakeFiles/SUPERGAMEPAD_RP2040.dir/lib/HOJA-LIB-RP2040/src/switch/switch_commands.c.obj
                0x100020bc                info_handler
 .text.pairing_set
                0x10002108       0xc0 CMakeFiles/SUPERGAMEPAD_RP2040.dir/lib/HOJA-LIB-RP2040/src/switch/switch_commands.c.obj
                0x10002108                pairing_set
 .text.command_handler
                0x100021c8      0x22c CMakeFiles/SUPERGAMEPAD_RP2040.dir/lib/HOJA-LIB-RP2040/src/switch/switch_commands.c.obj
                0x100021c8                command_handler
 .text.report_handler
                0x100023f4       0x44 CMakeFiles/SUPERGAMEPAD_RP2040.dir/lib/HOJA-LIB-RP2040/src/switch/switch_commands.c.obj
                0x100023f4                report_handler
 .text._unknown_thing
                0x10002438       0x2c CMakeFiles/SUPERGAMEPAD_RP2040.dir/lib/HOJA-LIB-RP2040/src/switch/switch_commands.c.obj
                0x10002438                _unknown_thing
 .text.switch_commands_process
                0x10002464       0xb8 CMakeFiles/SUPERGAMEPAD_RP2040.dir/lib/HOJA-LIB-RP2040/src/switch/switch_commands.c.obj
                0x10002464                switch_commands_process
 .text.switch_commands_future_handle
                0x1000251c       0x28 CMakeFiles/SUPERGAMEPAD_RP2040.dir/lib/HOJA-LIB-RP2040/src/switch/switch_commands.c.obj
                0x1000251c                switch_commands_future_handle
 .text.switch_commands_bulkset
                0x10002544       0x10 CMakeFiles/SUPERGAMEPAD_RP2040.dir/lib/HOJA-LIB-RP2040/src/switch/switch_commands.c.obj
                0x10002544                switch_commands_bulkset
 .text.sw_spi_getaddressdata
                0x10002554      0x18c CMakeFiles/SUPERGAMEPAD_RP2040.dir/lib/HOJA-LIB-RP2040/src/switch/switch_spi.c.obj
                0x10002554                sw_spi_getaddressdata
 .text.sw_spi_readfromaddress
                0x100026e0       0x50 CMakeFiles/SUPERGAMEPAD_RP2040.dir/lib/HOJA-LIB-RP2040/src/switch/switch_spi.c.obj
                0x100026e0                sw_spi_readfromaddress
 .text._imu_average_value
                0x10002730       0x30 CMakeFiles/SUPERGAMEPAD_RP2040.dir/lib/HOJA-LIB-RP2040/src/input/imu.c.obj
                0x10002730                _imu_average_value
 .text.imu_calibrate_start
                0x10002760       0x88 CMakeFiles/SUPERGAMEPAD_RP2040.dir/lib/HOJA-LIB-RP2040/src/input/imu.c.obj
                0x10002760                imu_calibrate_start
 .text.imu_calibrate_stop
                0x100027e8       0x20 CMakeFiles/SUPERGAMEPAD_RP2040.dir/lib/HOJA-LIB-RP2040/src/input/imu.c.obj
                0x100027e8                imu_calibrate_stop
 .text._imu_calibrate_task
                0x10002808       0x88 CMakeFiles/SUPERGAMEPAD_RP2040.dir/lib/HOJA-LIB-RP2040/src/input/imu.c.obj
                0x10002808                _imu_calibrate_task
 .text._imu_process_8
                0x10002890        0x8 CMakeFiles/SUPERGAMEPAD_RP2040.dir/lib/HOJA-LIB-RP2040/src/input/imu.c.obj
                0x10002890                _imu_process_8
 .text.imu_switch_buffer_out
                0x10002898       0xe8 CMakeFiles/SUPERGAMEPAD_RP2040.dir/lib/HOJA-LIB-RP2040/src/input/imu.c.obj
                0x10002898                imu_switch_buffer_out
 .text.imu_set_enabled
                0x10002980        0xc CMakeFiles/SUPERGAMEPAD_RP2040.dir/lib/HOJA-LIB-RP2040/src/input/imu.c.obj
                0x10002980                imu_set_enabled
 .text.imu_task
                0x1000298c      0x200 CMakeFiles/SUPERGAMEPAD_RP2040.dir/lib/HOJA-LIB-RP2040/src/input/imu.c.obj
                0x1000298c                imu_task
 .text._remap_load_remap
                0x10002b8c       0x58 CMakeFiles/SUPERGAMEPAD_RP2040.dir/lib/HOJA-LIB-RP2040/src/input/remap.c.obj
                0x10002b8c                _remap_load_remap
 .text._remap_pack_remap
                0x10002be4       0xda CMakeFiles/SUPERGAMEPAD_RP2040.dir/lib/HOJA-LIB-RP2040/src/input/remap.c.obj
                0x10002be4                _remap_pack_remap
 .text._remap_unpack_remap
                0x10002cbe       0x72 CMakeFiles/SUPERGAMEPAD_RP2040.dir/lib/HOJA-LIB-RP2040/src/input/remap.c.obj
                0x10002cbe                _remap_unpack_remap
 .text.remap_reset_default
                0x10002d30       0x74 CMakeFiles/SUPERGAMEPAD_RP2040.dir/lib/HOJA-LIB-RP2040/src/input/remap.c.obj
                0x10002d30                remap_reset_default
 .text.remap_init
                0x10002da4       0x3c CMakeFiles/SUPERGAMEPAD_RP2040.dir/lib/HOJA-LIB-RP2040/src/input/remap.c.obj
                0x10002da4                remap_init
 .text.remap_set_gc_sp
                0x10002de0       0x10 CMakeFiles/SUPERGAMEPAD_RP2040.dir/lib/HOJA-LIB-RP2040/src/input/remap.c.obj
                0x10002de0                remap_set_gc_sp
 .text.remap_listen_stop
                0x10002df0       0x20 CMakeFiles/SUPERGAMEPAD_RP2040.dir/lib/HOJA-LIB-RP2040/src/input/remap.c.obj
                0x10002df0                remap_listen_stop
 .text.remap_send_data_webusb
                0x10002e10       0xf0 CMakeFiles/SUPERGAMEPAD_RP2040.dir/lib/HOJA-LIB-RP2040/src/input/remap.c.obj
                0x10002e10                remap_send_data_webusb
 .text._remap_listener
                0x10002f00       0xec CMakeFiles/SUPERGAMEPAD_RP2040.dir/lib/HOJA-LIB-RP2040/src/input/remap.c.obj
                0x10002f00                _remap_listener
 .text.remap_listen_enable
                0x10002fec       0x40 CMakeFiles/SUPERGAMEPAD_RP2040.dir/lib/HOJA-LIB-RP2040/src/input/remap.c.obj
                0x10002fec                remap_listen_enable
 .text.remap_buttons_task
                0x1000302c      0x470 CMakeFiles/SUPERGAMEPAD_RP2040.dir/lib/HOJA-LIB-RP2040/src/input/remap.c.obj
                0x1000302c                remap_buttons_task
 .text._add_axis
                0x1000349c      0x230 CMakeFiles/SUPERGAMEPAD_RP2040.dir/lib/HOJA-LIB-RP2040/src/input/snapback.c.obj
                0x1000349c                _add_axis
 .text.snapback_process
                0x100036cc       0x54 CMakeFiles/SUPERGAMEPAD_RP2040.dir/lib/HOJA-LIB-RP2040/src/input/snapback.c.obj
                0x100036cc                snapback_process
 .text._snapback_add_value
                0x10003720       0x30 CMakeFiles/SUPERGAMEPAD_RP2040.dir/lib/HOJA-LIB-RP2040/src/input/snapback.c.obj
                0x10003720                _snapback_add_value
 .text.snapback_webcapture_task
                0x10003750      0x138 CMakeFiles/SUPERGAMEPAD_RP2040.dir/lib/HOJA-LIB-RP2040/src/input/snapback.c.obj
                0x10003750                snapback_webcapture_task
 .text._stick_angle_adjust
                0x10003888       0x3c CMakeFiles/SUPERGAMEPAD_RP2040.dir/lib/HOJA-LIB-RP2040/src/input/stick_scaling.c.obj
                0x10003888                _stick_angle_adjust
 .text._stick_get_octant_adjusted
                0x100038c4       0x18 CMakeFiles/SUPERGAMEPAD_RP2040.dir/lib/HOJA-LIB-RP2040/src/input/stick_scaling.c.obj
                0x100038c4                _stick_get_octant_adjusted
 .text._stick_get_octant
                0x100038dc       0xcc CMakeFiles/SUPERGAMEPAD_RP2040.dir/lib/HOJA-LIB-RP2040/src/input/stick_scaling.c.obj
                0x100038dc                _stick_get_octant
 .text._stick_get_angle
                0x100039a8       0x70 CMakeFiles/SUPERGAMEPAD_RP2040.dir/lib/HOJA-LIB-RP2040/src/input/stick_scaling.c.obj
                0x100039a8                _stick_get_angle
 .text._stick_get_distance
                0x10003a18       0x56 CMakeFiles/SUPERGAMEPAD_RP2040.dir/lib/HOJA-LIB-RP2040/src/input/stick_scaling.c.obj
                0x10003a18                _stick_get_distance
 *fill*         0x10003a6e        0x2 
 .text._stick_normalized_vector
                0x10003a70       0x40 CMakeFiles/SUPERGAMEPAD_RP2040.dir/lib/HOJA-LIB-RP2040/src/input/stick_scaling.c.obj
                0x10003a70                _stick_normalized_vector
 .text._stick_angle_distance_scaled
                0x10003ab0      0x150 CMakeFiles/SUPERGAMEPAD_RP2040.dir/lib/HOJA-LIB-RP2040/src/input/stick_scaling.c.obj
                0x10003ab0                _stick_angle_distance_scaled
 .text._stick_calculate_distance_scalers
                0x10003c00       0x24 CMakeFiles/SUPERGAMEPAD_RP2040.dir/lib/HOJA-LIB-RP2040/src/input/stick_scaling.c.obj
                0x10003c00                _stick_calculate_distance_scalers
 .text.stick_scaling_get_settings
                0x10003c24       0x90 CMakeFiles/SUPERGAMEPAD_RP2040.dir/lib/HOJA-LIB-RP2040/src/input/stick_scaling.c.obj
                0x10003c24                stick_scaling_get_settings
 .text.stick_scaling_set_settings
                0x10003cb4       0x48 CMakeFiles/SUPERGAMEPAD_RP2040.dir/lib/HOJA-LIB-RP2040/src/input/stick_scaling.c.obj
                0x10003cb4                stick_scaling_set_settings
 .text.stick_scaling_init
                0x10003cfc       0x24 CMakeFiles/SUPERGAMEPAD_RP2040.dir/lib/HOJA-LIB-RP2040/src/input/stick_scaling.c.obj
                0x10003cfc                stick_scaling_init
 .text.stick_scaling_reset_distances
                0x10003d20       0x48 CMakeFiles/SUPERGAMEPAD_RP2040.dir/lib/HOJA-LIB-RP2040/src/input/stick_scaling.c.obj
                0x10003d20                stick_scaling_reset_distances
 .text.stick_scaling_capture_distances
                0x10003d68      0x178 CMakeFiles/SUPERGAMEPAD_RP2040.dir/lib/HOJA-LIB-RP2040/src/input/stick_scaling.c.obj
                0x10003d68                stick_scaling_capture_distances
 .text.stick_scaling_capture_center
                0x10003ee0       0x2c CMakeFiles/SUPERGAMEPAD_RP2040.dir/lib/HOJA-LIB-RP2040/src/input/stick_scaling.c.obj
                0x10003ee0                stick_scaling_capture_center
 .text.stick_scaling_capture_angle
                0x10003f0c      0x134 CMakeFiles/SUPERGAMEPAD_RP2040.dir/lib/HOJA-LIB-RP2040/src/input/stick_scaling.c.obj
                0x10003f0c                stick_scaling_capture_angle
 .text.stick_scaling_process_data
                0x10004040       0xe0 CMakeFiles/SUPERGAMEPAD_RP2040.dir/lib/HOJA-LIB-RP2040/src/input/stick_scaling.c.obj
                0x10004040                stick_scaling_process_data
 .text.analog_send_reset
                0x10004120       0x24 CMakeFiles/SUPERGAMEPAD_RP2040.dir/lib/HOJA-LIB-RP2040/src/input/analog.c.obj
                0x10004120                analog_send_reset
 .text.analog_calibrate_start
                0x10004144       0x30 CMakeFiles/SUPERGAMEPAD_RP2040.dir/lib/HOJA-LIB-RP2040/src/input/analog.c.obj
                0x10004144                analog_calibrate_start
 .text.analog_init
                0x10004174       0x40 CMakeFiles/SUPERGAMEPAD_RP2040.dir/lib/HOJA-LIB-RP2040/src/input/analog.c.obj
                0x10004174                analog_init
 .text.analog_calibrate_stop
                0x100041b4       0x34 CMakeFiles/SUPERGAMEPAD_RP2040.dir/lib/HOJA-LIB-RP2040/src/input/analog.c.obj
                0x100041b4                analog_calibrate_stop
 .text.analog_calibrate_save
                0x100041e8       0x3c CMakeFiles/SUPERGAMEPAD_RP2040.dir/lib/HOJA-LIB-RP2040/src/input/analog.c.obj
                0x100041e8                analog_calibrate_save
 .text.analog_calibrate_angle
                0x10004224       0x10 CMakeFiles/SUPERGAMEPAD_RP2040.dir/lib/HOJA-LIB-RP2040/src/input/analog.c.obj
                0x10004224                analog_calibrate_angle
 .text._analog_calibrate_loop
                0x10004234       0x64 CMakeFiles/SUPERGAMEPAD_RP2040.dir/lib/HOJA-LIB-RP2040/src/input/analog.c.obj
                0x10004234                _analog_calibrate_loop
 .text._analog_distance_check
                0x10004298       0x44 CMakeFiles/SUPERGAMEPAD_RP2040.dir/lib/HOJA-LIB-RP2040/src/input/analog.c.obj
                0x10004298                _analog_distance_check
 .text.analog_task
                0x100042dc       0xe0 CMakeFiles/SUPERGAMEPAD_RP2040.dir/lib/HOJA-LIB-RP2040/src/input/analog.c.obj
                0x100042dc                analog_task
 .text.safe_mode_task
                0x100043bc       0xac CMakeFiles/SUPERGAMEPAD_RP2040.dir/lib/HOJA-LIB-RP2040/src/input/safemode.c.obj
                0x100043bc                safe_mode_task
 .text.safe_mode_check
                0x10004468        0xc CMakeFiles/SUPERGAMEPAD_RP2040.dir/lib/HOJA-LIB-RP2040/src/input/safemode.c.obj
                0x10004468                safe_mode_check
 .text.gcinput_hid_report
                0x10004474      0x370 CMakeFiles/SUPERGAMEPAD_RP2040.dir/lib/HOJA-LIB-RP2040/src/devices/gcinput.c.obj
                0x10004474                gcinput_hid_report
 .text.joybus_program_init
                0x100047e4      0x1a0 CMakeFiles/SUPERGAMEPAD_RP2040.dir/lib/HOJA-LIB-RP2040/src/devices/gamecube.c.obj
 .text._gamecube_isr_txdone
                0x10004984       0x54 CMakeFiles/SUPERGAMEPAD_RP2040.dir/lib/HOJA-LIB-RP2040/src/devices/gamecube.c.obj
 .text._gamecube_send_probe
                0x100049d8       0x34 CMakeFiles/SUPERGAMEPAD_RP2040.dir/lib/HOJA-LIB-RP2040/src/devices/gamecube.c.obj
                0x100049d8                _gamecube_send_probe
 .text._gamecube_send_origin
                0x10004a0c       0x9c CMakeFiles/SUPERGAMEPAD_RP2040.dir/lib/HOJA-LIB-RP2040/src/devices/gamecube.c.obj
                0x10004a0c                _gamecube_send_origin
 .text._gamecube_send_poll
                0x10004aa8       0xa0 CMakeFiles/SUPERGAMEPAD_RP2040.dir/lib/HOJA-LIB-RP2040/src/devices/gamecube.c.obj
                0x10004aa8                _gamecube_send_poll
 .text._gamecube_reset_state
                0x10004b48       0x48 CMakeFiles/SUPERGAMEPAD_RP2040.dir/lib/HOJA-LIB-RP2040/src/devices/gamecube.c.obj
                0x10004b48                _gamecube_reset_state
 .text._gamecube_isr_handler
                0x10004b90       0x34 CMakeFiles/SUPERGAMEPAD_RP2040.dir/lib/HOJA-LIB-RP2040/src/devices/gamecube.c.obj
 .text.gamecube_comms_task
                0x10004bc4      0x444 CMakeFiles/SUPERGAMEPAD_RP2040.dir/lib/HOJA-LIB-RP2040/src/devices/gamecube.c.obj
                0x10004bc4                gamecube_comms_task
 .text.joybus_program_init
                0x10005008      0x1a0 CMakeFiles/SUPERGAMEPAD_RP2040.dir/lib/HOJA-LIB-RP2040/src/devices/n64.c.obj
 .text._n64_isr_txdone
                0x100051a8       0x54 CMakeFiles/SUPERGAMEPAD_RP2040.dir/lib/HOJA-LIB-RP2040/src/devices/n64.c.obj
 .text._n64_get_crc
                0x100051fc       0x10 CMakeFiles/SUPERGAMEPAD_RP2040.dir/lib/HOJA-LIB-RP2040/src/devices/n64.c.obj
                0x100051fc                _n64_get_crc
 .text._n64_send_probe
                0x1000520c       0x34 CMakeFiles/SUPERGAMEPAD_RP2040.dir/lib/HOJA-LIB-RP2040/src/devices/n64.c.obj
                0x1000520c                _n64_send_probe
 .text._n64_send_pak_write
                0x10005240       0x1c CMakeFiles/SUPERGAMEPAD_RP2040.dir/lib/HOJA-LIB-RP2040/src/devices/n64.c.obj
                0x10005240                _n64_send_pak_write
 .text._n64_send_poll
                0x1000525c       0x5c CMakeFiles/SUPERGAMEPAD_RP2040.dir/lib/HOJA-LIB-RP2040/src/devices/n64.c.obj
                0x1000525c                _n64_send_poll
 .text._n64_isr_handler
                0x100052b8       0x34 CMakeFiles/SUPERGAMEPAD_RP2040.dir/lib/HOJA-LIB-RP2040/src/devices/n64.c.obj
 .text._n64_reset_state
                0x100052ec       0x48 CMakeFiles/SUPERGAMEPAD_RP2040.dir/lib/HOJA-LIB-RP2040/src/devices/n64.c.obj
                0x100052ec                _n64_reset_state
 .text.n64_comms_task
                0x10005334      0x254 CMakeFiles/SUPERGAMEPAD_RP2040.dir/lib/HOJA-LIB-RP2040/src/devices/n64.c.obj
                0x10005334                n64_comms_task
 .text._nspi_isr_handler
                0x10005588       0x78 CMakeFiles/SUPERGAMEPAD_RP2040.dir/lib/HOJA-LIB-RP2040/src/devices/nspi.c.obj
 .text.nspi_init
                0x10005600      0x2c4 CMakeFiles/SUPERGAMEPAD_RP2040.dir/lib/HOJA-LIB-RP2040/src/devices/nspi.c.obj
                0x10005600                nspi_init
 .text.nspi_comms_task
                0x100058c4      0x190 CMakeFiles/SUPERGAMEPAD_RP2040.dir/lib/HOJA-LIB-RP2040/src/devices/nspi.c.obj
                0x100058c4                nspi_comms_task
 .text.swpro_hid_report
                0x10005a54      0x16c CMakeFiles/SUPERGAMEPAD_RP2040.dir/lib/HOJA-LIB-RP2040/src/devices/swpro.c.obj
                0x10005a54                swpro_hid_report
 .text.webusb_output_enabled
                0x10005bc0        0xc CMakeFiles/SUPERGAMEPAD_RP2040.dir/lib/HOJA-LIB-RP2040/src/devices/webusb.c.obj
                0x10005bc0                webusb_output_enabled
 .text.webusb_enable_output
                0x10005bcc        0xc CMakeFiles/SUPERGAMEPAD_RP2040.dir/lib/HOJA-LIB-RP2040/src/devices/webusb.c.obj
                0x10005bcc                webusb_enable_output
 .text.webusb_ready_blocking
                0x10005bd8       0x3e CMakeFiles/SUPERGAMEPAD_RP2040.dir/lib/HOJA-LIB-RP2040/src/devices/webusb.c.obj
                0x10005bd8                webusb_ready_blocking
 *fill*         0x10005c16        0x2 
 .text.webusb_save_confirm
                0x10005c18       0x40 CMakeFiles/SUPERGAMEPAD_RP2040.dir/lib/HOJA-LIB-RP2040/src/devices/webusb.c.obj
                0x10005c18                webusb_save_confirm
 .text.webusb_input_report_task
                0x10005c58       0xdc CMakeFiles/SUPERGAMEPAD_RP2040.dir/lib/HOJA-LIB-RP2040/src/devices/webusb.c.obj
                0x10005c58                webusb_input_report_task
 .text.webusb_command_processor
                0x10005d34      0x348 CMakeFiles/SUPERGAMEPAD_RP2040.dir/lib/HOJA-LIB-RP2040/src/devices/webusb.c.obj
                0x10005d34                webusb_command_processor
 .text.sign_axis
                0x1000607c       0x24 CMakeFiles/SUPERGAMEPAD_RP2040.dir/lib/HOJA-LIB-RP2040/src/devices/xinput.c.obj
                0x1000607c                sign_axis
 .text.xinput_hid_report
                0x100060a0      0x144 CMakeFiles/SUPERGAMEPAD_RP2040.dir/lib/HOJA-LIB-RP2040/src/devices/xinput.c.obj
                0x100060a0                xinput_hid_report
 .text.btinput_init
                0x100061e4       0x80 CMakeFiles/SUPERGAMEPAD_RP2040.dir/lib/HOJA-LIB-RP2040/src/devices/btinput.c.obj
                0x100061e4                btinput_init
 .text._btinput_message_parse
                0x10006264       0x78 CMakeFiles/SUPERGAMEPAD_RP2040.dir/lib/HOJA-LIB-RP2040/src/devices/btinput.c.obj
                0x10006264                _btinput_message_parse
 .text.btinput_comms_task
                0x100062dc      0x160 CMakeFiles/SUPERGAMEPAD_RP2040.dir/lib/HOJA-LIB-RP2040/src/devices/btinput.c.obj
                0x100062dc                btinput_comms_task
 .text.gpio_set_function
                0x1000643c       0x30 CMakeFiles/SUPERGAMEPAD_RP2040.dir/C_/Program_Files/Raspberry_Pi/Pico_SDK_v1.5.1/pico-sdk/src/rp2_common/hardware_gpio/gpio.c.obj
                0x1000643c                gpio_set_function
 .text.gpio_set_pulls
                0x1000646c       0x34 CMakeFiles/SUPERGAMEPAD_RP2040.dir/C_/Program_Files/Raspberry_Pi/Pico_SDK_v1.5.1/pico-sdk/src/rp2_common/hardware_gpio/gpio.c.obj
                0x1000646c                gpio_set_pulls
 .text.gpio_init
                0x100064a0       0x16 CMakeFiles/SUPERGAMEPAD_RP2040.dir/C_/Program_Files/Raspberry_Pi/Pico_SDK_v1.5.1/pico-sdk/src/rp2_common/hardware_gpio/gpio.c.obj
                0x100064a0                gpio_init
 *fill*         0x100064b6        0x2 
 .text.running_on_fpga
                0x100064b8       0x14 CMakeFiles/SUPERGAMEPAD_RP2040.dir/C_/Program_Files/Raspberry_Pi/Pico_SDK_v1.5.1/pico-sdk/src/rp2_common/pico_platform/platform.c.obj
                0x100064b8                running_on_fpga
 .text.hw_claim_lock
                0x100064cc       0x18 CMakeFiles/SUPERGAMEPAD_RP2040.dir/C_/Program_Files/Raspberry_Pi/Pico_SDK_v1.5.1/pico-sdk/src/rp2_common/hardware_claim/claim.c.obj
                0x100064cc                hw_claim_lock
 .text.hw_claim_unlock
                0x100064e4       0x14 CMakeFiles/SUPERGAMEPAD_RP2040.dir/C_/Program_Files/Raspberry_Pi/Pico_SDK_v1.5.1/pico-sdk/src/rp2_common/hardware_claim/claim.c.obj
                0x100064e4                hw_claim_unlock
 .text.hw_claim_or_assert
                0x100064f8       0x32 CMakeFiles/SUPERGAMEPAD_RP2040.dir/C_/Program_Files/Raspberry_Pi/Pico_SDK_v1.5.1/pico-sdk/src/rp2_common/hardware_claim/claim.c.obj
                0x100064f8                hw_claim_or_assert
 .text.hw_claim_unused_from_range
                0x1000652a       0x50 CMakeFiles/SUPERGAMEPAD_RP2040.dir/C_/Program_Files/Raspberry_Pi/Pico_SDK_v1.5.1/pico-sdk/src/rp2_common/hardware_claim/claim.c.obj
                0x1000652a                hw_claim_unused_from_range
 *fill*         0x1000657a        0x2 
 .text.spin_locks_reset
                0x1000657c       0x20 CMakeFiles/SUPERGAMEPAD_RP2040.dir/C_/Program_Files/Raspberry_Pi/Pico_SDK_v1.5.1/pico-sdk/src/rp2_common/hardware_sync/sync.c.obj
                0x1000657c                spin_locks_reset
 .text.next_striped_spin_lock_num
                0x1000659c       0x1c CMakeFiles/SUPERGAMEPAD_RP2040.dir/C_/Program_Files/Raspberry_Pi/Pico_SDK_v1.5.1/pico-sdk/src/rp2_common/hardware_sync/sync.c.obj
                0x1000659c                next_striped_spin_lock_num
 .text.spin_lock_claim_unused
                0x100065b8       0x20 CMakeFiles/SUPERGAMEPAD_RP2040.dir/C_/Program_Files/Raspberry_Pi/Pico_SDK_v1.5.1/pico-sdk/src/rp2_common/hardware_sync/sync.c.obj
                0x100065b8                spin_lock_claim_unused
 .text.set_raw_irq_handler_and_unlock
                0x100065d8       0x28 CMakeFiles/SUPERGAMEPAD_RP2040.dir/C_/Program_Files/Raspberry_Pi/Pico_SDK_v1.5.1/pico-sdk/src/rp2_common/hardware_irq/irq.c.obj
 .text.make_branch
                0x10006600       0x48 CMakeFiles/SUPERGAMEPAD_RP2040.dir/C_/Program_Files/Raspberry_Pi/Pico_SDK_v1.5.1/pico-sdk/src/rp2_common/hardware_irq/irq.c.obj
 .text.insert_branch_and_link
                0x10006648       0x40 CMakeFiles/SUPERGAMEPAD_RP2040.dir/C_/Program_Files/Raspberry_Pi/Pico_SDK_v1.5.1/pico-sdk/src/rp2_common/hardware_irq/irq.c.obj
 .text.irq_is_enabled
                0x10006688       0x18 CMakeFiles/SUPERGAMEPAD_RP2040.dir/C_/Program_Files/Raspberry_Pi/Pico_SDK_v1.5.1/pico-sdk/src/rp2_common/hardware_irq/irq.c.obj
                0x10006688                irq_is_enabled
 .text.irq_set_mask_enabled
                0x100066a0       0x20 CMakeFiles/SUPERGAMEPAD_RP2040.dir/C_/Program_Files/Raspberry_Pi/Pico_SDK_v1.5.1/pico-sdk/src/rp2_common/hardware_irq/irq.c.obj
                0x100066a0                irq_set_mask_enabled
 .text.irq_set_enabled
                0x100066c0        0xe CMakeFiles/SUPERGAMEPAD_RP2040.dir/C_/Program_Files/Raspberry_Pi/Pico_SDK_v1.5.1/pico-sdk/src/rp2_common/hardware_irq/irq.c.obj
                0x100066c0                irq_set_enabled
 *fill*         0x100066ce        0x2 
 .text.irq_get_vtable_handler
                0x100066d0       0x10 CMakeFiles/SUPERGAMEPAD_RP2040.dir/C_/Program_Files/Raspberry_Pi/Pico_SDK_v1.5.1/pico-sdk/src/rp2_common/hardware_irq/irq.c.obj
                0x100066d0                irq_get_vtable_handler
 .text.irq_set_exclusive_handler
                0x100066e0       0x54 CMakeFiles/SUPERGAMEPAD_RP2040.dir/C_/Program_Files/Raspberry_Pi/Pico_SDK_v1.5.1/pico-sdk/src/rp2_common/hardware_irq/irq.c.obj
                0x100066e0                irq_set_exclusive_handler
 .text.irq_add_shared_handler
                0x10006734      0x234 CMakeFiles/SUPERGAMEPAD_RP2040.dir/C_/Program_Files/Raspberry_Pi/Pico_SDK_v1.5.1/pico-sdk/src/rp2_common/hardware_irq/irq.c.obj
                0x10006734                irq_add_shared_handler
 .text.irq_remove_handler
                0x10006968      0x1ac CMakeFiles/SUPERGAMEPAD_RP2040.dir/C_/Program_Files/Raspberry_Pi/Pico_SDK_v1.5.1/pico-sdk/src/rp2_common/hardware_irq/irq.c.obj
                0x10006968                irq_remove_handler
 .text.irq_add_tail_to_free_list
                0x10006b14       0xf0 CMakeFiles/SUPERGAMEPAD_RP2040.dir/C_/Program_Files/Raspberry_Pi/Pico_SDK_v1.5.1/pico-sdk/src/rp2_common/hardware_irq/irq.c.obj
                0x10006b14                irq_add_tail_to_free_list
 .text.irq_init_priorities
                0x10006c04       0x1c CMakeFiles/SUPERGAMEPAD_RP2040.dir/C_/Program_Files/Raspberry_Pi/Pico_SDK_v1.5.1/pico-sdk/src/rp2_common/hardware_irq/irq.c.obj
                0x10006c04                irq_init_priorities
 .text.lock_init
                0x10006c20       0x10 CMakeFiles/SUPERGAMEPAD_RP2040.dir/C_/Program_Files/Raspberry_Pi/Pico_SDK_v1.5.1/pico-sdk/src/common/pico_sync/lock_core.c.obj
                0x10006c20                lock_init
 .text.mutex_init
                0x10006c30       0x1a CMakeFiles/SUPERGAMEPAD_RP2040.dir/C_/Program_Files/Raspberry_Pi/Pico_SDK_v1.5.1/pico-sdk/src/common/pico_sync/mutex.c.obj
                0x10006c30                mutex_init
 .text.recursive_mutex_init
                0x10006c4a       0x1e CMakeFiles/SUPERGAMEPAD_RP2040.dir/C_/Program_Files/Raspberry_Pi/Pico_SDK_v1.5.1/pico-sdk/src/common/pico_sync/mutex.c.obj
                0x10006c4a                recursive_mutex_init
 .text.critical_section_init_with_lock_num
                0x10006c68       0x14 CMakeFiles/SUPERGAMEPAD_RP2040.dir/C_/Program_Files/Raspberry_Pi/Pico_SDK_v1.5.1/pico-sdk/src/common/pico_sync/critical_section.c.obj
                0x10006c68                critical_section_init_with_lock_num
 .text.critical_section_init
                0x10006c7c       0x14 CMakeFiles/SUPERGAMEPAD_RP2040.dir/C_/Program_Files/Raspberry_Pi/Pico_SDK_v1.5.1/pico-sdk/src/common/pico_sync/critical_section.c.obj
                0x10006c7c                critical_section_init
 .text.alarm_pool_post_alloc_init
                0x10006c90       0x40 CMakeFiles/SUPERGAMEPAD_RP2040.dir/C_/Program_Files/Raspberry_Pi/Pico_SDK_v1.5.1/pico-sdk/src/common/pico_time/time.c.obj
 .text.sleep_until_callback
                0x10006cd0       0x30 CMakeFiles/SUPERGAMEPAD_RP2040.dir/C_/Program_Files/Raspberry_Pi/Pico_SDK_v1.5.1/pico-sdk/src/common/pico_time/time.c.obj
 .text.timer_pool_entry_comparator
                0x10006d00       0x7c CMakeFiles/SUPERGAMEPAD_RP2040.dir/C_/Program_Files/Raspberry_Pi/Pico_SDK_v1.5.1/pico-sdk/src/common/pico_time/time.c.obj
                0x10006d00                timer_pool_entry_comparator
 .text.ph_add_child_node
                0x10006d7c       0xa4 CMakeFiles/SUPERGAMEPAD_RP2040.dir/C_/Program_Files/Raspberry_Pi/Pico_SDK_v1.5.1/pico-sdk/src/common/pico_time/time.c.obj
 .text.ph_merge_nodes
                0x10006e20       0x3e CMakeFiles/SUPERGAMEPAD_RP2040.dir/C_/Program_Files/Raspberry_Pi/Pico_SDK_v1.5.1/pico-sdk/src/common/pico_time/time.c.obj
 *fill*         0x10006e5e        0x2 
 .text.add_alarm_under_lock
                0x10006e60      0x174 CMakeFiles/SUPERGAMEPAD_RP2040.dir/C_/Program_Files/Raspberry_Pi/Pico_SDK_v1.5.1/pico-sdk/src/common/pico_time/time.c.obj
 .text.alarm_pool_alarm_callback
                0x10006fd4      0x33c CMakeFiles/SUPERGAMEPAD_RP2040.dir/C_/Program_Files/Raspberry_Pi/Pico_SDK_v1.5.1/pico-sdk/src/common/pico_time/time.c.obj
 .text.alarm_pool_init_default
                0x10007310       0x40 CMakeFiles/SUPERGAMEPAD_RP2040.dir/C_/Program_Files/Raspberry_Pi/Pico_SDK_v1.5.1/pico-sdk/src/common/pico_time/time.c.obj
                0x10007310                alarm_pool_init_default
 .text.alarm_pool_get_default
                0x10007350       0x2c CMakeFiles/SUPERGAMEPAD_RP2040.dir/C_/Program_Files/Raspberry_Pi/Pico_SDK_v1.5.1/pico-sdk/src/common/pico_time/time.c.obj
                0x10007350                alarm_pool_get_default
 .text.alarm_pool_add_alarm_at
                0x1000737c      0x168 CMakeFiles/SUPERGAMEPAD_RP2040.dir/C_/Program_Files/Raspberry_Pi/Pico_SDK_v1.5.1/pico-sdk/src/common/pico_time/time.c.obj
                0x1000737c                alarm_pool_add_alarm_at
 .text.alarm_pool_cancel_alarm
                0x100074e4       0xf8 CMakeFiles/SUPERGAMEPAD_RP2040.dir/C_/Program_Files/Raspberry_Pi/Pico_SDK_v1.5.1/pico-sdk/src/common/pico_time/time.c.obj
                0x100074e4                alarm_pool_cancel_alarm
 .text.sleep_until
                0x100075dc       0xfc CMakeFiles/SUPERGAMEPAD_RP2040.dir/C_/Program_Files/Raspberry_Pi/Pico_SDK_v1.5.1/pico-sdk/src/common/pico_time/time.c.obj
                0x100075dc                sleep_until
 .text.sleep_us
                0x100076d8       0x58 CMakeFiles/SUPERGAMEPAD_RP2040.dir/C_/Program_Files/Raspberry_Pi/Pico_SDK_v1.5.1/pico-sdk/src/common/pico_time/time.c.obj
                0x100076d8                sleep_us
 .text.sleep_ms
                0x10007730       0x14 CMakeFiles/SUPERGAMEPAD_RP2040.dir/C_/Program_Files/Raspberry_Pi/Pico_SDK_v1.5.1/pico-sdk/src/common/pico_time/time.c.obj
                0x10007730                sleep_ms
 .text.best_effort_wfe_or_timeout
                0x10007744       0xac CMakeFiles/SUPERGAMEPAD_RP2040.dir/C_/Program_Files/Raspberry_Pi/Pico_SDK_v1.5.1/pico-sdk/src/common/pico_time/time.c.obj
                0x10007744                best_effort_wfe_or_timeout
 .text.check_single_timeout_us
                0x100077f0       0x2c CMakeFiles/SUPERGAMEPAD_RP2040.dir/C_/Program_Files/Raspberry_Pi/Pico_SDK_v1.5.1/pico-sdk/src/common/pico_time/timeout_helper.c.obj
 .text.init_single_timeout_until
                0x1000781c        0xc CMakeFiles/SUPERGAMEPAD_RP2040.dir/C_/Program_Files/Raspberry_Pi/Pico_SDK_v1.5.1/pico-sdk/src/common/pico_time/timeout_helper.c.obj
                0x1000781c                init_single_timeout_until
 .text.hardware_alarm_irq_handler
                0x10007828       0x90 CMakeFiles/SUPERGAMEPAD_RP2040.dir/C_/Program_Files/Raspberry_Pi/Pico_SDK_v1.5.1/pico-sdk/src/rp2_common/hardware_timer/timer.c.obj
 .text.hardware_alarm_claim
                0x100078b8       0x18 CMakeFiles/SUPERGAMEPAD_RP2040.dir/C_/Program_Files/Raspberry_Pi/Pico_SDK_v1.5.1/pico-sdk/src/rp2_common/hardware_timer/timer.c.obj
                0x100078b8                hardware_alarm_claim
 .text.time_us_64
                0x100078d0       0x18 CMakeFiles/SUPERGAMEPAD_RP2040.dir/C_/Program_Files/Raspberry_Pi/Pico_SDK_v1.5.1/pico-sdk/src/rp2_common/hardware_timer/timer.c.obj
                0x100078d0                time_us_64
 .text.busy_wait_until
                0x100078e8       0x28 CMakeFiles/SUPERGAMEPAD_RP2040.dir/C_/Program_Files/Raspberry_Pi/Pico_SDK_v1.5.1/pico-sdk/src/rp2_common/hardware_timer/timer.c.obj
                0x100078e8                busy_wait_until
 .text.busy_wait_us
                0x10007910       0x48 CMakeFiles/SUPERGAMEPAD_RP2040.dir/C_/Program_Files/Raspberry_Pi/Pico_SDK_v1.5.1/pico-sdk/src/rp2_common/hardware_timer/timer.c.obj
                0x10007910                busy_wait_us
 .text.hardware_alarm_set_callback
                0x10007958       0x90 CMakeFiles/SUPERGAMEPAD_RP2040.dir/C_/Program_Files/Raspberry_Pi/Pico_SDK_v1.5.1/pico-sdk/src/rp2_common/hardware_timer/timer.c.obj
                0x10007958                hardware_alarm_set_callback
 .text.hardware_alarm_set_target
                0x100079e8       0xe8 CMakeFiles/SUPERGAMEPAD_RP2040.dir/C_/Program_Files/Raspberry_Pi/Pico_SDK_v1.5.1/pico-sdk/src/rp2_common/hardware_timer/timer.c.obj
                0x100079e8                hardware_alarm_set_target
 .text.hardware_alarm_cancel
                0x10007ad0       0x40 CMakeFiles/SUPERGAMEPAD_RP2040.dir/C_/Program_Files/Raspberry_Pi/Pico_SDK_v1.5.1/pico-sdk/src/rp2_common/hardware_timer/timer.c.obj
                0x10007ad0                hardware_alarm_cancel
 .text.ph_add_child_node
                0x10007b10       0xa4 CMakeFiles/SUPERGAMEPAD_RP2040.dir/C_/Program_Files/Raspberry_Pi/Pico_SDK_v1.5.1/pico-sdk/src/common/pico_util/pheap.c.obj
 .text.ph_merge_nodes
                0x10007bb4       0x3e CMakeFiles/SUPERGAMEPAD_RP2040.dir/C_/Program_Files/Raspberry_Pi/Pico_SDK_v1.5.1/pico-sdk/src/common/pico_util/pheap.c.obj
 *fill*         0x10007bf2        0x2 
 .text.ph_clear
                0x10007bf4       0x70 CMakeFiles/SUPERGAMEPAD_RP2040.dir/C_/Program_Files/Raspberry_Pi/Pico_SDK_v1.5.1/pico-sdk/src/common/pico_util/pheap.c.obj
                0x10007bf4                ph_clear
 .text.ph_post_alloc_init
                0x10007c64        0xe CMakeFiles/SUPERGAMEPAD_RP2040.dir/C_/Program_Files/Raspberry_Pi/Pico_SDK_v1.5.1/pico-sdk/src/common/pico_util/pheap.c.obj
                0x10007c64                ph_post_alloc_init
 *fill*         0x10007c72        0x2 
 .text.ph_merge_two_pass
                0x10007c74       0xa8 CMakeFiles/SUPERGAMEPAD_RP2040.dir/C_/Program_Files/Raspberry_Pi/Pico_SDK_v1.5.1/pico-sdk/src/common/pico_util/pheap.c.obj
                0x10007c74                ph_merge_two_pass
 .text.ph_remove_any_head
                0x10007d1c      0x128 CMakeFiles/SUPERGAMEPAD_RP2040.dir/C_/Program_Files/Raspberry_Pi/Pico_SDK_v1.5.1/pico-sdk/src/common/pico_util/pheap.c.obj
 .text.ph_remove_head
                0x10007e44       0x14 CMakeFiles/SUPERGAMEPAD_RP2040.dir/C_/Program_Files/Raspberry_Pi/Pico_SDK_v1.5.1/pico-sdk/src/common/pico_util/pheap.c.obj
                0x10007e44                ph_remove_head
 .text.ph_remove_and_free_node
                0x10007e58       0xf8 CMakeFiles/SUPERGAMEPAD_RP2040.dir/C_/Program_Files/Raspberry_Pi/Pico_SDK_v1.5.1/pico-sdk/src/common/pico_util/pheap.c.obj
                0x10007e58                ph_remove_and_free_node
 .text.uart_disable_before_lcr_write
                0x10007f50       0x48 CMakeFiles/SUPERGAMEPAD_RP2040.dir/C_/Program_Files/Raspberry_Pi/Pico_SDK_v1.5.1/pico-sdk/src/rp2_common/hardware_uart/uart.c.obj
 .text.uart_write_lcr_bits_masked
                0x10007f98       0x22 CMakeFiles/SUPERGAMEPAD_RP2040.dir/C_/Program_Files/Raspberry_Pi/Pico_SDK_v1.5.1/pico-sdk/src/rp2_common/hardware_uart/uart.c.obj
 *fill*         0x10007fba        0x2 
 .text.uart_set_baudrate
                0x10007fbc       0x5c CMakeFiles/SUPERGAMEPAD_RP2040.dir/C_/Program_Files/Raspberry_Pi/Pico_SDK_v1.5.1/pico-sdk/src/rp2_common/hardware_uart/uart.c.obj
                0x10007fbc                uart_set_baudrate
 .text.uart_set_format
                0x10008018       0x2c CMakeFiles/SUPERGAMEPAD_RP2040.dir/C_/Program_Files/Raspberry_Pi/Pico_SDK_v1.5.1/pico-sdk/src/rp2_common/hardware_uart/uart.c.obj
                0x10008018                uart_set_format
 .text.uart_set_translate_crlf
                0x10008044       0x28 CMakeFiles/SUPERGAMEPAD_RP2040.dir/C_/Program_Files/Raspberry_Pi/Pico_SDK_v1.5.1/pico-sdk/src/rp2_common/hardware_uart/uart.c.obj
                0x10008044                uart_set_translate_crlf
 .text.uart_init
                0x1000806c       0x80 CMakeFiles/SUPERGAMEPAD_RP2040.dir/C_/Program_Files/Raspberry_Pi/Pico_SDK_v1.5.1/pico-sdk/src/rp2_common/hardware_uart/uart.c.obj
                0x1000806c                uart_init
 .text.clock_configure
                0x100080ec      0x108 CMakeFiles/SUPERGAMEPAD_RP2040.dir/C_/Program_Files/Raspberry_Pi/Pico_SDK_v1.5.1/pico-sdk/src/rp2_common/hardware_clocks/clocks.c.obj
                0x100080ec                clock_configure
 .text.clocks_init
                0x100081f4      0x100 CMakeFiles/SUPERGAMEPAD_RP2040.dir/C_/Program_Files/Raspberry_Pi/Pico_SDK_v1.5.1/pico-sdk/src/rp2_common/hardware_clocks/clocks.c.obj
                0x100081f4                clocks_init
 .text.clock_get_hz
                0x100082f4        0xc CMakeFiles/SUPERGAMEPAD_RP2040.dir/C_/Program_Files/Raspberry_Pi/Pico_SDK_v1.5.1/pico-sdk/src/rp2_common/hardware_clocks/clocks.c.obj
                0x100082f4                clock_get_hz
 .text.pll_init
                0x10008300      0x120 CMakeFiles/SUPERGAMEPAD_RP2040.dir/C_/Program_Files/Raspberry_Pi/Pico_SDK_v1.5.1/pico-sdk/src/rp2_common/hardware_pll/pll.c.obj
                0x10008300                pll_init
 .text.watchdog_start_tick
                0x10008420       0x10 CMakeFiles/SUPERGAMEPAD_RP2040.dir/C_/Program_Files/Raspberry_Pi/Pico_SDK_v1.5.1/pico-sdk/src/rp2_common/hardware_watchdog/watchdog.c.obj
                0x10008420                watchdog_start_tick
 .text.xosc_init
                0x10008430       0x2c CMakeFiles/SUPERGAMEPAD_RP2040.dir/C_/Program_Files/Raspberry_Pi/Pico_SDK_v1.5.1/pico-sdk/src/rp2_common/hardware_xosc/xosc.c.obj
                0x10008430                xosc_init
 .text._exit    0x1000845c        0x4 CMakeFiles/SUPERGAMEPAD_RP2040.dir/C_/Program_Files/Raspberry_Pi/Pico_SDK_v1.5.1/pico-sdk/src/rp2_common/pico_runtime/runtime.c.obj
                0x1000845c                _exit
 .text.exit     0x10008460        0x6 CMakeFiles/SUPERGAMEPAD_RP2040.dir/C_/Program_Files/Raspberry_Pi/Pico_SDK_v1.5.1/pico-sdk/src/rp2_common/pico_runtime/runtime.c.obj
                0x10008460                exit
 *fill*         0x10008466        0x2 
 .text.__assert_func
                0x10008468       0x3c CMakeFiles/SUPERGAMEPAD_RP2040.dir/C_/Program_Files/Raspberry_Pi/Pico_SDK_v1.5.1/pico-sdk/src/rp2_common/pico_runtime/runtime.c.obj
                0x10008468                __assert_func
 .text.runtime_init
                0x100084a4       0xf8 CMakeFiles/SUPERGAMEPAD_RP2040.dir/C_/Program_Files/Raspberry_Pi/Pico_SDK_v1.5.1/pico-sdk/src/rp2_common/pico_runtime/runtime.c.obj
                0x100084a4                runtime_init
 .text.panic    0x1000859c       0x30 CMakeFiles/SUPERGAMEPAD_RP2040.dir/C_/Program_Files/Raspberry_Pi/Pico_SDK_v1.5.1/pico-sdk/src/rp2_common/pico_runtime/runtime.c.obj
                0x1000859c                panic
 .text._out_null
                0x100085cc        0x2 CMakeFiles/SUPERGAMEPAD_RP2040.dir/C_/Program_Files/Raspberry_Pi/Pico_SDK_v1.5.1/pico-sdk/src/rp2_common/pico_printf/printf.c.obj
 .text._out_fct
                0x100085ce        0xe CMakeFiles/SUPERGAMEPAD_RP2040.dir/C_/Program_Files/Raspberry_Pi/Pico_SDK_v1.5.1/pico-sdk/src/rp2_common/pico_printf/printf.c.obj
 .text._atoi    0x100085dc       0x24 CMakeFiles/SUPERGAMEPAD_RP2040.dir/C_/Program_Files/Raspberry_Pi/Pico_SDK_v1.5.1/pico-sdk/src/rp2_common/pico_printf/printf.c.obj
 .text._out_rev
                0x10008600       0xae CMakeFiles/SUPERGAMEPAD_RP2040.dir/C_/Program_Files/Raspberry_Pi/Pico_SDK_v1.5.1/pico-sdk/src/rp2_common/pico_printf/printf.c.obj
 .text._ntoa_format
                0x100086ae      0x112 CMakeFiles/SUPERGAMEPAD_RP2040.dir/C_/Program_Files/Raspberry_Pi/Pico_SDK_v1.5.1/pico-sdk/src/rp2_common/pico_printf/printf.c.obj
 .text._ntoa_long
                0x100087c0       0xbc CMakeFiles/SUPERGAMEPAD_RP2040.dir/C_/Program_Files/Raspberry_Pi/Pico_SDK_v1.5.1/pico-sdk/src/rp2_common/pico_printf/printf.c.obj
 .text._ntoa_long_long
                0x1000887c       0xe2 CMakeFiles/SUPERGAMEPAD_RP2040.dir/C_/Program_Files/Raspberry_Pi/Pico_SDK_v1.5.1/pico-sdk/src/rp2_common/pico_printf/printf.c.obj
 *fill*         0x1000895e        0x2 
 .text._etoa    0x10008960      0x414 CMakeFiles/SUPERGAMEPAD_RP2040.dir/C_/Program_Files/Raspberry_Pi/Pico_SDK_v1.5.1/pico-sdk/src/rp2_common/pico_printf/printf.c.obj
 .text._ftoa    0x10008d74      0x354 CMakeFiles/SUPERGAMEPAD_RP2040.dir/C_/Program_Files/Raspberry_Pi/Pico_SDK_v1.5.1/pico-sdk/src/rp2_common/pico_printf/printf.c.obj
 .text._vsnprintf
                0x100090c8      0x624 CMakeFiles/SUPERGAMEPAD_RP2040.dir/C_/Program_Files/Raspberry_Pi/Pico_SDK_v1.5.1/pico-sdk/src/rp2_common/pico_printf/printf.c.obj
 .text.vfctprintf
                0x100096ec       0x20 CMakeFiles/SUPERGAMEPAD_RP2040.dir/C_/Program_Files/Raspberry_Pi/Pico_SDK_v1.5.1/pico-sdk/src/rp2_common/pico_printf/printf.c.obj
                0x100096ec                vfctprintf
 .text          0x1000970c       0x10 CMakeFiles/SUPERGAMEPAD_RP2040.dir/C_/Program_Files/Raspberry_Pi/Pico_SDK_v1.5.1/pico-sdk/src/rp2_common/pico_bit_ops/bit_ops_aeabi.S.obj
 .text.rom_func_lookup
                0x1000971c       0x10 CMakeFiles/SUPERGAMEPAD_RP2040.dir/C_/Program_Files/Raspberry_Pi/Pico_SDK_v1.5.1/pico-sdk/src/rp2_common/pico_bootrom/bootrom.c.obj
                0x1000971c                rom_func_lookup
 .text.rom_data_lookup
                0x1000972c       0x10 CMakeFiles/SUPERGAMEPAD_RP2040.dir/C_/Program_Files/Raspberry_Pi/Pico_SDK_v1.5.1/pico-sdk/src/rp2_common/pico_bootrom/bootrom.c.obj
                0x1000972c                rom_data_lookup
 .text.rom_funcs_lookup
                0x1000973c       0x36 CMakeFiles/SUPERGAMEPAD_RP2040.dir/C_/Program_Files/Raspberry_Pi/Pico_SDK_v1.5.1/pico-sdk/src/rp2_common/pico_bootrom/bootrom.c.obj
                0x1000973c                rom_funcs_lookup
 *fill*         0x10009772        0x2 
 .text.__wrap___aeabi_idiv
                0x10009774       0x50 CMakeFiles/SUPERGAMEPAD_RP2040.dir/C_/Program_Files/Raspberry_Pi/Pico_SDK_v1.5.1/pico-sdk/src/rp2_common/pico_divider/divider.S.obj
                0x10009774                __wrap___aeabi_idivmod
                0x10009774                divmod_s32s32
                0x10009774                div_s32s32
                0x10009774                __wrap___aeabi_idiv
                0x1000977c                divmod_s32s32_unsafe
                0x100097a8                divmod_s32s32_savestate
 .text.__wrap___aeabi_uidiv
                0x100097c4       0x4c CMakeFiles/SUPERGAMEPAD_RP2040.dir/C_/Program_Files/Raspberry_Pi/Pico_SDK_v1.5.1/pico-sdk/src/rp2_common/pico_divider/divider.S.obj
                0x100097c4                __wrap___aeabi_uidiv
                0x100097c4                __wrap___aeabi_uidivmod
                0x100097c4                div_u32u32
                0x100097c4                divmod_u32u32
                0x100097cc                divmod_u32u32_unsafe
                0x100097f4                divmod_u32u32_savestate
 .text.__wrap___aeabi_ldiv
                0x10009810      0x424 CMakeFiles/SUPERGAMEPAD_RP2040.dir/C_/Program_Files/Raspberry_Pi/Pico_SDK_v1.5.1/pico-sdk/src/rp2_common/pico_divider/divider.S.obj
                0x10009810                div_s64s64
                0x10009810                divmod_s64s64
                0x10009810                __wrap___aeabi_ldivmod
                0x10009840                divmod_u64u64
                0x10009840                div_u64u64
                0x10009840                __wrap___aeabi_uldivmod
                0x10009850                divmod_u64u64_savestate
                0x10009870                divmod_s64s64_unsafe
                0x100098f8                divmod_u64u64_unsafe
 .text.push_r8_r11
                0x10009c34        0xc CMakeFiles/SUPERGAMEPAD_RP2040.dir/C_/Program_Files/Raspberry_Pi/Pico_SDK_v1.5.1/pico-sdk/src/rp2_common/pico_double/double_aeabi.S.obj
                0x10009c34                push_r8_r11
 .text.pop_r8_r11
                0x10009c40        0xc CMakeFiles/SUPERGAMEPAD_RP2040.dir/C_/Program_Files/Raspberry_Pi/Pico_SDK_v1.5.1/pico-sdk/src/rp2_common/pico_double/double_aeabi.S.obj
                0x10009c40                pop_r8_r11
 .text.__wrap___aeabi_darithmetic
                0x10009c4c       0x80 CMakeFiles/SUPERGAMEPAD_RP2040.dir/C_/Program_Files/Raspberry_Pi/Pico_SDK_v1.5.1/pico-sdk/src/rp2_common/pico_double/double_aeabi.S.obj
                0x10009c4c                __wrap___aeabi_drsub
                0x10009c52                __wrap___aeabi_dsub
                0x10009c64                __wrap___aeabi_dadd
                0x10009c76                __wrap___aeabi_ddiv
                0x10009cb2                __wrap___aeabi_dmul
 .text.__wrap___aeabi_cdcmple
                0x10009ccc       0x6c CMakeFiles/SUPERGAMEPAD_RP2040.dir/C_/Program_Files/Raspberry_Pi/Pico_SDK_v1.5.1/pico-sdk/src/rp2_common/pico_double/double_aeabi.S.obj
                0x10009ccc                __wrap___aeabi_cdrcmple
                0x10009cdc                __wrap___aeabi_cdcmpeq
                0x10009cdc                __wrap___aeabi_cdcmple
 .text.__wrap___aeabi_dcmplt
                0x10009d38        0xc CMakeFiles/SUPERGAMEPAD_RP2040.dir/C_/Program_Files/Raspberry_Pi/Pico_SDK_v1.5.1/pico-sdk/src/rp2_common/pico_double/double_aeabi.S.obj
                0x10009d38                __wrap___aeabi_dcmplt
 .text.__wrap___aeabi_dcmple
                0x10009d44       0x10 CMakeFiles/SUPERGAMEPAD_RP2040.dir/C_/Program_Files/Raspberry_Pi/Pico_SDK_v1.5.1/pico-sdk/src/rp2_common/pico_double/double_aeabi.S.obj
                0x10009d44                __wrap___aeabi_dcmple
 .text.__wrap___aeabi_dcmpge
                0x10009d54       0x10 CMakeFiles/SUPERGAMEPAD_RP2040.dir/C_/Program_Files/Raspberry_Pi/Pico_SDK_v1.5.1/pico-sdk/src/rp2_common/pico_double/double_aeabi.S.obj
                0x10009d54                __wrap___aeabi_dcmpge
 .text.__wrap___aeabi_dcmpgt
                0x10009d64        0xa CMakeFiles/SUPERGAMEPAD_RP2040.dir/C_/Program_Files/Raspberry_Pi/Pico_SDK_v1.5.1/pico-sdk/src/rp2_common/pico_double/double_aeabi.S.obj
                0x10009d64                __wrap___aeabi_dcmpgt
 .text.__wrap___aeabi_dcmpun
                0x10009d6e       0x1c CMakeFiles/SUPERGAMEPAD_RP2040.dir/C_/Program_Files/Raspberry_Pi/Pico_SDK_v1.5.1/pico-sdk/src/rp2_common/pico_double/double_aeabi.S.obj
                0x10009d6e                __wrap___aeabi_dcmpun
 *fill*         0x10009d8a        0x2 
 .text.__wrap___aeabi_i2d
                0x10009d8c       0x38 CMakeFiles/SUPERGAMEPAD_RP2040.dir/C_/Program_Files/Raspberry_Pi/Pico_SDK_v1.5.1/pico-sdk/src/rp2_common/pico_double/double_aeabi.S.obj
                0x10009d8c                __wrap___aeabi_ui2d
                0x10009d94                __wrap___aeabi_i2d
 .text.__wrap___aeabi_d2iz
                0x10009dc4       0x48 CMakeFiles/SUPERGAMEPAD_RP2040.dir/C_/Program_Files/Raspberry_Pi/Pico_SDK_v1.5.1/pico-sdk/src/rp2_common/pico_double/double_aeabi.S.obj
                0x10009dc4                double2int_z
                0x10009dc4                __wrap___aeabi_d2iz
 .text.__wrap___aeabi_d2uiz
                0x10009e0c       0x18 CMakeFiles/SUPERGAMEPAD_RP2040.dir/C_/Program_Files/Raspberry_Pi/Pico_SDK_v1.5.1/pico-sdk/src/rp2_common/pico_double/double_aeabi.S.obj
                0x10009e0c                __wrap___aeabi_d2uiz
                0x10009e0c                double2uint
 .text.fix642double
                0x10009e24       0x18 CMakeFiles/SUPERGAMEPAD_RP2040.dir/C_/Program_Files/Raspberry_Pi/Pico_SDK_v1.5.1/pico-sdk/src/rp2_common/pico_double/double_aeabi.S.obj
                0x10009e24                fix642double
 .text.__wrap___aeabi_d2f
                0x10009e3c       0x18 CMakeFiles/SUPERGAMEPAD_RP2040.dir/C_/Program_Files/Raspberry_Pi/Pico_SDK_v1.5.1/pico-sdk/src/rp2_common/pico_double/double_aeabi.S.obj
                0x10009e3c                __wrap___aeabi_d2f
 .text.__wrap_sincostan_remainder
                0x10009e54       0x14 CMakeFiles/SUPERGAMEPAD_RP2040.dir/C_/Program_Files/Raspberry_Pi/Pico_SDK_v1.5.1/pico-sdk/src/rp2_common/pico_double/double_aeabi.S.obj
                0x10009e54                sincostan_remainder
 .text.__wrap_cos
                0x10009e68       0x2c CMakeFiles/SUPERGAMEPAD_RP2040.dir/C_/Program_Files/Raspberry_Pi/Pico_SDK_v1.5.1/pico-sdk/src/rp2_common/pico_double/double_aeabi.S.obj
                0x10009e68                __wrap_cos
 .text.__wrap_sin
                0x10009e94       0x2c CMakeFiles/SUPERGAMEPAD_RP2040.dir/C_/Program_Files/Raspberry_Pi/Pico_SDK_v1.5.1/pico-sdk/src/rp2_common/pico_double/double_aeabi.S.obj
                0x10009e94                __wrap_sin
 .text.__aeabi_double_init
                0x10009ec0       0xc8 CMakeFiles/SUPERGAMEPAD_RP2040.dir/C_/Program_Files/Raspberry_Pi/Pico_SDK_v1.5.1/pico-sdk/src/rp2_common/pico_double/double_init_rom.c.obj
                0x10009ec0                __aeabi_double_init
 .text.drem_0   0x10009f88      0x130 CMakeFiles/SUPERGAMEPAD_RP2040.dir/C_/Program_Files/Raspberry_Pi/Pico_SDK_v1.5.1/pico-sdk/src/rp2_common/pico_double/double_math.c.obj
 .text.__wrap_fmod
                0x1000a0b8       0xa8 CMakeFiles/SUPERGAMEPAD_RP2040.dir/C_/Program_Files/Raspberry_Pi/Pico_SDK_v1.5.1/pico-sdk/src/rp2_common/pico_double/double_math.c.obj
                0x1000a0b8                __wrap_fmod
 .text.__wrap_remquo
                0x1000a160      0x17c CMakeFiles/SUPERGAMEPAD_RP2040.dir/C_/Program_Files/Raspberry_Pi/Pico_SDK_v1.5.1/pico-sdk/src/rp2_common/pico_double/double_math.c.obj
                0x1000a160                __wrap_remquo
 .text.__wrap_remainder
                0x1000a2dc       0x10 CMakeFiles/SUPERGAMEPAD_RP2040.dir/C_/Program_Files/Raspberry_Pi/Pico_SDK_v1.5.1/pico-sdk/src/rp2_common/pico_double/double_math.c.obj
                0x1000a2dc                __wrap_remainder
 .text.double_table_shim_on_use_helper
                0x1000a2ec       0x34 CMakeFiles/SUPERGAMEPAD_RP2040.dir/C_/Program_Files/Raspberry_Pi/Pico_SDK_v1.5.1/pico-sdk/src/rp2_common/pico_double/double_v1_rom_shim.S.obj
                0x1000a2ec                double_table_shim_on_use_helper
 .text.__wrap___aeabi_dsub
                0x1000a320       0x10 CMakeFiles/SUPERGAMEPAD_RP2040.dir/C_/Program_Files/Raspberry_Pi/Pico_SDK_v1.5.1/pico-sdk/src/rp2_common/pico_double/double_v1_rom_shim.S.obj
                0x1000a320                drsub_shim
                0x1000a326                dsub_shim
 .text.dadd_shim
                0x1000a330      0x15c CMakeFiles/SUPERGAMEPAD_RP2040.dir/C_/Program_Files/Raspberry_Pi/Pico_SDK_v1.5.1/pico-sdk/src/rp2_common/pico_double/double_v1_rom_shim.S.obj
                0x1000a330                dadd_shim
 .text.dmul_shim
                0x1000a48c      0x15c CMakeFiles/SUPERGAMEPAD_RP2040.dir/C_/Program_Files/Raspberry_Pi/Pico_SDK_v1.5.1/pico-sdk/src/rp2_common/pico_double/double_v1_rom_shim.S.obj
                0x1000a48c                dmul_shim
 .text.ddiv_shim
                0x1000a5e8      0x1b0 CMakeFiles/SUPERGAMEPAD_RP2040.dir/C_/Program_Files/Raspberry_Pi/Pico_SDK_v1.5.1/pico-sdk/src/rp2_common/pico_double/double_v1_rom_shim.S.obj
                0x1000a5e8                ddiv_shim
 .text.dcordic_vec_step
                0x1000a798        0xe CMakeFiles/SUPERGAMEPAD_RP2040.dir/C_/Program_Files/Raspberry_Pi/Pico_SDK_v1.5.1/pico-sdk/src/rp2_common/pico_double/double_v1_rom_shim.S.obj
                0x1000a798                dcordic_vec_step
 .text.dcordic_rot_step
                0x1000a7a6       0x76 CMakeFiles/SUPERGAMEPAD_RP2040.dir/C_/Program_Files/Raspberry_Pi/Pico_SDK_v1.5.1/pico-sdk/src/rp2_common/pico_double/double_v1_rom_shim.S.obj
                0x1000a7a6                dcordic_rot_step
 .text.double2uint_shim
                0x1000a81c        0xe CMakeFiles/SUPERGAMEPAD_RP2040.dir/C_/Program_Files/Raspberry_Pi/Pico_SDK_v1.5.1/pico-sdk/src/rp2_common/pico_double/double_v1_rom_shim.S.obj
                0x1000a81c                double2uint_shim
                0x1000a81e                double2ufix_shim
 .text.double2int64_shim
                0x1000a82a       0x1a CMakeFiles/SUPERGAMEPAD_RP2040.dir/C_/Program_Files/Raspberry_Pi/Pico_SDK_v1.5.1/pico-sdk/src/rp2_common/pico_double/double_v1_rom_shim.S.obj
                0x1000a82a                double2int64_shim
                0x1000a82c                double2fix64_shim
 .text.double2uint64_shim
                0x1000a844       0x70 CMakeFiles/SUPERGAMEPAD_RP2040.dir/C_/Program_Files/Raspberry_Pi/Pico_SDK_v1.5.1/pico-sdk/src/rp2_common/pico_double/double_v1_rom_shim.S.obj
                0x1000a844                double2uint64_shim
                0x1000a846                double2ufix64_shim
                0x1000a866                d2fix_a
 .text.double2float_shim
                0x1000a8b4       0x5c CMakeFiles/SUPERGAMEPAD_RP2040.dir/C_/Program_Files/Raspberry_Pi/Pico_SDK_v1.5.1/pico-sdk/src/rp2_common/pico_double/double_v1_rom_shim.S.obj
                0x1000a8b4                double2float_shim
 .text.x2double_shims
                0x1000a910       0x90 CMakeFiles/SUPERGAMEPAD_RP2040.dir/C_/Program_Files/Raspberry_Pi/Pico_SDK_v1.5.1/pico-sdk/src/rp2_common/pico_double/double_v1_rom_shim.S.obj
                0x1000a910                uint2double_shim
                0x1000a912                ufix2double_shim
                0x1000a918                int2double_shim
                0x1000a91a                fix2double_shim
                0x1000a920                uint642double_shim
                0x1000a922                ufix642double_shim
                0x1000a928                int642double_shim
                0x1000a92a                fix642double_shim
 .text.dunpacks
                0x1000a9a0       0x3c CMakeFiles/SUPERGAMEPAD_RP2040.dir/C_/Program_Files/Raspberry_Pi/Pico_SDK_v1.5.1/pico-sdk/src/rp2_common/pico_double/double_v1_rom_shim.S.obj
                0x1000a9a0                dunpacks
 .text.dreduce  0x1000a9dc       0x82 CMakeFiles/SUPERGAMEPAD_RP2040.dir/C_/Program_Files/Raspberry_Pi/Pico_SDK_v1.5.1/pico-sdk/src/rp2_common/pico_double/double_v1_rom_shim.S.obj
                0x1000a9dc                dreduce
 .text.dcos_shim
                0x1000aa5e       0x10 CMakeFiles/SUPERGAMEPAD_RP2040.dir/C_/Program_Files/Raspberry_Pi/Pico_SDK_v1.5.1/pico-sdk/src/rp2_common/pico_double/double_v1_rom_shim.S.obj
                0x1000aa5e                dcos_shim
 .text.dsin_shim
                0x1000aa6e       0x14 CMakeFiles/SUPERGAMEPAD_RP2040.dir/C_/Program_Files/Raspberry_Pi/Pico_SDK_v1.5.1/pico-sdk/src/rp2_common/pico_double/double_v1_rom_shim.S.obj
                0x1000aa6e                dsin_shim
 *fill*         0x1000aa82        0x2 
 .text.dtrig_guts
                0x1000aa84      0x2ec CMakeFiles/SUPERGAMEPAD_RP2040.dir/C_/Program_Files/Raspberry_Pi/Pico_SDK_v1.5.1/pico-sdk/src/rp2_common/pico_double/double_v1_rom_shim.S.obj
                0x1000ab5c                datan2_shim
 .text.__aeabi_lmul
                0x1000ad70       0x32 CMakeFiles/SUPERGAMEPAD_RP2040.dir/C_/Program_Files/Raspberry_Pi/Pico_SDK_v1.5.1/pico-sdk/src/rp2_common/pico_int64_ops/pico_int64_ops_aeabi.S.obj
                0x1000ad70                __wrap___aeabi_lmul
 *fill*         0x1000ada2        0x2 
 .text.__wrap___aeabi_farithmetic
                0x1000ada4       0x58 CMakeFiles/SUPERGAMEPAD_RP2040.dir/C_/Program_Files/Raspberry_Pi/Pico_SDK_v1.5.1/pico-sdk/src/rp2_common/pico_float/float_aeabi.S.obj
                0x1000ada4                __wrap___aeabi_frsub
                0x1000adaa                __wrap___aeabi_fsub
                0x1000adb4                __wrap___aeabi_fadd
                0x1000adbe                __wrap___aeabi_fdiv
                0x1000adea                __wrap___aeabi_fmul
 .text.__wrap___aeabi_cfcmple
                0x1000adfc       0x50 CMakeFiles/SUPERGAMEPAD_RP2040.dir/C_/Program_Files/Raspberry_Pi/Pico_SDK_v1.5.1/pico-sdk/src/rp2_common/pico_float/float_aeabi.S.obj
                0x1000adfc                __wrap___aeabi_cfrcmple
                0x1000ae08                __wrap___aeabi_cfcmple
                0x1000ae08                __wrap___aeabi_cfcmpeq
 .text.__wrap___aeabi_fcmplt
                0x1000ae4c        0xc CMakeFiles/SUPERGAMEPAD_RP2040.dir/C_/Program_Files/Raspberry_Pi/Pico_SDK_v1.5.1/pico-sdk/src/rp2_common/pico_float/float_aeabi.S.obj
                0x1000ae4c                __wrap___aeabi_fcmplt
 .text.__wrap___aeabi_fcmple
                0x1000ae58       0x10 CMakeFiles/SUPERGAMEPAD_RP2040.dir/C_/Program_Files/Raspberry_Pi/Pico_SDK_v1.5.1/pico-sdk/src/rp2_common/pico_float/float_aeabi.S.obj
                0x1000ae58                __wrap___aeabi_fcmple
 .text.__wrap___aeabi_fcmpge
                0x1000ae68       0x10 CMakeFiles/SUPERGAMEPAD_RP2040.dir/C_/Program_Files/Raspberry_Pi/Pico_SDK_v1.5.1/pico-sdk/src/rp2_common/pico_float/float_aeabi.S.obj
                0x1000ae68                __wrap___aeabi_fcmpge
 .text.__wrap___aeabi_fcmpgt
                0x1000ae78        0xa CMakeFiles/SUPERGAMEPAD_RP2040.dir/C_/Program_Files/Raspberry_Pi/Pico_SDK_v1.5.1/pico-sdk/src/rp2_common/pico_float/float_aeabi.S.obj
                0x1000ae78                __wrap___aeabi_fcmpgt
 .text.__wrap___aeabi_ui2f
                0x1000ae82        0xa CMakeFiles/SUPERGAMEPAD_RP2040.dir/C_/Program_Files/Raspberry_Pi/Pico_SDK_v1.5.1/pico-sdk/src/rp2_common/pico_float/float_aeabi.S.obj
                0x1000ae82                __wrap___aeabi_ui2f
 .text.__wrap___aeabi_i2f
                0x1000ae8c       0x44 CMakeFiles/SUPERGAMEPAD_RP2040.dir/C_/Program_Files/Raspberry_Pi/Pico_SDK_v1.5.1/pico-sdk/src/rp2_common/pico_float/float_aeabi.S.obj
                0x1000ae8c                __wrap___aeabi_i2f
 .text.__wrap___aeabi_f2iz
                0x1000aed0       0x4e CMakeFiles/SUPERGAMEPAD_RP2040.dir/C_/Program_Files/Raspberry_Pi/Pico_SDK_v1.5.1/pico-sdk/src/rp2_common/pico_float/float_aeabi.S.obj
                0x1000aed0                float2int_z
                0x1000aed0                __wrap___aeabi_f2iz
 *fill*         0x1000af1e        0x2 
 .text.float2int
                0x1000af20       0x14 CMakeFiles/SUPERGAMEPAD_RP2040.dir/C_/Program_Files/Raspberry_Pi/Pico_SDK_v1.5.1/pico-sdk/src/rp2_common/pico_float/float_aeabi.S.obj
                0x1000af20                float2int
 .text.__wrap___aeabi_f2uiz
                0x1000af34       0x10 CMakeFiles/SUPERGAMEPAD_RP2040.dir/C_/Program_Files/Raspberry_Pi/Pico_SDK_v1.5.1/pico-sdk/src/rp2_common/pico_float/float_aeabi.S.obj
                0x1000af34                __wrap___aeabi_f2uiz
 .text.__wrap___aeabi_f2d
                0x1000af44       0x14 CMakeFiles/SUPERGAMEPAD_RP2040.dir/C_/Program_Files/Raspberry_Pi/Pico_SDK_v1.5.1/pico-sdk/src/rp2_common/pico_float/float_aeabi.S.obj
                0x1000af44                __wrap___aeabi_f2d
 .text.__wrap_sqrtf
                0x1000af58       0x24 CMakeFiles/SUPERGAMEPAD_RP2040.dir/C_/Program_Files/Raspberry_Pi/Pico_SDK_v1.5.1/pico-sdk/src/rp2_common/pico_float/float_aeabi.S.obj
                0x1000af58                __wrap_sqrtf
 .text.__wrap_atan2f
                0x1000af7c       0x14 CMakeFiles/SUPERGAMEPAD_RP2040.dir/C_/Program_Files/Raspberry_Pi/Pico_SDK_v1.5.1/pico-sdk/src/rp2_common/pico_float/float_aeabi.S.obj
                0x1000af7c                __wrap_atan2f
 .text.__aeabi_float_init
                0x1000af90       0xfc CMakeFiles/SUPERGAMEPAD_RP2040.dir/C_/Program_Files/Raspberry_Pi/Pico_SDK_v1.5.1/pico-sdk/src/rp2_common/pico_float/float_init_rom.c.obj
                0x1000af90                __aeabi_float_init
 .text.__wrap_roundf
                0x1000b08c       0x3e CMakeFiles/SUPERGAMEPAD_RP2040.dir/C_/Program_Files/Raspberry_Pi/Pico_SDK_v1.5.1/pico-sdk/src/rp2_common/pico_float/float_math.c.obj
                0x1000b08c                __wrap_roundf
 *fill*         0x1000b0ca        0x2 
 .text.float_table_shim_on_use_helper
                0x1000b0cc       0x34 CMakeFiles/SUPERGAMEPAD_RP2040.dir/C_/Program_Files/Raspberry_Pi/Pico_SDK_v1.5.1/pico-sdk/src/rp2_common/pico_float/float_v1_rom_shim.S.obj
                0x1000b0cc                float_table_shim_on_use_helper
 .text.fatan2_shim
                0x1000b100       0x88 CMakeFiles/SUPERGAMEPAD_RP2040.dir/C_/Program_Files/Raspberry_Pi/Pico_SDK_v1.5.1/pico-sdk/src/rp2_common/pico_float/float_v1_rom_shim.S.obj
                0x1000b100                fatan2_shim
 .text.float232_shims
                0x1000b188       0x18 CMakeFiles/SUPERGAMEPAD_RP2040.dir/C_/Program_Files/Raspberry_Pi/Pico_SDK_v1.5.1/pico-sdk/src/rp2_common/pico_float/float_v1_rom_shim.S.obj
                0x1000b188                float2int_shim
                0x1000b18a                float2fix_shim
 .text.float2double_shim
                0x1000b1a0       0x30 CMakeFiles/SUPERGAMEPAD_RP2040.dir/C_/Program_Files/Raspberry_Pi/Pico_SDK_v1.5.1/pico-sdk/src/rp2_common/pico_float/float_v1_rom_shim.S.obj
                0x1000b1a0                float2double_shim
 .text          0x1000b1d0       0x10 CMakeFiles/SUPERGAMEPAD_RP2040.dir/C_/Program_Files/Raspberry_Pi/Pico_SDK_v1.5.1/pico-sdk/src/rp2_common/pico_mem_ops/mem_ops_aeabi.S.obj
                0x1000b1d0                __aeabi_mem_init
 .text.memset   0x1000b1e0        0xc CMakeFiles/SUPERGAMEPAD_RP2040.dir/C_/Program_Files/Raspberry_Pi/Pico_SDK_v1.5.1/pico-sdk/src/rp2_common/pico_mem_ops/mem_ops_aeabi.S.obj
                0x1000b1e0                __wrap_memset
 .text.memcpy   0x1000b1ec        0xc CMakeFiles/SUPERGAMEPAD_RP2040.dir/C_/Program_Files/Raspberry_Pi/Pico_SDK_v1.5.1/pico-sdk/src/rp2_common/pico_mem_ops/mem_ops_aeabi.S.obj
                0x1000b1ec                __wrap_memcpy
                0x1000b1ec                __wrap___aeabi_memcpy
 .text.stdio_out_chars_no_crlf
                0x1000b1f8        0xe CMakeFiles/SUPERGAMEPAD_RP2040.dir/C_/Program_Files/Raspberry_Pi/Pico_SDK_v1.5.1/pico-sdk/src/rp2_common/pico_stdio/stdio.c.obj
 *fill*         0x1000b206        0x2 
 .text.stdio_out_chars_crlf
                0x1000b208       0x80 CMakeFiles/SUPERGAMEPAD_RP2040.dir/C_/Program_Files/Raspberry_Pi/Pico_SDK_v1.5.1/pico-sdk/src/rp2_common/pico_stdio/stdio.c.obj
 .text.stdio_stack_buffer_flush
                0x1000b288       0x44 CMakeFiles/SUPERGAMEPAD_RP2040.dir/C_/Program_Files/Raspberry_Pi/Pico_SDK_v1.5.1/pico-sdk/src/rp2_common/pico_stdio/stdio.c.obj
 .text.stdio_buffered_printer
                0x1000b2cc       0x20 CMakeFiles/SUPERGAMEPAD_RP2040.dir/C_/Program_Files/Raspberry_Pi/Pico_SDK_v1.5.1/pico-sdk/src/rp2_common/pico_stdio/stdio.c.obj
 .text.stdout_serialize_begin
                0x1000b2ec       0x5c CMakeFiles/SUPERGAMEPAD_RP2040.dir/C_/Program_Files/Raspberry_Pi/Pico_SDK_v1.5.1/pico-sdk/src/rp2_common/pico_stdio/stdio.c.obj
                0x1000b2ec                stdout_serialize_begin
 .text.stdout_serialize_end
                0x1000b348       0x10 CMakeFiles/SUPERGAMEPAD_RP2040.dir/C_/Program_Files/Raspberry_Pi/Pico_SDK_v1.5.1/pico-sdk/src/rp2_common/pico_stdio/stdio.c.obj
                0x1000b348                stdout_serialize_end
 .text.stdio_put_string
                0x1000b358       0x98 CMakeFiles/SUPERGAMEPAD_RP2040.dir/C_/Program_Files/Raspberry_Pi/Pico_SDK_v1.5.1/pico-sdk/src/rp2_common/pico_stdio/stdio.c.obj
 .text.__wrap_putchar
                0x1000b3f0       0x1c CMakeFiles/SUPERGAMEPAD_RP2040.dir/C_/Program_Files/Raspberry_Pi/Pico_SDK_v1.5.1/pico-sdk/src/rp2_common/pico_stdio/stdio.c.obj
                0x1000b3f0                __wrap_putchar
 .text.stdio_set_driver_enabled
                0x1000b40c       0x2c CMakeFiles/SUPERGAMEPAD_RP2040.dir/C_/Program_Files/Raspberry_Pi/Pico_SDK_v1.5.1/pico-sdk/src/rp2_common/pico_stdio/stdio.c.obj
                0x1000b40c                stdio_set_driver_enabled
 .text.stdio_flush
                0x1000b438       0x20 CMakeFiles/SUPERGAMEPAD_RP2040.dir/C_/Program_Files/Raspberry_Pi/Pico_SDK_v1.5.1/pico-sdk/src/rp2_common/pico_stdio/stdio.c.obj
                0x1000b438                stdio_flush
 .text.__wrap_puts
                0x1000b458       0x1e CMakeFiles/SUPERGAMEPAD_RP2040.dir/C_/Program_Files/Raspberry_Pi/Pico_SDK_v1.5.1/pico-sdk/src/rp2_common/pico_stdio/stdio.c.obj
                0x1000b458                __wrap_puts
 *fill*         0x1000b476        0x2 
 .text.__wrap_vprintf
                0x1000b478       0x40 CMakeFiles/SUPERGAMEPAD_RP2040.dir/C_/Program_Files/Raspberry_Pi/Pico_SDK_v1.5.1/pico-sdk/src/rp2_common/pico_stdio/stdio.c.obj
                0x1000b478                __wrap_vprintf
 .text.__wrap_printf
                0x1000b4b8       0x18 CMakeFiles/SUPERGAMEPAD_RP2040.dir/C_/Program_Files/Raspberry_Pi/Pico_SDK_v1.5.1/pico-sdk/src/rp2_common/pico_stdio/stdio.c.obj
                0x1000b4b8                __wrap_printf
 .text.stdio_init_all
                0x1000b4d0        0xa CMakeFiles/SUPERGAMEPAD_RP2040.dir/C_/Program_Files/Raspberry_Pi/Pico_SDK_v1.5.1/pico-sdk/src/rp2_common/pico_stdio/stdio.c.obj
                0x1000b4d0                stdio_init_all
 *fill*         0x1000b4da        0x2 
 .text.stdio_uart_out_chars
                0x1000b4dc       0x74 CMakeFiles/SUPERGAMEPAD_RP2040.dir/C_/Program_Files/Raspberry_Pi/Pico_SDK_v1.5.1/pico-sdk/src/rp2_common/pico_stdio_uart/stdio_uart.c.obj
 .text.stdio_uart_in_chars
                0x1000b550       0x80 CMakeFiles/SUPERGAMEPAD_RP2040.dir/C_/Program_Files/Raspberry_Pi/Pico_SDK_v1.5.1/pico-sdk/src/rp2_common/pico_stdio_uart/stdio_uart.c.obj
                0x1000b550                stdio_uart_in_chars
 .text.on_uart_rx
                0x1000b5d0       0x28 CMakeFiles/SUPERGAMEPAD_RP2040.dir/C_/Program_Files/Raspberry_Pi/Pico_SDK_v1.5.1/pico-sdk/src/rp2_common/pico_stdio_uart/stdio_uart.c.obj
 .text.stdio_uart_set_chars_available_callback
                0x1000b5f8       0x8c CMakeFiles/SUPERGAMEPAD_RP2040.dir/C_/Program_Files/Raspberry_Pi/Pico_SDK_v1.5.1/pico-sdk/src/rp2_common/pico_stdio_uart/stdio_uart.c.obj
 .text.stdio_uart_init_full
                0x1000b684       0x44 CMakeFiles/SUPERGAMEPAD_RP2040.dir/C_/Program_Files/Raspberry_Pi/Pico_SDK_v1.5.1/pico-sdk/src/rp2_common/pico_stdio_uart/stdio_uart.c.obj
                0x1000b684                stdio_uart_init_full
 .text.stdio_uart_init
                0x1000b6c8       0x28 CMakeFiles/SUPERGAMEPAD_RP2040.dir/C_/Program_Files/Raspberry_Pi/Pico_SDK_v1.5.1/pico-sdk/src/rp2_common/pico_stdio_uart/stdio_uart.c.obj
                0x1000b6c8                stdio_uart_init
 .text.core1_trampoline
                0x1000b6f0        0x2 CMakeFiles/SUPERGAMEPAD_RP2040.dir/C_/Program_Files/Raspberry_Pi/Pico_SDK_v1.5.1/pico-sdk/src/rp2_common/pico_multicore/multicore.c.obj
 .text.core1_wrapper
                0x1000b6f2        0xc CMakeFiles/SUPERGAMEPAD_RP2040.dir/C_/Program_Files/Raspberry_Pi/Pico_SDK_v1.5.1/pico-sdk/src/rp2_common/pico_multicore/multicore.c.obj
                0x1000b6f2                core1_wrapper
 *fill*         0x1000b6fe        0x2 
 .text.check_lockout_mutex_init
                0x1000b700       0x24 CMakeFiles/SUPERGAMEPAD_RP2040.dir/C_/Program_Files/Raspberry_Pi/Pico_SDK_v1.5.1/pico-sdk/src/rp2_common/pico_multicore/multicore.c.obj
 .text.multicore_fifo_push_blocking
                0x1000b724       0x14 CMakeFiles/SUPERGAMEPAD_RP2040.dir/C_/Program_Files/Raspberry_Pi/Pico_SDK_v1.5.1/pico-sdk/src/rp2_common/pico_multicore/multicore.c.obj
                0x1000b724                multicore_fifo_push_blocking
 .text.multicore_fifo_push_timeout_us
                0x1000b738       0x98 CMakeFiles/SUPERGAMEPAD_RP2040.dir/C_/Program_Files/Raspberry_Pi/Pico_SDK_v1.5.1/pico-sdk/src/rp2_common/pico_multicore/multicore.c.obj
                0x1000b738                multicore_fifo_push_timeout_us
 .text.multicore_fifo_pop_blocking
                0x1000b7d0       0x16 CMakeFiles/SUPERGAMEPAD_RP2040.dir/C_/Program_Files/Raspberry_Pi/Pico_SDK_v1.5.1/pico-sdk/src/rp2_common/pico_multicore/multicore.c.obj
                0x1000b7d0                multicore_fifo_pop_blocking
 *fill*         0x1000b7e6        0x2 
 .text.multicore_fifo_pop_timeout_us
                0x1000b7e8       0x9c CMakeFiles/SUPERGAMEPAD_RP2040.dir/C_/Program_Files/Raspberry_Pi/Pico_SDK_v1.5.1/pico-sdk/src/rp2_common/pico_multicore/multicore.c.obj
                0x1000b7e8                multicore_fifo_pop_timeout_us
 .text.multicore_lockout_handshake
                0x1000b884       0xc0 CMakeFiles/SUPERGAMEPAD_RP2040.dir/C_/Program_Files/Raspberry_Pi/Pico_SDK_v1.5.1/pico-sdk/src/rp2_common/pico_multicore/multicore.c.obj
 .text.multicore_lockout_start_block_until
                0x1000b944       0x60 CMakeFiles/SUPERGAMEPAD_RP2040.dir/C_/Program_Files/Raspberry_Pi/Pico_SDK_v1.5.1/pico-sdk/src/rp2_common/pico_multicore/multicore.c.obj
 .text.multicore_lockout_end_block_until
                0x1000b9a4       0x7c CMakeFiles/SUPERGAMEPAD_RP2040.dir/C_/Program_Files/Raspberry_Pi/Pico_SDK_v1.5.1/pico-sdk/src/rp2_common/pico_multicore/multicore.c.obj
 .text.multicore_launch_core1_raw
                0x1000ba20       0x6e CMakeFiles/SUPERGAMEPAD_RP2040.dir/C_/Program_Files/Raspberry_Pi/Pico_SDK_v1.5.1/pico-sdk/src/rp2_common/pico_multicore/multicore.c.obj
                0x1000ba20                multicore_launch_core1_raw
 *fill*         0x1000ba8e        0x2 
 .text.multicore_launch_core1_with_stack
                0x1000ba90       0x50 CMakeFiles/SUPERGAMEPAD_RP2040.dir/C_/Program_Files/Raspberry_Pi/Pico_SDK_v1.5.1/pico-sdk/src/rp2_common/pico_multicore/multicore.c.obj
                0x1000ba90                multicore_launch_core1_with_stack
 .text.multicore_launch_core1
                0x1000bae0       0x24 CMakeFiles/SUPERGAMEPAD_RP2040.dir/C_/Program_Files/Raspberry_Pi/Pico_SDK_v1.5.1/pico-sdk/src/rp2_common/pico_multicore/multicore.c.obj
                0x1000bae0                multicore_launch_core1
 .text.multicore_lockout_victim_init
                0x1000bb04       0x30 CMakeFiles/SUPERGAMEPAD_RP2040.dir/C_/Program_Files/Raspberry_Pi/Pico_SDK_v1.5.1/pico-sdk/src/rp2_common/pico_multicore/multicore.c.obj
                0x1000bb04                multicore_lockout_victim_init
 .text.multicore_lockout_start_blocking
                0x1000bb34       0x14 CMakeFiles/SUPERGAMEPAD_RP2040.dir/C_/Program_Files/Raspberry_Pi/Pico_SDK_v1.5.1/pico-sdk/src/rp2_common/pico_multicore/multicore.c.obj
                0x1000bb34                multicore_lockout_start_blocking
 .text.multicore_lockout_end_blocking
                0x1000bb48       0x14 CMakeFiles/SUPERGAMEPAD_RP2040.dir/C_/Program_Files/Raspberry_Pi/Pico_SDK_v1.5.1/pico-sdk/src/rp2_common/pico_multicore/multicore.c.obj
                0x1000bb48                multicore_lockout_end_blocking
 .text.splitmix64
                0x1000bb5c       0x5c CMakeFiles/SUPERGAMEPAD_RP2040.dir/C_/Program_Files/Raspberry_Pi/Pico_SDK_v1.5.1/pico-sdk/src/rp2_common/pico_rand/rand.c.obj
 .text.sdbm_hash64_sram
                0x1000bbb8       0x64 CMakeFiles/SUPERGAMEPAD_RP2040.dir/C_/Program_Files/Raspberry_Pi/Pico_SDK_v1.5.1/pico-sdk/src/rp2_common/pico_rand/rand.c.obj
 .text.xoroshiro128ss
                0x1000bc1c       0xb8 CMakeFiles/SUPERGAMEPAD_RP2040.dir/C_/Program_Files/Raspberry_Pi/Pico_SDK_v1.5.1/pico-sdk/src/rp2_common/pico_rand/rand.c.obj
 .text.capture_additional_rosc_samples
                0x1000bcd4      0x1a4 CMakeFiles/SUPERGAMEPAD_RP2040.dir/C_/Program_Files/Raspberry_Pi/Pico_SDK_v1.5.1/pico-sdk/src/rp2_common/pico_rand/rand.c.obj
 .text.initialise_rand
                0x1000be78      0x118 CMakeFiles/SUPERGAMEPAD_RP2040.dir/C_/Program_Files/Raspberry_Pi/Pico_SDK_v1.5.1/pico-sdk/src/rp2_common/pico_rand/rand.c.obj
 .text.get_rand_64
                0x1000bf90      0x11c CMakeFiles/SUPERGAMEPAD_RP2040.dir/C_/Program_Files/Raspberry_Pi/Pico_SDK_v1.5.1/pico-sdk/src/rp2_common/pico_rand/rand.c.obj
                0x1000bf90                get_rand_64
 .text.get_rand_32
                0x1000c0ac        0x8 CMakeFiles/SUPERGAMEPAD_RP2040.dir/C_/Program_Files/Raspberry_Pi/Pico_SDK_v1.5.1/pico-sdk/src/rp2_common/pico_rand/rand.c.obj
                0x1000c0ac                get_rand_32
 .text._retrieve_unique_id_on_boot
                0x1000c0b4       0x10 CMakeFiles/SUPERGAMEPAD_RP2040.dir/C_/Program_Files/Raspberry_Pi/Pico_SDK_v1.5.1/pico-sdk/src/rp2_common/pico_unique_id/unique_id.c.obj
 .text.pico_get_unique_board_id